\BOOKMARK [0][-]{chapter.1}{\376\377\176\352\213\272}{}% 1
\BOOKMARK [1][-]{section.1.1}{\376\377\170\024\172\166\200\314\146\157\116\016\141\017\116\111}{chapter.1}% 2
\BOOKMARK [1][-]{section.1.2}{\376\377\126\375\121\205\131\026\170\024\172\166\163\260\162\266}{chapter.1}% 3
\BOOKMARK [1][-]{section.1.3}{\376\377\213\272\145\207\116\073\211\201\135\345\117\134}{chapter.1}% 4
\BOOKMARK [1][-]{section.1.4}{\376\377\213\272\145\207\176\304\176\307\116\016\176\323\147\204}{chapter.1}% 5
\BOOKMARK [0][-]{chapter.2}{\376\377\166\370\121\163\142\200\147\057\176\374\217\360}{}% 6
\BOOKMARK [1][-]{section.2.1}{\376\377\131\047\213\355\212\000\152\041\127\213\143\250\164\006\147\266\147\204\166\204\170\154\116\366\147\201\226\120\116\016\174\373\176\337\176\247\172\201\126\364}{chapter.2}% 7
\BOOKMARK [2][-]{subsection.2.1.1}{\376\377\136\225\134\102\170\154\116\366\122\066\176\246\116\016\147\266\147\204\122\006\147\220}{section.2.1}% 8
\BOOKMARK [2][-]{subsection.2.1.2}{\376\377\136\224\133\371\121\205\133\130\123\161\147\072\116\016\217\271\177\030\220\350\177\162\145\271\150\110}{section.2.1}% 9
\BOOKMARK [2][-]{subsection.2.1.3}{\376\377\000A\000I\000\040\127\372\170\100\213\276\145\275\166\204\133\211\121\150\201\006\137\061\140\047\146\264\227\062}{section.2.1}% 10
\BOOKMARK [1][-]{section.2.2}{\376\377\000e\000B\000P\000F\377\032\221\315\130\121\000\040\000L\000i\000n\000u\000x\000\040\121\205\150\070\116\016\137\256\147\015\122\241\123\357\211\302\155\113\140\047\203\003\137\017}{chapter.2}% 11
\BOOKMARK [2][-]{subsection.2.2.1}{\376\377\000e\000B\000P\000F\000\040\127\372\170\100\147\266\147\204\116\016\150\070\137\303\145\160\143\156\117\040\217\223}{section.2.2}% 12
\BOOKMARK [2][-]{subsection.2.2.2}{\376\377\134\006\000\040\000e\000B\000P\000F\000\040\143\250\124\021\136\224\165\050\134\102\147\015\122\241\215\050\221\317\116\016\000\040\000A\000I\000\040\236\321\166\322}{section.2.2}% 13
\BOOKMARK [2][-]{subsection.2.2.3}{\376\377\121\205\150\070\140\001\211\302\155\113\142\100\136\046\147\145\166\204\174\373\176\337\176\247\133\211\121\150\133\371\142\227}{section.2.2}% 14
\BOOKMARK [1][-]{section.2.3}{\376\377\215\350\213\355\212\000\174\373\176\337\217\271\165\114\166\204\155\210\211\343\116\016\121\150\150\010\157\017\155\036\143\026\143\230\122\006\147\220}{chapter.2}% 15
\BOOKMARK [2][-]{subsection.2.3.1}{\376\377\000G\000o\000-\000C\000G\000O\000\040\116\222\144\315\117\134\116\016\155\367\124\010\126\376\214\061\221\315\136\372\173\126\165\145}{section.2.3}% 16
\BOOKMARK [2][-]{subsection.2.3.2}{\376\377\217\375\216\052\131\032\213\355\171\315\227\131\140\001\145\160\143\156\155\101\377\010\154\141\160\271\122\006\147\220\377\011\166\204\217\333\226\066\157\024\123\026}{section.2.3}% 17
\BOOKMARK [1][-]{section.2.4}{\376\377\122\250\140\001\116\214\217\333\122\066\143\322\150\151\117\123\174\373\166\204\136\225\134\102\133\211\121\150\127\372\167\363\117\134\165\050}{chapter.2}% 18
\BOOKMARK [2][-]{subsection.2.4.1}{\376\377\000D\000B\000I\000\040\166\204\217\173\221\317\176\247\220\017\146\016\140\047\116\016\147\266\147\204\176\337\116\000}{section.2.4}% 19
\BOOKMARK [2][-]{subsection.2.4.2}{\376\377\121\205\133\130\176\247\122\053\147\201\172\357\166\321\143\247\166\204\000"\137\161\133\120\000"\147\072\122\066\170\156\172\313}{section.2.4}% 20
\BOOKMARK [1][-]{section.2.5}{\376\377\147\054\172\340\134\017\176\323}{chapter.2}% 21
\BOOKMARK [0][-]{chapter.3}{\376\377\000H\000y\000b\000r\000i\000C\000h\000a\000i\000n\000\040\174\373\176\337\213\276\213\241}{}% 22
\BOOKMARK [1][-]{section.3.1}{\376\377\225\356\230\230\200\314\146\157}{chapter.3}% 23
\BOOKMARK [1][-]{section.3.2}{\376\377\213\276\213\241\166\356\150\007}{chapter.3}% 24
\BOOKMARK [1][-]{section.3.3}{\376\377\174\373\176\337\145\164\117\123\147\266\147\204}{chapter.3}% 25
\BOOKMARK [1][-]{section.3.4}{\376\377\121\375\145\160\214\003\165\050\217\375\216\052\145\271\150\110}{chapter.3}% 26
\BOOKMARK [2][-]{subsection.3.4.1}{\376\377\217\375\216\052\124\352\116\233\116\034\211\177}{section.3.4}% 27
\BOOKMARK [2][-]{subsection.3.4.2}{\376\377\143\242\224\210\145\076\177\156\117\115\177\156}{section.3.4}% 28
\BOOKMARK [2][-]{subsection.3.4.3}{\376\377\000e\000B\000P\000F\000\040\166\204\117\030\122\277}{section.3.4}% 29
\BOOKMARK [1][-]{section.3.5}{\376\377\145\160\143\156\226\115\126\152\116\016\116\213\116\366\211\343\147\220}{chapter.3}% 30
\BOOKMARK [1][-]{section.3.6}{\376\377\214\003\165\050\224\376\177\035\124\010}{chapter.3}% 31
\BOOKMARK [1][-]{section.3.7}{\376\377\215\350\213\355\212\000\173\046\123\367\122\006\174\173\117\123\174\373}{chapter.3}% 32
\BOOKMARK [1][-]{section.3.8}{\376\377\137\002\136\070\150\300\155\113\211\304\122\031}{chapter.3}% 33
\BOOKMARK [1][-]{section.3.9}{\376\377\147\054\172\340\134\017\176\323}{chapter.3}% 34
\BOOKMARK [0][-]{chapter.4}{\376\377\000H\000y\000b\000r\000i\000C\000h\000a\000i\000n\000\040\133\236\163\260\145\271\150\110}{}% 35
\BOOKMARK [1][-]{section.4.1}{\376\377\000O\000l\000l\000a\000m\000a\000\040\217\375\216\052\166\204\162\171\153\212\225\356\230\230}{chapter.4}% 36
\BOOKMARK [1][-]{section.4.2}{\376\377\000e\000B\000P\000F\000\040\217\375\216\052\201\032\147\054\166\204\121\167\117\123\133\236\163\260}{chapter.4}% 37
\BOOKMARK [2][-]{subsection.4.2.1}{\376\377\000u\000p\000r\000o\000b\000e\000\040\143\002\217\175\166\204\121\167\117\123\121\375\145\160}{section.4.2}% 38
\BOOKMARK [2][-]{subsection.4.2.2}{\376\377\174\373\176\337\214\003\165\050\000\040\000t\000r\000a\000c\000e\000p\000o\000i\000n\000t\000\040\166\204\121\167\117\123\221\115\177\156}{section.4.2}% 39
\BOOKMARK [2][-]{subsection.4.2.3}{\376\377\000G\000o\000\040\121\375\145\160\116\015\123\357\143\002\000\040\000u\000r\000e\000t\000p\000r\000o\000b\000e\000\040\166\204\131\004\164\006\145\271\137\017}{section.4.2}% 40
\BOOKMARK [1][-]{section.4.3}{\376\377\145\160\143\156\211\343\147\220\201\032\147\054\166\204\121\167\117\123\133\236\163\260}{chapter.4}% 41
\BOOKMARK [1][-]{section.4.4}{\376\377\227\131\140\001\173\046\123\367\143\320\123\326\166\204\121\167\117\123\133\236\163\260}{chapter.4}% 42
\BOOKMARK [1][-]{section.4.5}{\376\377\177\035\124\010\152\041\127\127\166\204\121\167\117\123\133\236\163\260}{chapter.4}% 43
\BOOKMARK [1][-]{section.4.6}{\376\377\137\002\136\070\150\300\155\113\211\304\122\031\166\204\121\167\117\123\133\236\163\260}{chapter.4}% 44
\BOOKMARK [1][-]{section.4.7}{\376\377\133\214\145\164\217\375\216\052\155\101\172\013}{chapter.4}% 45
\BOOKMARK [1][-]{section.4.8}{\376\377\147\054\172\340\134\017\176\323}{chapter.4}% 46
\BOOKMARK [0][-]{chapter.5}{\376\377\133\236\232\214\213\276\213\241\116\016\176\323\147\234\122\006\147\220}{}% 47
\BOOKMARK [1][-]{section.5.1}{\376\377\133\236\232\214\163\257\130\203}{chapter.5}% 48
\BOOKMARK [1][-]{section.5.2}{\376\377\214\003\165\050\224\376\177\035\124\010\121\306\170\156\140\047\232\214\213\301}{chapter.5}% 49
\BOOKMARK [2][-]{subsection.5.2.1}{\376\377\000G\000r\000o\000u\000n\000d\000\040\000T\000r\000u\000t\000h\000\040\127\372\121\306\145\160\143\156\226\306}{section.5.2}% 50
\BOOKMARK [2][-]{subsection.5.2.2}{\376\377\177\035\124\010\213\304\117\060\176\323\147\234}{section.5.2}% 51
\BOOKMARK [2][-]{subsection.5.2.3}{\376\377\177\035\124\010\176\323\147\234\000\040\000L\000i\000s\000t\000i\000n\000g}{section.5.2}% 52
\BOOKMARK [1][-]{section.5.3}{\376\377\000e\000B\000P\000F\000\040\217\375\216\052\133\371\143\250\164\006\140\047\200\375\166\204\137\161\124\315\213\304\117\060}{chapter.5}% 53
\BOOKMARK [2][-]{subsection.5.3.1}{\376\377\143\250\164\006\145\366\136\366\377\010\000T\000T\000F\000T\377\011\137\161\124\315\122\006\147\220}{section.5.3}% 54
\BOOKMARK [2][-]{subsection.5.3.2}{\376\377\121\205\133\130\123\140\165\050\122\006\147\220}{section.5.3}% 55
\BOOKMARK [1][-]{section.5.4}{\376\377\145\160\143\156\156\005\155\027\155\101\154\064\176\277\145\110\163\207\122\006\147\220}{chapter.5}% 56
\BOOKMARK [2][-]{subsection.5.4.1}{\376\377\116\213\116\366\123\213\177\051\145\110\147\234}{section.5.4}% 57
\BOOKMARK [2][-]{subsection.5.4.2}{\376\377\122\006\147\220\131\004\164\006\220\037\136\246}{section.5.4}% 58
\BOOKMARK [2][-]{subsection.5.4.3}{\376\377\217\307\156\344\153\143\170\156\140\047\232\214\213\301}{section.5.4}% 59
\BOOKMARK [1][-]{section.5.5}{\376\377\174\373\176\337\214\003\165\050\122\006\136\003\116\016\143\250\164\006\226\066\153\265\122\006\147\220}{chapter.5}% 60
\BOOKMARK [2][-]{subsection.5.5.1}{\376\377\174\373\176\337\214\003\165\050\122\006\136\003\162\171\137\201}{section.5.5}% 61
\BOOKMARK [2][-]{subsection.5.5.2}{\376\377\143\250\164\006\226\066\153\265\122\022\122\006}{section.5.5}% 62
\BOOKMARK [1][-]{section.5.6}{\376\377\137\002\136\070\210\114\116\072\123\321\163\260\116\016\150\110\117\213\122\006\147\220}{chapter.5}% 63
\BOOKMARK [2][-]{subsection.5.6.1}{\376\377\137\002\136\070\124\112\213\146\150\300\155\113\176\323\147\234}{section.5.6}% 64
\BOOKMARK [2][-]{subsection.5.6.2}{\376\377\121\170\127\213\150\110\117\213\122\006\147\220}{section.5.6}% 65
\BOOKMARK [1][-]{section.5.7}{\376\377\000H\000y\000b\000r\000i\000C\000h\000a\000i\000n\000\040\176\374\124\010\213\304\117\060}{chapter.5}% 66
\BOOKMARK [1][-]{section.5.8}{\376\377\147\054\172\340\134\017\176\323}{chapter.5}% 67
\BOOKMARK [0][-]{chapter.6}{\376\377\140\073\176\323\116\016\134\125\147\033}{}% 68
\BOOKMARK [1][-]{section.6.1}{\376\377\213\272\145\207\135\345\117\134\140\073\176\323}{chapter.6}% 69
\BOOKMARK [1][-]{section.6.2}{\376\377\170\024\172\166\134\100\226\120\116\016\116\015\215\263}{chapter.6}% 70
\BOOKMARK [1][-]{section.6.3}{\376\377\147\052\147\145\135\345\117\134\134\125\147\033}{chapter.6}% 71
\BOOKMARK [1][-]{section.6.4}{\376\377\147\054\172\340\134\017\176\323}{chapter.6}% 72
\BOOKMARK [0][-]{section*.17}{\376\377\123\302\200\003\145\207\163\056}{}% 73
\BOOKMARK [0][-]{section*.18}{\376\377\130\360\000\040\146\016}{}% 74
\BOOKMARK [0][-]{section*.19}{\376\377\133\146\117\115\213\272\145\207\117\177\165\050\143\210\147\103\116\146}{}% 75
\BOOKMARK [0][-]{section*.20}{\376\377\126\333\135\335\131\047\133\146\147\054\171\321\153\325\116\032\213\272\145\207\000\040\000A\000I\000\040\135\345\121\167\117\177\165\050\130\360\146\016}{}% 76
\BOOKMARK [0][-]{section*.25}{\376\377\201\364\000\040\214\042}{}% 77
