[?2026h[?25l[1Gpulling manifest ⠋ [K[?25h[?2026l[?2026h[?25l[1Gpulling manifest ⠹ [K[?25h[?2026l[?2026h[?25l[1Gpulling manifest ⠸ [K[?25h[?2026l[?2026h[?25l[1Gpulling manifest ⠸ [K[?25h[?2026l[?2026h[?25l[1Gpulling manifest ⠼ [K[?25h[?2026l[?2026h[?25l[1Gpulling manifest ⠦ [K[?25h[?2026l[?2026h[?25l[1Gpulling manifest ⠦ [K[?25h[?2026l[?2026h[?25l[1Gpulling manifest ⠧ [K[?25h[?2026l[?2026h[?25l[1Gpulling manifest ⠏ [K[?25h[?2026l[?2026h[?25l[1Gpulling manifest ⠋ [K[?25h[?2026l[?2026h[?25l[1Gpulling manifest ⠋ [K[?25h[?2026l[?2026h[?25l[1Gpulling manifest ⠙ [K[?25h[?2026l[?2026h[?25l[1Gpulling manifest ⠹ [K[?25h[?2026l[?2026h[?25l[1Gpulling manifest ⠼ [K[?25h[?2026l[?2026h[?25l[1Gpulling manifest ⠼ [K[?25h[?2026l[?2026h[?25l[1Gpulling manifest ⠴ [K[?25h[?2026l[?2026h[?25l[1Gpulling manifest ⠦ [K[?25h[?2026l[?2026h[?25l[1Gpulling manifest ⠇ [K[?25h[?2026l[?2026h[?25l[1Gpulling manifest ⠇ [K[?25h[?2026l[?2026h[?25l[1Gpulling manifest ⠏ [K[?25h[?2026l[?2026h[?25l[1Gpulling manifest ⠋ [K[?25h[?2026l[?2026h[?25l[1Gpulling manifest ⠹ [K[?25h[?2026l[?2026h[?25l[1Gpulling manifest ⠸ [K[?25h[?2026l[?2026h[?25l[1Gpulling manifest ⠸ [K[?25h[?2026l[?2026h[?25l[1Gpulling manifest ⠼ [K[?25h[?2026l[?2026h[?25l[1Gpulling manifest ⠴ [K[?25h[?2026l[?2026h[?25l[1Gpulling manifest ⠧ [K[?25h[?2026l[?2026h[?25l[1Gpulling manifest ⠧ [K[?25h[?2026l[?2026h[?25l[1Gpulling manifest [K
pulling fad2a06e4cc7:   0% ▕                  ▏  33 KB/394 MB                  [K[?25h[?2026l[?2026h[?25l[A[1Gpulling manifest [K
pulling fad2a06e4cc7:   0% ▕                  ▏ 327 KB/394 MB                  [K[?25h[?2026l[?2026h[?25l[A[1Gpulling manifest [K
pulling fad2a06e4cc7:   0% ▕                  ▏ 989 KB/394 MB                  [K[?25h[?2026l[?2026h[?25l[A[1Gpulling manifest [K
pulling fad2a06e4cc7:   0% ▕                  ▏ 1.5 MB/394 MB                  [K[?25h[?2026l[?2026h[?25l[A[1Gpulling manifest [K
pulling fad2a06e4cc7:   1% ▕                  ▏ 2.1 MB/394 MB                  [K[?25h[?2026l[?2026h[?25l[A[1Gpulling manifest [K
pulling fad2a06e4cc7:   1% ▕                  ▏ 2.1 MB/394 MB                  [K[?25h[?2026l[?2026h[?25l[A[1Gpulling manifest [K
pulling fad2a06e4cc7:   1% ▕                  ▏ 2.4 MB/394 MB                  [K[?25h[?2026l[?2026h[?25l[A[1Gpulling manifest [K
pulling fad2a06e4cc7:   1% ▕                  ▏ 2.8 MB/394 MB                  [K[?25h[?2026l[?2026h[?25l[A[1Gpulling manifest [K
pulling fad2a06e4cc7:   1% ▕                  ▏ 2.8 MB/394 MB                  [K[?25h[?2026l[?2026h[?25l[A[1Gpulling manifest [K
pulling fad2a06e4cc7:   1% ▕                  ▏ 3.0 MB/394 MB                  [K[?25h[?2026l[?2026h[?25l[A[1Gpulling manifest [K
pulling fad2a06e4cc7:   1% ▕                  ▏ 3.3 MB/394 MB  3.2 MB/s    2m0s[K[?25h[?2026l[?2026h[?25l[A[1Gpulling manifest [K
pulling fad2a06e4cc7:   1% ▕                  ▏ 4.3 MB/394 MB  3.2 MB/s    2m0s[K[?25h[?2026l[?2026h[?25l[A[1Gpulling manifest [K
pulling fad2a06e4cc7:   1% ▕                  ▏ 4.8 MB/394 MB  3.2 MB/s    2m0s[K[?25h[?2026l[?2026h[?25l[A[1Gpulling manifest [K
pulling fad2a06e4cc7:   1% ▕                  ▏ 5.3 MB/394 MB  3.2 MB/s    2m0s[K[?25h[?2026l[?2026h[?25l[A[1Gpulling manifest [K
pulling fad2a06e4cc7:   1% ▕                  ▏ 5.9 MB/394 MB  3.2 MB/s   1m59s[K[?25h[?2026l[?2026h[?25l[A[1Gpulling manifest [K
pulling fad2a06e4cc7:   2% ▕                  ▏ 6.1 MB/394 MB  3.2 MB/s   1m59s[K[?25h[?2026l[?2026h[?25l[A[1Gpulling manifest [K
pulling fad2a06e4cc7:   2% ▕                  ▏ 7.0 MB/394 MB  3.2 MB/s   1m59s[K[?25h[?2026l[?2026h[?25l[A[1Gpulling manifest [K
pulling fad2a06e4cc7:   2% ▕                  ▏ 7.7 MB/394 MB  3.2 MB/s   1m59s[K[?25h[?2026l[?2026h[?25l[A[1Gpulling manifest [K
pulling fad2a06e4cc7:   2% ▕                  ▏ 8.1 MB/394 MB  3.2 MB/s   1m59s[K[?25h[?2026l[?2026h[?25l[A[1Gpulling manifest [K
pulling fad2a06e4cc7:   2% ▕                  ▏ 8.3 MB/394 MB  3.2 MB/s   1m59s[K[?25h[?2026l[?2026h[?25l[A[1Gpulling manifest [K
pulling fad2a06e4cc7:   2% ▕                  ▏ 9.0 MB/394 MB  4.5 MB/s   1m26s[K[?25h[?2026l[?2026h[?25l[A[1Gpulling manifest [K
pulling fad2a06e4cc7:   2% ▕                  ▏ 9.1 MB/394 MB  4.5 MB/s   1m26s[K[?25h[?2026l[?2026h[?25l[A[1Gpulling manifest [K
pulling fad2a06e4cc7:   3% ▕                  ▏  10 MB/394 MB  4.5 MB/s   1m26s[K[?25h[?2026l[?2026h[?25l[A[1Gpulling manifest [K
pulling fad2a06e4cc7:   3% ▕                  ▏  11 MB/394 MB  4.5 MB/s   1m26s[K[?25h[?2026l[?2026h[?25l[A[1Gpulling manifest [K
pulling fad2a06e4cc7:   3% ▕                  ▏  11 MB/394 MB  4.5 MB/s   1m26s[K[?25h[?2026l[?2026h[?25l[A[1Gpulling manifest [K
pulling fad2a06e4cc7:   3% ▕                  ▏  11 MB/394 MB  4.5 MB/s   1m25s[K[?25h[?2026l[?2026h[?25l[A[1Gpulling manifest [K
pulling fad2a06e4cc7:   3% ▕                  ▏  12 MB/394 MB  4.5 MB/s   1m25s[K[?25h[?2026l[?2026h[?25l[A[1Gpulling manifest [K
pulling fad2a06e4cc7:   3% ▕                  ▏  12 MB/394 MB  4.5 MB/s   1m25s[K[?25h[?2026l[?2026h[?25l[A[1Gpulling manifest [K
pulling fad2a06e4cc7:   3% ▕                  ▏  13 MB/394 MB  4.5 MB/s   1m25s[K[?25h[?2026l[?2026h[?25l[A[1Gpulling manifest [K
pulling fad2a06e4cc7:   3% ▕                  ▏  13 MB/394 MB  4.5 MB/s   1m25s[K[?25h[?2026l[?2026h[?25l[A[1Gpulling manifest [K
pulling fad2a06e4cc7:   4% ▕                  ▏  14 MB/394 MB  4.8 MB/s   1m19s[K[?25h[?2026l[?2026h[?25l[A[1Gpulling manifest [K
pulling fad2a06e4cc7:   4% ▕                  ▏  14 MB/394 MB  4.8 MB/s   1m18s[K[?25h[?2026l[?2026h[?25l[A[1Gpulling manifest [K
pulling fad2a06e4cc7:   4% ▕                  ▏  15 MB/394 MB  4.8 MB/s   1m18s[K[?25h[?2026l[?2026h[?25l[A[1Gpulling manifest [K
pulling fad2a06e4cc7:   4% ▕                  ▏  15 MB/394 MB  4.8 MB/s   1m18s[K[?25h[?2026l[?2026h[?25l[A[1Gpulling manifest [K
pulling fad2a06e4cc7:   4% ▕                  ▏  16 MB/394 MB  4.8 MB/s   1m18s[K[?25h[?2026l[?2026h[?25l[A[1Gpulling manifest [K
pulling fad2a06e4cc7:   4% ▕                  ▏  16 MB/394 MB  4.8 MB/s   1m18s[K[?25h[?2026l[?2026h[?25l[A[1Gpulling manifest [K
pulling fad2a06e4cc7:   4% ▕                  ▏  17 MB/394 MB  4.8 MB/s   1m18s[K[?25h[?2026l[?2026h[?25l[A[1Gpulling manifest [K
pulling fad2a06e4cc7:   4% ▕                  ▏  17 MB/394 MB  4.8 MB/s   1m18s[K[?25h[?2026l[?2026h[?25l[A[1Gpulling manifest [K
pulling fad2a06e4cc7:   5% ▕                  ▏  18 MB/394 MB  4.8 MB/s   1m18s[K[?25h[?2026l[?2026h[?25l[A[1Gpulling manifest [K
pulling fad2a06e4cc7:   5% ▕                  ▏  18 MB/394 MB  4.8 MB/s   1m18s[K[?25h[?2026l[?2026h[?25l[A[1Gpulling manifest [K
pulling fad2a06e4cc7:   5% ▕                  ▏  19 MB/394 MB  4.8 MB/s   1m18s[K[?25h[?2026l[?2026h[?25l[A[1Gpulling manifest [K
pulling fad2a06e4cc7:   5% ▕                  ▏  19 MB/394 MB  4.8 MB/s   1m17s[K[?25h[?2026l[?2026h[?25l[A[1Gpulling manifest [K
pulling fad2a06e4cc7:   5% ▕                  ▏  19 MB/394 MB  4.8 MB/s   1m17s[K[?25h[?2026l[?2026h[?25l[A[1Gpulling manifest [K
pulling fad2a06e4cc7:   5% ▕                  ▏  20 MB/394 MB  4.8 MB/s   1m17s[K[?25h[?2026l[?2026h[?25l[A[1Gpulling manifest [K
pulling fad2a06e4cc7:   5% ▕                  ▏  21 MB/394 MB  4.8 MB/s   1m17s[K[?25h[?2026l[?2026h[?25l[A[1Gpulling manifest [K
pulling fad2a06e4cc7:   5% ▕                  ▏  21 MB/394 MB  4.8 MB/s   1m17s[K[?25h[?2026l[?2026h[?25l[A[1Gpulling manifest [K
pulling fad2a06e4cc7:   6% ▕█                 ▏  22 MB/394 MB  4.8 MB/s   1m16s[K[?25h[?2026l[?2026h[?25l[A[1Gpulling manifest [K
pulling fad2a06e4cc7:   6% ▕█                 ▏  22 MB/394 MB  4.8 MB/s   1m16s[K[?25h[?2026l[?2026h[?25l[A[1Gpulling manifest [K
pulling fad2a06e4cc7:   6% ▕█                 ▏  22 MB/394 MB  4.8 MB/s   1m16s[K[?25h[?2026l[?2026h[?25l[A[1Gpulling manifest [K
pulling fad2a06e4cc7:   6% ▕█                 ▏  23 MB/394 MB  4.8 MB/s   1m16s[K[?25h[?2026l[?2026h[?25l[A[1Gpulling manifest [K
pulling fad2a06e4cc7:   6% ▕█                 ▏  23 MB/394 MB  4.8 MB/s   1m16s[K[?25h[?2026l[?2026h[?25l[A[1Gpulling manifest [K
pulling fad2a06e4cc7:   6% ▕█                 ▏  24 MB/394 MB  4.9 MB/s   1m16s[K[?25h[?2026l[?2026h[?25l[A[1Gpulling manifest [K
pulling fad2a06e4cc7:   6% ▕█                 ▏  25 MB/394 MB  4.9 MB/s   1m15s[K[?25h[?2026l[?2026h[?25l[A[1Gpulling manifest [K
pulling fad2a06e4cc7:   6% ▕█                 ▏  25 MB/394 MB  4.9 MB/s   1m15s[K[?25h[?2026l[?2026h[?25l[A[1Gpulling manifest [K
pulling fad2a06e4cc7:   7% ▕█                 ▏  25 MB/394 MB  4.9 MB/s   1m15s[K[?25h[?2026l[?2026h[?25l[A[1Gpulling manifest [K
pulling fad2a06e4cc7:   7% ▕█                 ▏  26 MB/394 MB  4.9 MB/s   1m15s[K[?25h[?2026l[?2026h[?25l[A[1Gpulling manifest [K
pulling fad2a06e4cc7:   7% ▕█                 ▏  26 MB/394 MB  4.9 MB/s   1m15s[K[?25h[?2026l[?2026h[?25l[A[1Gpulling manifest [K
pulling fad2a06e4cc7:   7% ▕█                 ▏  27 MB/394 MB  4.9 MB/s   1m15s[K[?25h[?2026l[?2026h[?25l[A[1Gpulling manifest [K
pulling fad2a06e4cc7:   7% ▕█                 ▏  27 MB/394 MB  4.9 MB/s   1m15s[K[?25h[?2026l[?2026h[?25l[A[1Gpulling manifest [K
pulling fad2a06e4cc7:   7% ▕█                 ▏  28 MB/394 MB  4.9 MB/s   1m15s[K[?25h[?2026l[?2026h[?25l[A[1Gpulling manifest [K
pulling fad2a06e4cc7:   7% ▕█                 ▏  28 MB/394 MB  4.9 MB/s   1m15s[K[?25h[?2026l[?2026h[?25l[A[1Gpulling manifest [K
pulling fad2a06e4cc7:   7% ▕█                 ▏  29 MB/394 MB  4.9 MB/s   1m14s[K[?25h[?2026l[?2026h[?25l[A[1Gpulling manifest [K
pulling fad2a06e4cc7:   8% ▕█                 ▏  29 MB/394 MB  4.9 MB/s   1m14s[K[?25h[?2026l[?2026h[?25l[A[1Gpulling manifest [K
pulling fad2a06e4cc7:   8% ▕█                 ▏  29 MB/394 MB  4.9 MB/s   1m14s[K[?25h[?2026l[?2026h[?25l[A[1Gpulling manifest [K
pulling fad2a06e4cc7:   8% ▕█                 ▏  30 MB/394 MB  4.9 MB/s   1m14s[K[?25h[?2026l[?2026h[?25l[A[1Gpulling manifest [K
pulling fad2a06e4cc7:   8% ▕█                 ▏  31 MB/394 MB  4.9 MB/s   1m14s[K[?25h[?2026l[?2026h[?25l[A[1Gpulling manifest [K
pulling fad2a06e4cc7:   8% ▕█                 ▏  31 MB/394 MB  4.9 MB/s   1m14s[K[?25h[?2026l[?2026h[?25l[A[1Gpulling manifest [K
pulling fad2a06e4cc7:   8% ▕█                 ▏  32 MB/394 MB  4.9 MB/s   1m14s[K[?25h[?2026l[?2026h[?25l[A[1Gpulling manifest [K
pulling fad2a06e4cc7:   8% ▕█                 ▏  32 MB/394 MB  4.9 MB/s   1m14s[K[?25h[?2026l[?2026h[?25l[A[1Gpulling manifest [K
pulling fad2a06e4cc7:   8% ▕█                 ▏  32 MB/394 MB  4.9 MB/s   1m13s[K[?25h[?2026l[?2026h[?25l[A[1Gpulling manifest [K
pulling fad2a06e4cc7:   8% ▕█                 ▏  33 MB/394 MB  4.9 MB/s   1m13s[K[?25h[?2026l[?2026h[?25l[A[1Gpulling manifest [K
pulling fad2a06e4cc7:   9% ▕█                 ▏  34 MB/394 MB  4.9 MB/s   1m13s[K[?25h[?2026l[?2026h[?25l[A[1Gpulling manifest [K
pulling fad2a06e4cc7:   9% ▕█                 ▏  34 MB/394 MB  4.9 MB/s   1m13s[K[?25h[?2026l[?2026h[?25l[A[1Gpulling manifest [K
pulling fad2a06e4cc7:   9% ▕█                 ▏  35 MB/394 MB  4.9 MB/s   1m13s[K[?25h[?2026l[?2026h[?25l[A[1Gpulling manifest [K
pulling fad2a06e4cc7:   9% ▕█                 ▏  35 MB/394 MB  4.9 MB/s   1m13s[K[?25h[?2026l[?2026h[?25l[A[1Gpulling manifest [K
pulling fad2a06e4cc7:   9% ▕█                 ▏  35 MB/394 MB  4.9 MB/s   1m13s[K[?25h[?2026l[?2026h[?25l[A[1Gpulling manifest [K
pulling fad2a06e4cc7:   9% ▕█                 ▏  36 MB/394 MB  4.9 MB/s   1m13s[K[?25h[?2026l[?2026h[?25l[A[1Gpulling manifest [K
pulling fad2a06e4cc7:   9% ▕█                 ▏  36 MB/394 MB  4.9 MB/s   1m13s[K[?25h[?2026l[?2026h[?25l[A[1Gpulling manifest [K
pulling fad2a06e4cc7:   9% ▕█                 ▏  37 MB/394 MB  4.9 MB/s   1m13s[K[?25h[?2026l[?2026h[?25l[A[1Gpulling manifest [K
pulling fad2a06e4cc7:  10% ▕█                 ▏  37 MB/394 MB  4.9 MB/s   1m13s[K[?25h[?2026l[?2026h[?25l[A[1Gpulling manifest [K
pulling fad2a06e4cc7:  10% ▕█                 ▏  38 MB/394 MB  4.9 MB/s   1m12s[K[?25h[?2026l[?2026h[?25l[A[1Gpulling manifest [K
pulling fad2a06e4cc7:  10% ▕█                 ▏  38 MB/394 MB  4.9 MB/s   1m12s[K[?25h[?2026l[?2026h[?25l[A[1Gpulling manifest [K
pulling fad2a06e4cc7:  10% ▕█                 ▏  39 MB/394 MB  4.9 MB/s   1m13s[K[?25h[?2026l[?2026h[?25l[A[1Gpulling manifest [K
pulling fad2a06e4cc7:  10% ▕█                 ▏  40 MB/394 MB  4.9 MB/s   1m12s[K[?25h[?2026l[?2026h[?25l[A[1Gpulling manifest [K
pulling fad2a06e4cc7:  10% ▕█                 ▏  40 MB/394 MB  4.9 MB/s   1m12s[K[?25h[?2026l[?2026h[?25l[A[1Gpulling manifest [K
pulling fad2a06e4cc7:  10% ▕█                 ▏  40 MB/394 MB  4.9 MB/s   1m12s[K[?25h[?2026l[?2026h[?25l[A[1Gpulling manifest [K
pulling fad2a06e4cc7:  10% ▕█                 ▏  41 MB/394 MB  4.9 MB/s   1m12s[K[?25h[?2026l[?2026h[?25l[A[1Gpulling manifest [K
pulling fad2a06e4cc7:  11% ▕█                 ▏  41 MB/394 MB  4.9 MB/s   1m12s[K[?25h[?2026l[?2026h[?25l[A[1Gpulling manifest [K
pulling fad2a06e4cc7:  11% ▕█                 ▏  42 MB/394 MB  4.9 MB/s   1m12s[K[?25h[?2026l[?2026h[?25l[A[1Gpulling manifest [K
pulling fad2a06e4cc7:  11% ▕█                 ▏  42 MB/394 MB  4.9 MB/s   1m12s[K[?25h[?2026l[?2026h[?25l[A[1Gpulling manifest [K
pulling fad2a06e4cc7:  11% ▕█                 ▏  42 MB/394 MB  4.9 MB/s   1m12s[K[?25h[?2026l[?2026h[?25l[A[1Gpulling manifest [K
pulling fad2a06e4cc7:  11% ▕█                 ▏  43 MB/394 MB  4.9 MB/s   1m12s[K[?25h[?2026l[?2026h[?25l[A[1Gpulling manifest [K
pulling fad2a06e4cc7:  11% ▕██                ▏  44 MB/394 MB  4.9 MB/s   1m11s[K[?25h[?2026l[?2026h[?25l[A[1Gpulling manifest [K
pulling fad2a06e4cc7:  11% ▕██                ▏  44 MB/394 MB  4.9 MB/s   1m11s[K[?25h[?2026l[?2026h[?25l[A[1Gpulling manifest [K
pulling fad2a06e4cc7:  11% ▕██                ▏  45 MB/394 MB  4.9 MB/s   1m11s[K[?25h[?2026l[?2026h[?25l[A[1Gpulling manifest [K
pulling fad2a06e4cc7:  12% ▕██                ▏  45 MB/394 MB  4.9 MB/s   1m11s[K[?25h[?2026l[?2026h[?25l[A[1Gpulling manifest [K
pulling fad2a06e4cc7:  12% ▕██                ▏  45 MB/394 MB  4.9 MB/s   1m11s[K[?25h[?2026l[?2026h[?25l[A[1Gpulling manifest [K
pulling fad2a06e4cc7:  12% ▕██                ▏  46 MB/394 MB  4.9 MB/s   1m11s[K[?25h[?2026l[?2026h[?25l[A[1Gpulling manifest [K
pulling fad2a06e4cc7:  12% ▕██                ▏  47 MB/394 MB  4.9 MB/s   1m11s[K[?25h[?2026l[?2026h[?25l[A[1Gpulling manifest [K
pulling fad2a06e4cc7:  12% ▕██                ▏  47 MB/394 MB  4.9 MB/s   1m10s[K[?25h[?2026l[?2026h[?25l[A[1Gpulling manifest [K
pulling fad2a06e4cc7:  12% ▕██                ▏  47 MB/394 MB  4.9 MB/s   1m10s[K[?25h[?2026l[?2026h[?25l[A[1Gpulling manifest [K
pulling fad2a06e4cc7:  12% ▕██                ▏  48 MB/394 MB  4.9 MB/s   1m10s[K[?25h[?2026l[?2026h[?25l[A[1Gpulling manifest [K
pulling fad2a06e4cc7:  12% ▕██                ▏  48 MB/394 MB  5.0 MB/s    1m9s[K[?25h[?2026l[?2026h[?25l[A[1Gpulling manifest [K
pulling fad2a06e4cc7:  12% ▕██                ▏  49 MB/394 MB  5.0 MB/s    1m8s[K[?25h[?2026l[?2026h[?25l[A[1Gpulling manifest [K
pulling fad2a06e4cc7:  13% ▕██                ▏  49 MB/394 MB  5.0 MB/s    1m8s[K[?25h[?2026l[?2026h[?25l[A[1Gpulling manifest [K
pulling fad2a06e4cc7:  13% ▕██                ▏  50 MB/394 MB  5.0 MB/s    1m8s[K[?25h[?2026l[?2026h[?25l[A[1Gpulling manifest [K
pulling fad2a06e4cc7:  13% ▕██                ▏  50 MB/394 MB  5.0 MB/s    1m8s[K[?25h[?2026l[?2026h[?25l[A[1Gpulling manifest [K
pulling fad2a06e4cc7:  13% ▕██                ▏  51 MB/394 MB  5.0 MB/s    1m8s[K[?25h[?2026l[?2026h[?25l[A[1Gpulling manifest [K
pulling fad2a06e4cc7:  13% ▕██                ▏  51 MB/394 MB  5.0 MB/s    1m8s[K[?25h[?2026l[?2026h[?25l[A[1Gpulling manifest [K
pulling fad2a06e4cc7:  13% ▕██                ▏  52 MB/394 MB  5.0 MB/s    1m8s[K[?25h[?2026l[?2026h[?25l[A[1Gpulling manifest [K
pulling fad2a06e4cc7:  13% ▕██                ▏  53 MB/394 MB  5.0 MB/s    1m8s[K[?25h[?2026l[?2026h[?25l[A[1Gpulling manifest [K
pulling fad2a06e4cc7:  13% ▕██                ▏  53 MB/394 MB  5.0 MB/s    1m8s[K[?25h[?2026l[?2026h[?25l[A[1Gpulling manifest [K
pulling fad2a06e4cc7:  14% ▕██                ▏  53 MB/394 MB  5.0 MB/s    1m8s[K[?25h[?2026l[?2026h[?25l[A[1Gpulling manifest [K
pulling fad2a06e4cc7:  14% ▕██                ▏  54 MB/394 MB  5.0 MB/s    1m8s[K[?25h[?2026l[?2026h[?25l[A[1Gpulling manifest [K
pulling fad2a06e4cc7:  14% ▕██                ▏  54 MB/394 MB  5.0 MB/s    1m8s[K[?25h[?2026l[?2026h[?25l[A[1Gpulling manifest [K
pulling fad2a06e4cc7:  14% ▕██                ▏  55 MB/394 MB  5.0 MB/s    1m8s[K[?25h[?2026l[?2026h[?25l[A[1Gpulling manifest [K
pulling fad2a06e4cc7:  14% ▕██                ▏  55 MB/394 MB  5.0 MB/s    1m8s[K[?25h[?2026l[?2026h[?25l[A[1Gpulling manifest [K
pulling fad2a06e4cc7:  14% ▕██                ▏  56 MB/394 MB  5.0 MB/s    1m8s[K[?25h[?2026l[?2026h[?25l[A[1Gpulling manifest [K
pulling fad2a06e4cc7:  14% ▕██                ▏  56 MB/394 MB  5.0 MB/s    1m8s[K[?25h[?2026l[?2026h[?25l[A[1Gpulling manifest [K
pulling fad2a06e4cc7:  15% ▕██                ▏  57 MB/394 MB  5.0 MB/s    1m7s[K[?25h[?2026l[?2026h[?25l[A[1Gpulling manifest [K
pulling fad2a06e4cc7:  15% ▕██                ▏  57 MB/394 MB  5.0 MB/s    1m7s[K[?25h[?2026l[?2026h[?25l[A[1Gpulling manifest [K
pulling fad2a06e4cc7:  15% ▕██                ▏  58 MB/394 MB  5.0 MB/s    1m7s[K[?25h[?2026l[?2026h[?25l[A[1Gpulling manifest [K
pulling fad2a06e4cc7:  15% ▕██                ▏  58 MB/394 MB  4.9 MB/s    1m7s[K[?25h[?2026l[?2026h[?25l[A[1Gpulling manifest [K
pulling fad2a06e4cc7:  15% ▕██                ▏  59 MB/394 MB  4.9 MB/s    1m7s[K[?25h[?2026l[?2026h[?25l[A[1Gpulling manifest [K
pulling fad2a06e4cc7:  15% ▕██                ▏  59 MB/394 MB  4.9 MB/s    1m7s[K[?25h[?2026l[?2026h[?25l[A[1Gpulling manifest [K
pulling fad2a06e4cc7:  15% ▕██                ▏  59 MB/394 MB  4.9 MB/s    1m7s[K[?25h[?2026l[?2026h[?25l[A[1Gpulling manifest [K
pulling fad2a06e4cc7:  15% ▕██                ▏  60 MB/394 MB  4.9 MB/s    1m7s[K[?25h[?2026l[?2026h[?25l[A[1Gpulling manifest [K
pulling fad2a06e4cc7:  15% ▕██                ▏  60 MB/394 MB  4.9 MB/s    1m7s[K[?25h[?2026l[?2026h[?25l[A[1Gpulling manifest [K
pulling fad2a06e4cc7:  16% ▕██                ▏  61 MB/394 MB  4.9 MB/s    1m7s[K[?25h[?2026l[?2026h[?25l[A[1Gpulling manifest [K
pulling fad2a06e4cc7:  16% ▕██                ▏  61 MB/394 MB  4.9 MB/s    1m7s[K[?25h[?2026l[?2026h[?25l[A[1Gpulling manifest [K
pulling fad2a06e4cc7:  16% ▕██                ▏  62 MB/394 MB  4.9 MB/s    1m7s[K[?25h[?2026l[?2026h[?25l[A[1Gpulling manifest [K
pulling fad2a06e4cc7:  16% ▕██                ▏  62 MB/394 MB  4.9 MB/s    1m7s[K[?25h[?2026l[?2026h[?25l[A[1Gpulling manifest [K
pulling fad2a06e4cc7:  16% ▕██                ▏  62 MB/394 MB  4.9 MB/s    1m7s[K[?25h[?2026l[?2026h[?25l[A[1Gpulling manifest [K
pulling fad2a06e4cc7:  16% ▕██                ▏  63 MB/394 MB  4.9 MB/s    1m8s[K[?25h[?2026l[?2026h[?25l[A[1Gpulling manifest [K
pulling fad2a06e4cc7:  16% ▕██                ▏  64 MB/394 MB  4.9 MB/s    1m7s[K[?25h[?2026l[?2026h[?25l[A[1Gpulling manifest [K
pulling fad2a06e4cc7:  16% ▕██                ▏  64 MB/394 MB  4.9 MB/s    1m7s[K[?25h[?2026l[?2026h[?25l[A[1Gpulling manifest [K
pulling fad2a06e4cc7:  17% ▕██                ▏  65 MB/394 MB  4.9 MB/s    1m7s[K[?25h[?2026l[?2026h[?25l[A[1Gpulling manifest [K
pulling fad2a06e4cc7:  17% ▕███               ▏  66 MB/394 MB  4.9 MB/s    1m7s[K[?25h[?2026l[?2026h[?25l[A[1Gpulling manifest [K
pulling fad2a06e4cc7:  17% ▕███               ▏  66 MB/394 MB  4.9 MB/s    1m7s[K[?25h[?2026l[?2026h[?25l[A[1Gpulling manifest [K
pulling fad2a06e4cc7:  17% ▕███               ▏  66 MB/394 MB  4.9 MB/s    1m7s[K[?25h[?2026l[?2026h[?25l[A[1Gpulling manifest [K
pulling fad2a06e4cc7:  17% ▕███               ▏  67 MB/394 MB  4.9 MB/s    1m7s[K[?25h[?2026l[?2026h[?25l[A[1Gpulling manifest [K
pulling fad2a06e4cc7:  17% ▕███               ▏  67 MB/394 MB  4.9 MB/s    1m7s[K[?25h[?2026l[?2026h[?25l[A[1Gpulling manifest [K
pulling fad2a06e4cc7:  17% ▕███               ▏  68 MB/394 MB  4.9 MB/s    1m7s[K[?25h[?2026l[?2026h[?25l[A[1Gpulling manifest [K
pulling fad2a06e4cc7:  17% ▕███               ▏  68 MB/394 MB  4.9 MB/s    1m6s[K[?25h[?2026l[?2026h[?25l[A[1Gpulling manifest [K
pulling fad2a06e4cc7:  18% ▕███               ▏  69 MB/394 MB  4.9 MB/s    1m6s[K[?25h[?2026l[?2026h[?25l[A[1Gpulling manifest [K
pulling fad2a06e4cc7:  18% ▕███               ▏  69 MB/394 MB  4.9 MB/s    1m6s[K[?25h[?2026l[?2026h[?25l[A[1Gpulling manifest [K
pulling fad2a06e4cc7:  18% ▕███               ▏  70 MB/394 MB  4.9 MB/s    1m6s[K[?25h[?2026l[?2026h[?25l[A[1Gpulling manifest [K
pulling fad2a06e4cc7:  18% ▕███               ▏  70 MB/394 MB  4.9 MB/s    1m6s[K[?25h[?2026l[?2026h[?25l[A[1Gpulling manifest [K
pulling fad2a06e4cc7:  18% ▕███               ▏  71 MB/394 MB  4.9 MB/s    1m5s[K[?25h[?2026l[?2026h[?25l[A[1Gpulling manifest [K
pulling fad2a06e4cc7:  18% ▕███               ▏  71 MB/394 MB  4.9 MB/s    1m5s[K[?25h[?2026l[?2026h[?25l[A[1Gpulling manifest [K
pulling fad2a06e4cc7:  18% ▕███               ▏  72 MB/394 MB  4.9 MB/s    1m5s[K[?25h[?2026l[?2026h[?25l[A[1Gpulling manifest [K
pulling fad2a06e4cc7:  18% ▕███               ▏  72 MB/394 MB  4.9 MB/s    1m5s[K[?25h[?2026l[?2026h[?25l[A[1Gpulling manifest [K
pulling fad2a06e4cc7:  19% ▕███               ▏  73 MB/394 MB  4.9 MB/s    1m5s[K[?25h[?2026l[?2026h[?25l[A[1Gpulling manifest [K
pulling fad2a06e4cc7:  19% ▕███               ▏  73 MB/394 MB  4.9 MB/s    1m6s[K[?25h[?2026l[?2026h[?25l[A[1Gpulling manifest [K
pulling fad2a06e4cc7:  19% ▕███               ▏  73 MB/394 MB  4.9 MB/s    1m5s[K[?25h[?2026l[?2026h[?25l[A[1Gpulling manifest [K
pulling fad2a06e4cc7:  19% ▕███               ▏  74 MB/394 MB  4.9 MB/s    1m5s[K[?25h[?2026l[?2026h[?25l[A[1Gpulling manifest [K
pulling fad2a06e4cc7:  19% ▕███               ▏  74 MB/394 MB  4.9 MB/s    1m5s[K[?25h[?2026l[?2026h[?25l[A[1Gpulling manifest [K
pulling fad2a06e4cc7:  19% ▕███               ▏  75 MB/394 MB  4.9 MB/s    1m5s[K[?25h[?2026l[?2026h[?25l[A[1Gpulling manifest [K
pulling fad2a06e4cc7:  19% ▕███               ▏  75 MB/394 MB  4.9 MB/s    1m5s[K[?25h[?2026l[?2026h[?25l[A[1Gpulling manifest [K
pulling fad2a06e4cc7:  19% ▕███               ▏  76 MB/394 MB  4.9 MB/s    1m5s[K[?25h[?2026l[?2026h[?25l[A[1Gpulling manifest [K
pulling fad2a06e4cc7:  19% ▕███               ▏  76 MB/394 MB  4.9 MB/s    1m5s[K[?25h[?2026l[?2026h[?25l[A[1Gpulling manifest [K
pulling fad2a06e4cc7:  20% ▕███               ▏  77 MB/394 MB  4.9 MB/s    1m5s[K[?25h[?2026l[?2026h[?25l[A[1Gpulling manifest [K
pulling fad2a06e4cc7:  20% ▕███               ▏  77 MB/394 MB  4.9 MB/s    1m5s[K[?25h[?2026l[?2026h[?25l[A[1Gpulling manifest [K
pulling fad2a06e4cc7:  20% ▕███               ▏  78 MB/394 MB  4.9 MB/s    1m4s[K[?25h[?2026l[?2026h[?25l[A[1Gpulling manifest [K
pulling fad2a06e4cc7:  20% ▕███               ▏  78 MB/394 MB  4.9 MB/s    1m4s[K[?25h[?2026l[?2026h[?25l[A[1Gpulling manifest [K
pulling fad2a06e4cc7:  20% ▕███               ▏  79 MB/394 MB  4.9 MB/s    1m4s[K[?25h[?2026l[?2026h[?25l[A[1Gpulling manifest [K
pulling fad2a06e4cc7:  20% ▕███               ▏  79 MB/394 MB  4.9 MB/s    1m4s[K[?25h[?2026l[?2026h[?25l[A[1Gpulling manifest [K
pulling fad2a06e4cc7:  20% ▕███               ▏  80 MB/394 MB  4.9 MB/s    1m4s[K[?25h[?2026l[?2026h[?25l[A[1Gpulling manifest [K
pulling fad2a06e4cc7:  20% ▕███               ▏  80 MB/394 MB  4.9 MB/s    1m4s[K[?25h[?2026l[?2026h[?25l[A[1Gpulling manifest [K
pulling fad2a06e4cc7:  21% ▕███               ▏  81 MB/394 MB  4.9 MB/s    1m3s[K[?25h[?2026l[?2026h[?25l[A[1Gpulling manifest [K
pulling fad2a06e4cc7:  21% ▕███               ▏  81 MB/394 MB  4.9 MB/s    1m3s[K[?25h[?2026l[?2026h[?25l[A[1Gpulling manifest [K
pulling fad2a06e4cc7:  21% ▕███               ▏  82 MB/394 MB  4.9 MB/s    1m3s[K[?25h[?2026l[?2026h[?25l[A[1Gpulling manifest [K
pulling fad2a06e4cc7:  21% ▕███               ▏  83 MB/394 MB  4.9 MB/s    1m3s[K[?25h[?2026l[?2026h[?25l[A[1Gpulling manifest [K
pulling fad2a06e4cc7:  21% ▕███               ▏  83 MB/394 MB  5.0 MB/s    1m2s[K[?25h[?2026l[?2026h[?25l[A[1Gpulling manifest [K
pulling fad2a06e4cc7:  21% ▕███               ▏  84 MB/394 MB  5.0 MB/s    1m2s[K[?25h[?2026l[?2026h[?25l[A[1Gpulling manifest [K
pulling fad2a06e4cc7:  21% ▕███               ▏  84 MB/394 MB  5.0 MB/s    1m2s[K[?25h[?2026l[?2026h[?25l[A[1Gpulling manifest [K
pulling fad2a06e4cc7:  22% ▕███               ▏  85 MB/394 MB  5.0 MB/s    1m2s[K[?25h[?2026l[?2026h[?25l[A[1Gpulling manifest [K
pulling fad2a06e4cc7:  22% ▕███               ▏  85 MB/394 MB  5.0 MB/s    1m2s[K[?25h[?2026l[?2026h[?25l[A[1Gpulling manifest [K
pulling fad2a06e4cc7:  22% ▕███               ▏  86 MB/394 MB  5.0 MB/s    1m2s[K[?25h[?2026l[?2026h[?25l[A[1Gpulling manifest [K
pulling fad2a06e4cc7:  22% ▕███               ▏  86 MB/394 MB  5.0 MB/s    1m2s[K[?25h[?2026l[?2026h[?25l[A[1Gpulling manifest [K
pulling fad2a06e4cc7:  22% ▕███               ▏  86 MB/394 MB  5.0 MB/s    1m2s[K[?25h[?2026l[?2026h[?25l[A[1Gpulling manifest [K
pulling fad2a06e4cc7:  22% ▕███               ▏  86 MB/394 MB  5.0 MB/s    1m2s[K[?25h[?2026l[?2026h[?25l[A[1Gpulling manifest [K
pulling fad2a06e4cc7:  22% ▕███               ▏  86 MB/394 MB  5.0 MB/s    1m2s[K[?25h[?2026l[?2026h[?25l[A[1Gpulling manifest [K
pulling fad2a06e4cc7:  22% ▕███               ▏  86 MB/394 MB  5.0 MB/s    1m1s[K[?25h[?2026l[?2026h[?25l[A[1Gpulling manifest [K
pulling fad2a06e4cc7:  22% ▕███               ▏  87 MB/394 MB  4.8 MB/s    1m4s[K[?25h[?2026l[?2026h[?25l[A[1Gpulling manifest [K
pulling fad2a06e4cc7:  22% ▕████              ▏  88 MB/394 MB  4.8 MB/s    1m4s[K[?25h[?2026l[?2026h[?25l[A[1Gpulling manifest [K
pulling fad2a06e4cc7:  23% ▕████              ▏  89 MB/394 MB  4.8 MB/s    1m4s[K[?25h[?2026l[?2026h[?25l[A[1Gpulling manifest [K
pulling fad2a06e4cc7:  23% ▕████              ▏  89 MB/394 MB  4.8 MB/s    1m3s[K[?25h[?2026l[?2026h[?25l[A[1Gpulling manifest [K
pulling fad2a06e4cc7:  23% ▕████              ▏  90 MB/394 MB  4.8 MB/s    1m3s[K[?25h[?2026l[?2026h[?25l[A[1Gpulling manifest [K
pulling fad2a06e4cc7:  23% ▕████              ▏  90 MB/394 MB  4.8 MB/s    1m3s[K[?25h[?2026l[?2026h[?25l[A[1Gpulling manifest [K
pulling fad2a06e4cc7:  23% ▕████              ▏  91 MB/394 MB  4.8 MB/s    1m3s[K[?25h[?2026l[?2026h[?25l[A[1Gpulling manifest [K
pulling fad2a06e4cc7:  23% ▕████              ▏  91 MB/394 MB  4.8 MB/s    1m3s[K[?25h[?2026l[?2026h[?25l[A[1Gpulling manifest [K
pulling fad2a06e4cc7:  23% ▕████              ▏  92 MB/394 MB  4.8 MB/s    1m3s[K[?25h[?2026l[?2026h[?25l[A[1Gpulling manifest [K
pulling fad2a06e4cc7:  23% ▕████              ▏  92 MB/394 MB  4.8 MB/s    1m3s[K[?25h[?2026l[?2026h[?25l[A[1Gpulling manifest [K
pulling fad2a06e4cc7:  24% ▕████              ▏  93 MB/394 MB  4.9 MB/s    1m1s[K[?25h[?2026l[?2026h[?25l[A[1Gpulling manifest [K
pulling fad2a06e4cc7:  24% ▕████              ▏  94 MB/394 MB  4.9 MB/s    1m1s[K[?25h[?2026l[?2026h[?25l[A[1Gpulling manifest [K
pulling fad2a06e4cc7:  24% ▕████              ▏  94 MB/394 MB  4.9 MB/s    1m1s[K[?25h[?2026l[?2026h[?25l[A[1Gpulling manifest [K
pulling fad2a06e4cc7:  24% ▕████              ▏  95 MB/394 MB  4.9 MB/s    1m0s[K[?25h[?2026l[?2026h[?25l[A[1Gpulling manifest [K
pulling fad2a06e4cc7:  24% ▕████              ▏  95 MB/394 MB  4.9 MB/s    1m0s[K[?25h[?2026l[?2026h[?25l[A[1Gpulling manifest [K
pulling fad2a06e4cc7:  24% ▕████              ▏  95 MB/394 MB  4.9 MB/s    1m0s[K[?25h[?2026l[?2026h[?25l[A[1Gpulling manifest [K
pulling fad2a06e4cc7:  24% ▕████              ▏  96 MB/394 MB  4.9 MB/s    1m0s[K[?25h[?2026l[?2026h[?25l[A[1Gpulling manifest [K
pulling fad2a06e4cc7:  24% ▕████              ▏  96 MB/394 MB  4.9 MB/s    1m0s[K[?25h[?2026l[?2026h[?25l[A[1Gpulling manifest [K
pulling fad2a06e4cc7:  25% ▕████              ▏  96 MB/394 MB  4.9 MB/s    1m0s[K[?25h[?2026l[?2026h[?25l[A[1Gpulling manifest [K
pulling fad2a06e4cc7:  25% ▕████              ▏  97 MB/394 MB  4.9 MB/s    1m0s[K[?25h[?2026l[?2026h[?25l[A[1Gpulling manifest [K
pulling fad2a06e4cc7:  25% ▕████              ▏  97 MB/394 MB  4.9 MB/s    1m0s[K[?25h[?2026l[?2026h[?25l[A[1Gpulling manifest [K
pulling fad2a06e4cc7:  25% ▕████              ▏  98 MB/394 MB  4.9 MB/s    1m0s[K[?25h[?2026l[?2026h[?25l[A[1Gpulling manifest [K
pulling fad2a06e4cc7:  25% ▕████              ▏  98 MB/394 MB  4.9 MB/s    1m0s[K[?25h[?2026l[?2026h[?25l[A[1Gpulling manifest [K
pulling fad2a06e4cc7:  25% ▕████              ▏  98 MB/394 MB  4.9 MB/s    1m0s[K[?25h[?2026l[?2026h[?25l[A[1Gpulling manifest [K
pulling fad2a06e4cc7:  25% ▕████              ▏ 100 MB/394 MB  4.9 MB/s    1m0s[K[?25h[?2026l[?2026h[?25l[A[1Gpulling manifest [K
pulling fad2a06e4cc7:  25% ▕████              ▏ 100 MB/394 MB  4.9 MB/s    1m0s[K[?25h[?2026l[?2026h[?25l[A[1Gpulling manifest [K
pulling fad2a06e4cc7:  26% ▕████              ▏ 100 MB/394 MB  4.9 MB/s    1m0s[K[?25h[?2026l[?2026h[?25l[A[1Gpulling manifest [K
pulling fad2a06e4cc7:  26% ▕████              ▏ 101 MB/394 MB  4.9 MB/s    1m0s[K[?25h[?2026l[?2026h[?25l[A[1Gpulling manifest [K
pulling fad2a06e4cc7:  26% ▕████              ▏ 102 MB/394 MB  4.9 MB/s     59s[K[?25h[?2026l[?2026h[?25l[A[1Gpulling manifest [K
pulling fad2a06e4cc7:  26% ▕████              ▏ 102 MB/394 MB  4.9 MB/s     59s[K[?25h[?2026l[?2026h[?25l[A[1Gpulling manifest [K
pulling fad2a06e4cc7:  26% ▕████              ▏ 102 MB/394 MB  4.9 MB/s     59s[K[?25h[?2026l[?2026h[?25l[A[1Gpulling manifest [K
pulling fad2a06e4cc7:  26% ▕████              ▏ 103 MB/394 MB  4.9 MB/s     59s[K[?25h[?2026l[?2026h[?25l[A[1Gpulling manifest [K
pulling fad2a06e4cc7:  26% ▕████              ▏ 103 MB/394 MB  4.9 MB/s     59s[K[?25h[?2026l[?2026h[?25l[A[1Gpulling manifest [K
pulling fad2a06e4cc7:  26% ▕████              ▏ 104 MB/394 MB  4.9 MB/s     59s[K[?25h[?2026l[?2026h[?25l[A[1Gpulling manifest [K
pulling fad2a06e4cc7:  26% ▕████              ▏ 104 MB/394 MB  4.9 MB/s     59s[K[?25h[?2026l[?2026h[?25l[A[1Gpulling manifest [K
pulling fad2a06e4cc7:  26% ▕████              ▏ 104 MB/394 MB  4.9 MB/s     59s[K[?25h[?2026l[?2026h[?25l[A[1Gpulling manifest [K
pulling fad2a06e4cc7:  27% ▕████              ▏ 105 MB/394 MB  4.9 MB/s     59s[K[?25h[?2026l[?2026h[?25l[A[1Gpulling manifest [K
pulling fad2a06e4cc7:  27% ▕████              ▏ 106 MB/394 MB  4.9 MB/s     59s[K[?25h[?2026l[?2026h[?25l[A[1Gpulling manifest [K
pulling fad2a06e4cc7:  27% ▕████              ▏ 106 MB/394 MB  4.9 MB/s     59s[K[?25h[?2026l[?2026h[?25l[A[1Gpulling manifest [K
pulling fad2a06e4cc7:  27% ▕████              ▏ 106 MB/394 MB  4.9 MB/s     58s[K[?25h[?2026l[?2026h[?25l[A[1Gpulling manifest [K
pulling fad2a06e4cc7:  27% ▕████              ▏ 107 MB/394 MB  5.0 MB/s     57s[K[?25h[?2026l[?2026h[?25l[A[1Gpulling manifest [K
pulling fad2a06e4cc7:  27% ▕████              ▏ 107 MB/394 MB  5.0 MB/s     57s[K[?25h[?2026l[?2026h[?25l[A[1Gpulling manifest [K
pulling fad2a06e4cc7:  28% ▕████              ▏ 108 MB/394 MB  5.0 MB/s     57s[K[?25h[?2026l[?2026h[?25l[A[1Gpulling manifest [K
pulling fad2a06e4cc7:  28% ▕████              ▏ 109 MB/394 MB  5.0 MB/s     57s[K[?25h[?2026l[?2026h[?25l[A[1Gpulling manifest [K
pulling fad2a06e4cc7:  28% ▕████              ▏ 109 MB/394 MB  5.0 MB/s     57s[K[?25h[?2026l[?2026h[?25l[A[1Gpulling manifest [K
pulling fad2a06e4cc7:  28% ▕█████             ▏ 110 MB/394 MB  5.0 MB/s     57s[K[?25h[?2026l[?2026h[?25l[A[1Gpulling manifest [K
pulling fad2a06e4cc7:  28% ▕█████             ▏ 110 MB/394 MB  5.0 MB/s     57s[K[?25h[?2026l[?2026h[?25l[A[1Gpulling manifest [K
pulling fad2a06e4cc7:  28% ▕█████             ▏ 110 MB/394 MB  5.0 MB/s     57s[K[?25h[?2026l[?2026h[?25l[A[1Gpulling manifest [K
pulling fad2a06e4cc7:  28% ▕█████             ▏ 111 MB/394 MB  5.0 MB/s     57s[K[?25h[?2026l[?2026h[?25l[A[1Gpulling manifest [K
pulling fad2a06e4cc7:  28% ▕█████             ▏ 112 MB/394 MB  5.0 MB/s     57s[K[?25h[?2026l[?2026h[?25l[A[1Gpulling manifest [K
pulling fad2a06e4cc7:  28% ▕█████             ▏ 112 MB/394 MB  5.0 MB/s     57s[K[?25h[?2026l[?2026h[?25l[A[1Gpulling manifest [K
pulling fad2a06e4cc7:  29% ▕█████             ▏ 112 MB/394 MB  4.9 MB/s     57s[K[?25h[?2026l[?2026h[?25l[A[1Gpulling manifest [K
pulling fad2a06e4cc7:  29% ▕█████             ▏ 113 MB/394 MB  4.9 MB/s     57s[K[?25h[?2026l[?2026h[?25l[A[1Gpulling manifest [K
pulling fad2a06e4cc7:  29% ▕█████             ▏ 113 MB/394 MB  4.9 MB/s     57s[K[?25h[?2026l[?2026h[?25l[A[1Gpulling manifest [K
pulling fad2a06e4cc7:  29% ▕█████             ▏ 114 MB/394 MB  4.9 MB/s     57s[K[?25h[?2026l[?2026h[?25l[A[1Gpulling manifest [K
pulling fad2a06e4cc7:  29% ▕█████             ▏ 115 MB/394 MB  4.9 MB/s     57s[K[?25h[?2026l[?2026h[?25l[A[1Gpulling manifest [K
pulling fad2a06e4cc7:  29% ▕█████             ▏ 115 MB/394 MB  4.9 MB/s     57s[K[?25h[?2026l[?2026h[?25l[A[1Gpulling manifest [K
pulling fad2a06e4cc7:  29% ▕█████             ▏ 115 MB/394 MB  4.9 MB/s     57s[K[?25h[?2026l[?2026h[?25l[A[1Gpulling manifest [K
pulling fad2a06e4cc7:  29% ▕█████             ▏ 116 MB/394 MB  4.9 MB/s     57s[K[?25h[?2026l[?2026h[?25l[A[1Gpulling manifest [K
pulling fad2a06e4cc7:  29% ▕█████             ▏ 116 MB/394 MB  4.9 MB/s     57s[K[?25h[?2026l[?2026h[?25l[A[1Gpulling manifest [K
pulling fad2a06e4cc7:  30% ▕█████             ▏ 116 MB/394 MB  4.9 MB/s     57s[K[?25h[?2026l[?2026h[?25l[A[1Gpulling manifest [K
pulling fad2a06e4cc7:  30% ▕█████             ▏ 117 MB/394 MB  4.9 MB/s     56s[K[?25h[?2026l[?2026h[?25l[A[1Gpulling manifest [K
pulling fad2a06e4cc7:  30% ▕█████             ▏ 118 MB/394 MB  4.9 MB/s     56s[K[?25h[?2026l[?2026h[?25l[A[1Gpulling manifest [K
pulling fad2a06e4cc7:  30% ▕█████             ▏ 118 MB/394 MB  4.9 MB/s     56s[K[?25h[?2026l[?2026h[?25l[A[1Gpulling manifest [K
pulling fad2a06e4cc7:  30% ▕█████             ▏ 119 MB/394 MB  4.9 MB/s     56s[K[?25h[?2026l[?2026h[?25l[A[1Gpulling manifest [K
pulling fad2a06e4cc7:  30% ▕█████             ▏ 119 MB/394 MB  4.9 MB/s     56s[K[?25h[?2026l[?2026h[?25l[A[1Gpulling manifest [K
pulling fad2a06e4cc7:  30% ▕█████             ▏ 119 MB/394 MB  4.9 MB/s     56s[K[?25h[?2026l[?2026h[?25l[A[1Gpulling manifest [K
pulling fad2a06e4cc7:  31% ▕█████             ▏ 120 MB/394 MB  4.9 MB/s     55s[K[?25h[?2026l[?2026h[?25l[A[1Gpulling manifest [K
pulling fad2a06e4cc7:  31% ▕█████             ▏ 120 MB/394 MB  4.9 MB/s     55s[K[?25h[?2026l[?2026h[?25l[A[1Gpulling manifest [K
pulling fad2a06e4cc7:  31% ▕█████             ▏ 121 MB/394 MB  4.9 MB/s     55s[K[?25h[?2026l[?2026h[?25l[A[1Gpulling manifest [K
pulling fad2a06e4cc7:  31% ▕█████             ▏ 121 MB/394 MB  4.9 MB/s     55s[K[?25h[?2026l[?2026h[?25l[A[1Gpulling manifest [K
pulling fad2a06e4cc7:  31% ▕█████             ▏ 121 MB/394 MB  4.8 MB/s     56s[K[?25h[?2026l[?2026h[?25l[A[1Gpulling manifest [K
pulling fad2a06e4cc7:  31% ▕█████             ▏ 122 MB/394 MB  4.8 MB/s     56s[K[?25h[?2026l[?2026h[?25l[A[1Gpulling manifest [K
pulling fad2a06e4cc7:  31% ▕█████             ▏ 123 MB/394 MB  4.8 MB/s     56s[K[?25h[?2026l[?2026h[?25l[A[1Gpulling manifest [K
pulling fad2a06e4cc7:  31% ▕█████             ▏ 123 MB/394 MB  4.8 MB/s     56s[K[?25h[?2026l[?2026h[?25l[A[1Gpulling manifest [K
pulling fad2a06e4cc7:  31% ▕█████             ▏ 123 MB/394 MB  4.8 MB/s     55s[K[?25h[?2026l[?2026h[?25l[A[1Gpulling manifest [K
pulling fad2a06e4cc7:  31% ▕█████             ▏ 124 MB/394 MB  4.8 MB/s     55s[K[?25h[?2026l[?2026h[?25l[A[1Gpulling manifest [K
pulling fad2a06e4cc7:  32% ▕█████             ▏ 125 MB/394 MB  4.8 MB/s     55s[K[?25h[?2026l[?2026h[?25l[A[1Gpulling manifest [K
pulling fad2a06e4cc7:  32% ▕█████             ▏ 125 MB/394 MB  4.8 MB/s     55s[K[?25h[?2026l[?2026h[?25l[A[1Gpulling manifest [K
pulling fad2a06e4cc7:  32% ▕█████             ▏ 126 MB/394 MB  4.8 MB/s     55s[K[?25h[?2026l[?2026h[?25l[A[1Gpulling manifest [K
pulling fad2a06e4cc7:  32% ▕█████             ▏ 126 MB/394 MB  4.8 MB/s     55s[K[?25h[?2026l[?2026h[?25l[A[1Gpulling manifest [K
pulling fad2a06e4cc7:  32% ▕█████             ▏ 127 MB/394 MB  4.8 MB/s     55s[K[?25h[?2026l[?2026h[?25l[A[1Gpulling manifest [K
pulling fad2a06e4cc7:  32% ▕█████             ▏ 127 MB/394 MB  4.8 MB/s     55s[K[?25h[?2026l[?2026h[?25l[A[1Gpulling manifest [K
pulling fad2a06e4cc7:  32% ▕█████             ▏ 127 MB/394 MB  4.8 MB/s     55s[K[?25h[?2026l[?2026h[?25l[A[1Gpulling manifest [K
pulling fad2a06e4cc7:  33% ▕█████             ▏ 128 MB/394 MB  4.8 MB/s     54s[K[?25h[?2026l[?2026h[?25l[A[1Gpulling manifest [K
pulling fad2a06e4cc7:  33% ▕█████             ▏ 129 MB/394 MB  4.8 MB/s     54s[K[?25h[?2026l[?2026h[?25l[A[1Gpulling manifest [K
pulling fad2a06e4cc7:  33% ▕█████             ▏ 129 MB/394 MB  4.8 MB/s     54s[K[?25h[?2026l[?2026h[?25l[1Gpulling manifest ⠋ [K[?25h[?2026l[?2026h[?25l[1Gpulling manifest ⠙ [K[?25h[?2026l[?2026h[?25l[1Gpulling manifest ⠸ [K[?25h[?2026l[?2026h[?25l[1Gpulling manifest ⠸ [K[?25h[?2026l[?2026h[?25l[1Gpulling manifest ⠼ [K[?25h[?2026l[?2026h[?25l[1Gpulling manifest ⠴ [K[?25h[?2026l[?2026h[?25l[1Gpulling manifest ⠦ [K[?25h[?2026l[?2026h[?25l[1Gpulling manifest ⠇ [K[?25h[?2026l[?2026h[?25l[1Gpulling manifest ⠇ [K[?25h[?2026l[?2026h[?25l[1Gpulling manifest ⠏ [K[?25h[?2026l[?2026h[?25l[1Gpulling manifest ⠋ [K[?25h[?2026l[?2026h[?25l[1Gpulling manifest ⠙ [K[?25h[?2026l[?2026h[?25l[1Gpulling manifest ⠹ [K[?25h[?2026l[?2026h[?25l[1Gpulling manifest ⠼ [K[?25h[?2026l[?2026h[?25l[1Gpulling manifest ⠴ [K[?25h[?2026l[?2026h[?25l[1Gpulling manifest ⠴ [K[?25h[?2026l[?2026h[?25l[1Gpulling manifest ⠦ [K[?25h[?2026l[?2026h[?25l[1Gpulling manifest [K
pulling fad2a06e4cc7:  65% ▕███████████       ▏ 256 MB/394 MB                  [K[?25h[?2026l[?2026h[?25l[A[1Gpulling manifest [K
pulling fad2a06e4cc7:  65% ▕███████████       ▏ 256 MB/394 MB                  [K[?25h[?2026l[?2026h[?25l[A[1Gpulling manifest [K
pulling fad2a06e4cc7:  65% ▕███████████       ▏ 256 MB/394 MB                  [K[?25h[?2026l[?2026h[?25l[A[1Gpulling manifest [K
pulling fad2a06e4cc7:  65% ▕███████████       ▏ 256 MB/394 MB                  [K[?25h[?2026l[?2026h[?25l[A[1Gpulling manifest [K
pulling fad2a06e4cc7:  65% ▕███████████       ▏ 256 MB/394 MB                  [K[?25h[?2026l[?2026h[?25l[A[1Gpulling manifest [K
pulling fad2a06e4cc7:  65% ▕███████████       ▏ 256 MB/394 MB                  [K[?25h[?2026l[?2026h[?25l[A[1Gpulling manifest [K
pulling fad2a06e4cc7:  65% ▕███████████       ▏ 256 MB/394 MB                  [K[?25h[?2026l[?2026h[?25l[A[1Gpulling manifest [K
pulling fad2a06e4cc7:  65% ▕███████████       ▏ 256 MB/394 MB                  [K[?25h[?2026l[?2026h[?25l[A[1Gpulling manifest [K
pulling fad2a06e4cc7:  65% ▕███████████       ▏ 256 MB/394 MB                  [K[?25h[?2026l[?2026h[?25l[A[1Gpulling manifest [K
pulling fad2a06e4cc7:  65% ▕███████████       ▏ 257 MB/394 MB                  [K[?25h[?2026l[?2026h[?25l[A[1Gpulling manifest [K
pulling fad2a06e4cc7:  65% ▕███████████       ▏ 257 MB/394 MB  365 KB/s   6m16s[K[?25h[?2026l[?2026h[?25l[A[1Gpulling manifest [K
pulling fad2a06e4cc7:  65% ▕███████████       ▏ 257 MB/394 MB  365 KB/s   6m15s[K[?25h[?2026l[?2026h[?25l[A[1Gpulling manifest [K
pulling fad2a06e4cc7:  65% ▕███████████       ▏ 258 MB/394 MB  365 KB/s   6m12s[K[?25h[?2026l[?2026h[?25l[A[1Gpulling manifest [K
pulling fad2a06e4cc7:  65% ▕███████████       ▏ 258 MB/394 MB  365 KB/s   6m12s[K[?25h[?2026l[?2026h[?25l[A[1Gpulling manifest [K
pulling fad2a06e4cc7:  66% ▕███████████       ▏ 258 MB/394 MB  365 KB/s   6m12s[K[?25h[?2026l[?2026h[?25l[A[1Gpulling manifest [K
pulling fad2a06e4cc7:  66% ▕███████████       ▏ 258 MB/394 MB  365 KB/s   6m12s[K[?25h[?2026l[?2026h[?25l[A[1Gpulling manifest [K
pulling fad2a06e4cc7:  66% ▕███████████       ▏ 258 MB/394 MB  365 KB/s   6m11s[K[?25h[?2026l[?2026h[?25l[A[1Gpulling manifest [K
pulling fad2a06e4cc7:  66% ▕███████████       ▏ 259 MB/394 MB  365 KB/s   6m11s[K[?25h[?2026l[?2026h[?25l[A[1Gpulling manifest [K
pulling fad2a06e4cc7:  66% ▕███████████       ▏ 259 MB/394 MB  365 KB/s   6m10s[K[?25h[?2026l[?2026h[?25l[A[1Gpulling manifest [K
pulling fad2a06e4cc7:  66% ▕███████████       ▏ 260 MB/394 MB  365 KB/s    6m8s[K[?25h[?2026l[?2026h[?25l[A[1Gpulling manifest [K
pulling fad2a06e4cc7:  66% ▕███████████       ▏ 261 MB/394 MB  365 KB/s    6m4s[K[?25h[?2026l[?2026h[?25l[A[1Gpulling manifest [K
pulling fad2a06e4cc7:  67% ▕███████████       ▏ 262 MB/394 MB  2.9 MB/s     45s[K[?25h[?2026l[?2026h[?25l[A[1Gpulling manifest [K
pulling fad2a06e4cc7:  67% ▕████████████      ▏ 263 MB/394 MB  2.9 MB/s     45s[K[?25h[?2026l[?2026h[?25l[A[1Gpulling manifest [K
pulling fad2a06e4cc7:  67% ▕████████████      ▏ 263 MB/394 MB  2.9 MB/s     44s[K[?25h[?2026l[?2026h[?25l[A[1Gpulling manifest [K
pulling fad2a06e4cc7:  67% ▕████████████      ▏ 264 MB/394 MB  2.9 MB/s     44s[K[?25h[?2026l[?2026h[?25l[A[1Gpulling manifest [K
pulling fad2a06e4cc7:  67% ▕████████████      ▏ 265 MB/394 MB  2.9 MB/s     44s[K[?25h[?2026l[?2026h[?25l[A[1Gpulling manifest [K
pulling fad2a06e4cc7:  67% ▕████████████      ▏ 265 MB/394 MB  2.9 MB/s     44s[K[?25h[?2026l[?2026h[?25l[A[1Gpulling manifest [K
pulling fad2a06e4cc7:  67% ▕████████████      ▏ 265 MB/394 MB  2.9 MB/s     44s[K[?25h[?2026l[?2026h[?25l[A[1Gpulling manifest [K
pulling fad2a06e4cc7:  67% ▕████████████      ▏ 266 MB/394 MB  2.9 MB/s     44s[K[?25h[?2026l[?2026h[?25l[A[1Gpulling manifest [K
pulling fad2a06e4cc7:  68% ▕████████████      ▏ 266 MB/394 MB  2.9 MB/s     43s[K[?25h[?2026l[?2026h[?25l[A[1Gpulling manifest [K
pulling fad2a06e4cc7:  68% ▕████████████      ▏ 267 MB/394 MB  2.9 MB/s     43s[K[?25h[?2026l[?2026h[?25l[A[1Gpulling manifest [K
pulling fad2a06e4cc7:  68% ▕████████████      ▏ 267 MB/394 MB  3.6 MB/s     35s[K[?25h[?2026l[?2026h[?25l[A[1Gpulling manifest [K
pulling fad2a06e4cc7:  68% ▕████████████      ▏ 268 MB/394 MB  3.6 MB/s     35s[K[?25h[?2026l[?2026h[?25l[A[1Gpulling manifest [K
pulling fad2a06e4cc7:  68% ▕████████████      ▏ 268 MB/394 MB  3.6 MB/s     35s[K[?25h[?2026l[?2026h[?25l[A[1Gpulling manifest [K
pulling fad2a06e4cc7:  68% ▕████████████      ▏ 269 MB/394 MB  3.6 MB/s     35s[K[?25h[?2026l[?2026h[?25l[A[1Gpulling manifest [K
pulling fad2a06e4cc7:  68% ▕████████████      ▏ 269 MB/394 MB  3.6 MB/s     35s[K[?25h[?2026l[?2026h[?25l[A[1Gpulling manifest [K
pulling fad2a06e4cc7:  68% ▕████████████      ▏ 270 MB/394 MB  3.6 MB/s     34s[K[?25h[?2026l[?2026h[?25l[A[1Gpulling manifest [K
pulling fad2a06e4cc7:  69% ▕████████████      ▏ 270 MB/394 MB  3.6 MB/s     34s[K[?25h[?2026l[?2026h[?25l[A[1Gpulling manifest [K
pulling fad2a06e4cc7:  69% ▕████████████      ▏ 271 MB/394 MB  3.6 MB/s     34s[K[?25h[?2026l[?2026h[?25l[A[1Gpulling manifest [K
pulling fad2a06e4cc7:  69% ▕████████████      ▏ 271 MB/394 MB  3.6 MB/s     34s[K[?25h[?2026l[?2026h[?25l[A[1Gpulling manifest [K
pulling fad2a06e4cc7:  69% ▕████████████      ▏ 272 MB/394 MB  3.6 MB/s     34s[K[?25h[?2026l[?2026h[?25l[A[1Gpulling manifest [K
pulling fad2a06e4cc7:  69% ▕████████████      ▏ 272 MB/394 MB  3.9 MB/s     31s[K[?25h[?2026l[?2026h[?25l[A[1Gpulling manifest [K
pulling fad2a06e4cc7:  69% ▕████████████      ▏ 273 MB/394 MB  3.9 MB/s     31s[K[?25h[?2026l[?2026h[?25l[A[1Gpulling manifest [K
pulling fad2a06e4cc7:  69% ▕████████████      ▏ 273 MB/394 MB  3.9 MB/s     31s[K[?25h[?2026l[?2026h[?25l[A[1Gpulling manifest [K
pulling fad2a06e4cc7:  69% ▕████████████      ▏ 273 MB/394 MB  3.9 MB/s     31s[K[?25h[?2026l[?2026h[?25l[A[1Gpulling manifest [K
pulling fad2a06e4cc7:  69% ▕████████████      ▏ 274 MB/394 MB  3.9 MB/s     30s[K[?25h[?2026l[?2026h[?25l[A[1Gpulling manifest [K
pulling fad2a06e4cc7:  70% ▕████████████      ▏ 275 MB/394 MB  3.9 MB/s     30s[K[?25h[?2026l[?2026h[?25l[A[1Gpulling manifest [K
pulling fad2a06e4cc7:  70% ▕████████████      ▏ 275 MB/394 MB  3.9 MB/s     30s[K[?25h[?2026l[?2026h[?25l[A[1Gpulling manifest [K
pulling fad2a06e4cc7:  70% ▕████████████      ▏ 275 MB/394 MB  3.9 MB/s     30s[K[?25h[?2026l[?2026h[?25l[A[1Gpulling manifest [K
pulling fad2a06e4cc7:  70% ▕████████████      ▏ 276 MB/394 MB  3.9 MB/s     30s[K[?25h[?2026l[?2026h[?25l[A[1Gpulling manifest [K
pulling fad2a06e4cc7:  70% ▕████████████      ▏ 276 MB/394 MB  3.9 MB/s     30s[K[?25h[?2026l[?2026h[?25l[A[1Gpulling manifest [K
pulling fad2a06e4cc7:  70% ▕████████████      ▏ 277 MB/394 MB  4.1 MB/s     28s[K[?25h[?2026l[?2026h[?25l[A[1Gpulling manifest [K
pulling fad2a06e4cc7:  70% ▕████████████      ▏ 277 MB/394 MB  4.1 MB/s     28s[K[?25h[?2026l[?2026h[?25l[A[1Gpulling manifest [K
pulling fad2a06e4cc7:  70% ▕████████████      ▏ 278 MB/394 MB  4.1 MB/s     28s[K[?25h[?2026l[?2026h[?25l[A[1Gpulling manifest [K
pulling fad2a06e4cc7:  71% ▕████████████      ▏ 278 MB/394 MB  4.1 MB/s     28s[K[?25h[?2026l[?2026h[?25l[A[1Gpulling manifest [K
pulling fad2a06e4cc7:  71% ▕████████████      ▏ 279 MB/394 MB  4.1 MB/s     28s[K[?25h[?2026l[?2026h[?25l[A[1Gpulling manifest [K
pulling fad2a06e4cc7:  71% ▕████████████      ▏ 279 MB/394 MB  4.1 MB/s     28s[K[?25h[?2026l[?2026h[?25l[A[1Gpulling manifest [K
pulling fad2a06e4cc7:  71% ▕████████████      ▏ 280 MB/394 MB  4.1 MB/s     28s[K[?25h[?2026l[?2026h[?25l[A[1Gpulling manifest [K
pulling fad2a06e4cc7:  71% ▕████████████      ▏ 280 MB/394 MB  4.1 MB/s     28s[K[?25h[?2026l[?2026h[?25l[A[1Gpulling manifest [K
pulling fad2a06e4cc7:  71% ▕████████████      ▏ 280 MB/394 MB  4.1 MB/s     27s[K[?25h[?2026l[?2026h[?25l[A[1Gpulling manifest [K
pulling fad2a06e4cc7:  71% ▕████████████      ▏ 281 MB/394 MB  4.1 MB/s     27s[K[?25h[?2026l[?2026h[?25l[A[1Gpulling manifest [K
pulling fad2a06e4cc7:  71% ▕████████████      ▏ 281 MB/394 MB  4.1 MB/s     27s[K[?25h[?2026l[?2026h[?25l[A[1Gpulling manifest [K
pulling fad2a06e4cc7:  71% ▕████████████      ▏ 282 MB/394 MB  4.1 MB/s     27s[K[?25h[?2026l[?2026h[?25l[A[1Gpulling manifest [K
pulling fad2a06e4cc7:  72% ▕████████████      ▏ 282 MB/394 MB  4.1 MB/s     27s[K[?25h[?2026l[?2026h[?25l[A[1Gpulling manifest [K
pulling fad2a06e4cc7:  72% ▕████████████      ▏ 283 MB/394 MB  4.1 MB/s     27s[K[?25h[?2026l[?2026h[?25l[A[1Gpulling manifest [K
pulling fad2a06e4cc7:  72% ▕████████████      ▏ 283 MB/394 MB  4.1 MB/s     26s[K[?25h[?2026l[?2026h[?25l[A[1Gpulling manifest [K
pulling fad2a06e4cc7:  72% ▕████████████      ▏ 284 MB/394 MB  4.1 MB/s     26s[K[?25h[?2026l[?2026h[?25l[A[1Gpulling manifest [K
pulling fad2a06e4cc7:  72% ▕████████████      ▏ 284 MB/394 MB  4.1 MB/s     26s[K[?25h[?2026l[?2026h[?25l[A[1Gpulling manifest [K
pulling fad2a06e4cc7:  72% ▕████████████      ▏ 284 MB/394 MB  4.1 MB/s     26s[K[?25h[?2026l[?2026h[?25l[A[1Gpulling manifest [K
pulling fad2a06e4cc7:  72% ▕█████████████     ▏ 285 MB/394 MB  4.1 MB/s     26s[K[?25h[?2026l[?2026h[?25l[A[1Gpulling manifest [K
pulling fad2a06e4cc7:  72% ▕█████████████     ▏ 286 MB/394 MB  4.1 MB/s     26s[K[?25h[?2026l[?2026h[?25l[A[1Gpulling manifest [K
pulling fad2a06e4cc7:  73% ▕█████████████     ▏ 286 MB/394 MB  4.1 MB/s     26s[K[?25h[?2026l[?2026h[?25l[A[1Gpulling manifest [K
pulling fad2a06e4cc7:  73% ▕█████████████     ▏ 286 MB/394 MB  4.2 MB/s     25s[K[?25h[?2026l[?2026h[?25l[A[1Gpulling manifest [K
pulling fad2a06e4cc7:  73% ▕█████████████     ▏ 287 MB/394 MB  4.2 MB/s     25s[K[?25h[?2026l[?2026h[?25l[A[1Gpulling manifest [K
pulling fad2a06e4cc7:  73% ▕█████████████     ▏ 287 MB/394 MB  4.2 MB/s     25s[K[?25h[?2026l[?2026h[?25l[A[1Gpulling manifest [K
pulling fad2a06e4cc7:  73% ▕█████████████     ▏ 288 MB/394 MB  4.2 MB/s     25s[K[?25h[?2026l[?2026h[?25l[A[1Gpulling manifest [K
pulling fad2a06e4cc7:  73% ▕█████████████     ▏ 288 MB/394 MB  4.2 MB/s     25s[K[?25h[?2026l[?2026h[?25l[A[1Gpulling manifest [K
pulling fad2a06e4cc7:  73% ▕█████████████     ▏ 289 MB/394 MB  4.2 MB/s     25s[K[?25h[?2026l[?2026h[?25l[A[1Gpulling manifest [K
pulling fad2a06e4cc7:  73% ▕█████████████     ▏ 289 MB/394 MB  4.2 MB/s     24s[K[?25h[?2026l[?2026h[?25l[A[1Gpulling manifest [K
pulling fad2a06e4cc7:  74% ▕█████████████     ▏ 290 MB/394 MB  4.2 MB/s     24s[K[?25h[?2026l[?2026h[?25l[A[1Gpulling manifest [K
pulling fad2a06e4cc7:  74% ▕█████████████     ▏ 290 MB/394 MB  4.2 MB/s     24s[K[?25h[?2026l[?2026h[?25l[A[1Gpulling manifest [K
pulling fad2a06e4cc7:  74% ▕█████████████     ▏ 291 MB/394 MB  4.2 MB/s     24s[K[?25h[?2026l[?2026h[?25l[A[1Gpulling manifest [K
pulling fad2a06e4cc7:  74% ▕█████████████     ▏ 291 MB/394 MB  4.3 MB/s     23s[K[?25h[?2026l[?2026h[?25l[A[1Gpulling manifest [K
pulling fad2a06e4cc7:  74% ▕█████████████     ▏ 292 MB/394 MB  4.3 MB/s     23s[K[?25h[?2026l[?2026h[?25l[A[1Gpulling manifest [K
pulling fad2a06e4cc7:  74% ▕█████████████     ▏ 292 MB/394 MB  4.3 MB/s     23s[K[?25h[?2026l[?2026h[?25l[A[1Gpulling manifest [K
pulling fad2a06e4cc7:  74% ▕█████████████     ▏ 293 MB/394 MB  4.3 MB/s     23s[K[?25h[?2026l[?2026h[?25l[A[1Gpulling manifest [K
pulling fad2a06e4cc7:  74% ▕█████████████     ▏ 293 MB/394 MB  4.3 MB/s     23s[K[?25h[?2026l[?2026h[?25l[A[1Gpulling manifest [K
pulling fad2a06e4cc7:  74% ▕█████████████     ▏ 294 MB/394 MB  4.3 MB/s     23s[K[?25h[?2026l[?2026h[?25l[A[1Gpulling manifest [K
pulling fad2a06e4cc7:  75% ▕█████████████     ▏ 294 MB/394 MB  4.3 MB/s     23s[K[?25h[?2026l[?2026h[?25l[A[1Gpulling manifest [K
pulling fad2a06e4cc7:  75% ▕█████████████     ▏ 294 MB/394 MB  4.3 MB/s     23s[K[?25h[?2026l[?2026h[?25l[A[1Gpulling manifest [K
pulling fad2a06e4cc7:  75% ▕█████████████     ▏ 295 MB/394 MB  4.3 MB/s     23s[K[?25h[?2026l[?2026h[?25l[A[1Gpulling manifest [K
pulling fad2a06e4cc7:  75% ▕█████████████     ▏ 296 MB/394 MB  4.3 MB/s     22s[K[?25h[?2026l[?2026h[?25l[A[1Gpulling manifest [K
pulling fad2a06e4cc7:  75% ▕█████████████     ▏ 296 MB/394 MB  4.4 MB/s     22s[K[?25h[?2026l[?2026h[?25l[A[1Gpulling manifest [K
pulling fad2a06e4cc7:  75% ▕█████████████     ▏ 296 MB/394 MB  4.4 MB/s     22s[K[?25h[?2026l[?2026h[?25l[A[1Gpulling manifest [K
pulling fad2a06e4cc7:  75% ▕█████████████     ▏ 297 MB/394 MB  4.4 MB/s     22s[K[?25h[?2026l[?2026h[?25l[A[1Gpulling manifest [K
pulling fad2a06e4cc7:  75% ▕█████████████     ▏ 297 MB/394 MB  4.4 MB/s     22s[K[?25h[?2026l[?2026h[?25l[A[1Gpulling manifest [K
pulling fad2a06e4cc7:  76% ▕█████████████     ▏ 298 MB/394 MB  4.4 MB/s     22s[K[?25h[?2026l[?2026h[?25l[A[1Gpulling manifest [K
pulling fad2a06e4cc7:  76% ▕█████████████     ▏ 298 MB/394 MB  4.4 MB/s     21s[K[?25h[?2026l[?2026h[?25l[A[1Gpulling manifest [K
pulling fad2a06e4cc7:  76% ▕█████████████     ▏ 299 MB/394 MB  4.4 MB/s     21s[K[?25h[?2026l[?2026h[?25l[A[1Gpulling manifest [K
pulling fad2a06e4cc7:  76% ▕█████████████     ▏ 299 MB/394 MB  4.4 MB/s     21s[K[?25h[?2026l[?2026h[?25l[A[1Gpulling manifest [K
pulling fad2a06e4cc7:  76% ▕█████████████     ▏ 300 MB/394 MB  4.4 MB/s     21s[K[?25h[?2026l[?2026h[?25l[A[1Gpulling manifest [K
pulling fad2a06e4cc7:  76% ▕█████████████     ▏ 300 MB/394 MB  4.4 MB/s     21s[K[?25h[?2026l[?2026h[?25l[A[1Gpulling manifest [K
pulling fad2a06e4cc7:  76% ▕█████████████     ▏ 301 MB/394 MB  4.9 MB/s     19s[K[?25h[?2026l[?2026h[?25l[A[1Gpulling manifest [K
pulling fad2a06e4cc7:  76% ▕█████████████     ▏ 301 MB/394 MB  4.9 MB/s     19s[K[?25h[?2026l[?2026h[?25l[A[1Gpulling manifest [K
pulling fad2a06e4cc7:  76% ▕█████████████     ▏ 302 MB/394 MB  4.9 MB/s     18s[K[?25h[?2026l[?2026h[?25l[A[1Gpulling manifest [K
pulling fad2a06e4cc7:  77% ▕█████████████     ▏ 302 MB/394 MB  4.9 MB/s     18s[K[?25h[?2026l[?2026h[?25l[A[1Gpulling manifest [K
pulling fad2a06e4cc7:  77% ▕█████████████     ▏ 303 MB/394 MB  4.9 MB/s     18s[K[?25h[?2026l[?2026h[?25l[A[1Gpulling manifest [K
pulling fad2a06e4cc7:  77% ▕█████████████     ▏ 303 MB/394 MB  4.9 MB/s     18s[K[?25h[?2026l[?2026h[?25l[A[1Gpulling manifest [K
pulling fad2a06e4cc7:  77% ▕█████████████     ▏ 304 MB/394 MB  4.9 MB/s     18s[K[?25h[?2026l[?2026h[?25l[A[1Gpulling manifest [K
pulling fad2a06e4cc7:  77% ▕█████████████     ▏ 304 MB/394 MB  4.9 MB/s     18s[K[?25h[?2026l[?2026h[?25l[A[1Gpulling manifest [K
pulling fad2a06e4cc7:  77% ▕█████████████     ▏ 305 MB/394 MB  4.9 MB/s     18s[K[?25h[?2026l[?2026h[?25l[A[1Gpulling manifest [K
pulling fad2a06e4cc7:  77% ▕█████████████     ▏ 305 MB/394 MB  4.9 MB/s     18s[K[?25h[?2026l[?2026h[?25l[A[1Gpulling manifest [K
pulling fad2a06e4cc7:  77% ▕█████████████     ▏ 306 MB/394 MB  4.8 MB/s     18s[K[?25h[?2026l[?2026h[?25l[A[1Gpulling manifest [K
pulling fad2a06e4cc7:  78% ▕█████████████     ▏ 306 MB/394 MB  4.8 MB/s     18s[K[?25h[?2026l[?2026h[?25l[A[1Gpulling manifest [K
pulling fad2a06e4cc7:  78% ▕█████████████     ▏ 306 MB/394 MB  4.8 MB/s     18s[K[?25h[?2026l[?2026h[?25l[A[1Gpulling manifest [K
pulling fad2a06e4cc7:  78% ▕██████████████    ▏ 307 MB/394 MB  4.8 MB/s     18s[K[?25h[?2026l[?2026h[?25l[A[1Gpulling manifest [K
pulling fad2a06e4cc7:  78% ▕██████████████    ▏ 307 MB/394 MB  4.8 MB/s     18s[K[?25h[?2026l[?2026h[?25l[A[1Gpulling manifest [K
pulling fad2a06e4cc7:  78% ▕██████████████    ▏ 308 MB/394 MB  4.8 MB/s     18s[K[?25h[?2026l[?2026h[?25l[A[1Gpulling manifest [K
pulling fad2a06e4cc7:  78% ▕██████████████    ▏ 308 MB/394 MB  4.8 MB/s     17s[K[?25h[?2026l[?2026h[?25l[A[1Gpulling manifest [K
pulling fad2a06e4cc7:  78% ▕██████████████    ▏ 309 MB/394 MB  4.8 MB/s     17s[K[?25h[?2026l[?2026h[?25l[A[1Gpulling manifest [K
pulling fad2a06e4cc7:  78% ▕██████████████    ▏ 309 MB/394 MB  4.8 MB/s     17s[K[?25h[?2026l[?2026h[?25l[A[1Gpulling manifest [K
pulling fad2a06e4cc7:  79% ▕██████████████    ▏ 310 MB/394 MB  4.8 MB/s     17s[K[?25h[?2026l[?2026h[?25l[A[1Gpulling manifest [K
pulling fad2a06e4cc7:  79% ▕██████████████    ▏ 310 MB/394 MB  4.8 MB/s     17s[K[?25h[?2026l[?2026h[?25l[A[1Gpulling manifest [K
pulling fad2a06e4cc7:  79% ▕██████████████    ▏ 311 MB/394 MB  4.8 MB/s     17s[K[?25h[?2026l[?2026h[?25l[A[1Gpulling manifest [K
pulling fad2a06e4cc7:  79% ▕██████████████    ▏ 312 MB/394 MB  4.8 MB/s     17s[K[?25h[?2026l[?2026h[?25l[A[1Gpulling manifest [K
pulling fad2a06e4cc7:  79% ▕██████████████    ▏ 312 MB/394 MB  4.8 MB/s     17s[K[?25h[?2026l[?2026h[?25l[A[1Gpulling manifest [K
pulling fad2a06e4cc7:  79% ▕██████████████    ▏ 312 MB/394 MB  4.8 MB/s     17s[K[?25h[?2026l[?2026h[?25l[A[1Gpulling manifest [K
pulling fad2a06e4cc7:  79% ▕██████████████    ▏ 313 MB/394 MB  4.8 MB/s     16s[K[?25h[?2026l[?2026h[?25l[A[1Gpulling manifest [K
pulling fad2a06e4cc7:  79% ▕██████████████    ▏ 313 MB/394 MB  4.8 MB/s     16s[K[?25h[?2026l[?2026h[?25l[A[1Gpulling manifest [K
pulling fad2a06e4cc7:  79% ▕██████████████    ▏ 313 MB/394 MB  4.8 MB/s     16s[K[?25h[?2026l[?2026h[?25l[A[1Gpulling manifest [K
pulling fad2a06e4cc7:  80% ▕██████████████    ▏ 314 MB/394 MB  4.8 MB/s     16s[K[?25h[?2026l[?2026h[?25l[A[1Gpulling manifest [K
pulling fad2a06e4cc7:  80% ▕██████████████    ▏ 314 MB/394 MB  4.8 MB/s     16s[K[?25h[?2026l[?2026h[?25l[A[1Gpulling manifest [K
pulling fad2a06e4cc7:  80% ▕██████████████    ▏ 315 MB/394 MB  4.8 MB/s     16s[K[?25h[?2026l[?2026h[?25l[A[1Gpulling manifest [K
pulling fad2a06e4cc7:  80% ▕██████████████    ▏ 316 MB/394 MB  4.8 MB/s     16s[K[?25h[?2026l[?2026h[?25l[A[1Gpulling manifest [K
pulling fad2a06e4cc7:  80% ▕██████████████    ▏ 316 MB/394 MB  4.8 MB/s     16s[K[?25h[?2026l[?2026h[?25l[A[1Gpulling manifest [K
pulling fad2a06e4cc7:  80% ▕██████████████    ▏ 317 MB/394 MB  4.8 MB/s     16s[K[?25h[?2026l[?2026h[?25l[A[1Gpulling manifest [K
pulling fad2a06e4cc7:  80% ▕██████████████    ▏ 317 MB/394 MB  4.8 MB/s     16s[K[?25h[?2026l[?2026h[?25l[A[1Gpulling manifest [K
pulling fad2a06e4cc7:  81% ▕██████████████    ▏ 318 MB/394 MB  4.8 MB/s     16s[K[?25h[?2026l[?2026h[?25l[A[1Gpulling manifest [K
pulling fad2a06e4cc7:  81% ▕██████████████    ▏ 318 MB/394 MB  4.8 MB/s     15s[K[?25h[?2026l[?2026h[?25l[A[1Gpulling manifest [K
pulling fad2a06e4cc7:  81% ▕██████████████    ▏ 319 MB/394 MB  4.8 MB/s     15s[K[?25h[?2026l[?2026h[?25l[A[1Gpulling manifest [K
pulling fad2a06e4cc7:  81% ▕██████████████    ▏ 319 MB/394 MB  4.8 MB/s     15s[K[?25h[?2026l[?2026h[?25l[A[1Gpulling manifest [K
pulling fad2a06e4cc7:  81% ▕██████████████    ▏ 320 MB/394 MB  4.8 MB/s     15s[K[?25h[?2026l[?2026h[?25l[A[1Gpulling manifest [K
pulling fad2a06e4cc7:  81% ▕██████████████    ▏ 320 MB/394 MB  4.8 MB/s     15s[K[?25h[?2026l[?2026h[?25l[A[1Gpulling manifest [K
pulling fad2a06e4cc7:  81% ▕██████████████    ▏ 321 MB/394 MB  4.9 MB/s     15s[K[?25h[?2026l[?2026h[?25l[A[1Gpulling manifest [K
pulling fad2a06e4cc7:  81% ▕██████████████    ▏ 321 MB/394 MB  4.9 MB/s     15s[K[?25h[?2026l[?2026h[?25l[A[1Gpulling manifest [K
pulling fad2a06e4cc7:  82% ▕██████████████    ▏ 322 MB/394 MB  4.9 MB/s     14s[K[?25h[?2026l[?2026h[?25l[A[1Gpulling manifest [K
pulling fad2a06e4cc7:  82% ▕██████████████    ▏ 322 MB/394 MB  4.9 MB/s     14s[K[?25h[?2026l[?2026h[?25l[A[1Gpulling manifest [K
pulling fad2a06e4cc7:  82% ▕██████████████    ▏ 323 MB/394 MB  4.9 MB/s     14s[K[?25h[?2026l[?2026h[?25l[A[1Gpulling manifest [K
pulling fad2a06e4cc7:  82% ▕██████████████    ▏ 323 MB/394 MB  4.9 MB/s     14s[K[?25h[?2026l[?2026h[?25l[A[1Gpulling manifest [K
pulling fad2a06e4cc7:  82% ▕██████████████    ▏ 323 MB/394 MB  4.9 MB/s     14s[K[?25h[?2026l[?2026h[?25l[A[1Gpulling manifest [K
pulling fad2a06e4cc7:  82% ▕██████████████    ▏ 324 MB/394 MB  4.9 MB/s     14s[K[?25h[?2026l[?2026h[?25l[A[1Gpulling manifest [K
pulling fad2a06e4cc7:  82% ▕██████████████    ▏ 325 MB/394 MB  4.9 MB/s     14s[K[?25h[?2026l[?2026h[?25l[A[1Gpulling manifest [K
pulling fad2a06e4cc7:  82% ▕██████████████    ▏ 325 MB/394 MB  4.9 MB/s     14s[K[?25h[?2026l[?2026h[?25l[A[1Gpulling manifest [K
pulling fad2a06e4cc7:  83% ▕██████████████    ▏ 325 MB/394 MB  4.9 MB/s     14s[K[?25h[?2026l[?2026h[?25l[A[1Gpulling manifest [K
pulling fad2a06e4cc7:  83% ▕██████████████    ▏ 326 MB/394 MB  4.9 MB/s     13s[K[?25h[?2026l[?2026h[?25l[A[1Gpulling manifest [K
pulling fad2a06e4cc7:  83% ▕██████████████    ▏ 326 MB/394 MB  4.9 MB/s     13s[K[?25h[?2026l[?2026h[?25l[A[1Gpulling manifest [K
pulling fad2a06e4cc7:  83% ▕██████████████    ▏ 327 MB/394 MB  4.9 MB/s     13s[K[?25h[?2026l[?2026h[?25l[A[1Gpulling manifest [K
pulling fad2a06e4cc7:  83% ▕██████████████    ▏ 327 MB/394 MB  4.9 MB/s     13s[K[?25h[?2026l[?2026h[?25l[A[1Gpulling manifest [K
pulling fad2a06e4cc7:  83% ▕██████████████    ▏ 328 MB/394 MB  4.9 MB/s     13s[K[?25h[?2026l[?2026h[?25l[A[1Gpulling manifest [K
pulling fad2a06e4cc7:  83% ▕██████████████    ▏ 328 MB/394 MB  4.9 MB/s     13s[K[?25h[?2026l[?2026h[?25l[A[1Gpulling manifest [K
pulling fad2a06e4cc7:  83% ▕███████████████   ▏ 329 MB/394 MB  4.9 MB/s     13s[K[?25h[?2026l[?2026h[?25l[A[1Gpulling manifest [K
pulling fad2a06e4cc7:  83% ▕███████████████   ▏ 329 MB/394 MB  4.9 MB/s     13s[K[?25h[?2026l[?2026h[?25l[A[1Gpulling manifest [K
pulling fad2a06e4cc7:  84% ▕███████████████   ▏ 330 MB/394 MB  4.9 MB/s     13s[K[?25h[?2026l[?2026h[?25l[A[1Gpulling manifest [K
pulling fad2a06e4cc7:  84% ▕███████████████   ▏ 330 MB/394 MB  4.9 MB/s     13s[K[?25h[?2026l[?2026h[?25l[A[1Gpulling manifest [K
pulling fad2a06e4cc7:  84% ▕███████████████   ▏ 331 MB/394 MB  4.9 MB/s     13s[K[?25h[?2026l[?2026h[?25l[A[1Gpulling manifest [K
pulling fad2a06e4cc7:  84% ▕███████████████   ▏ 331 MB/394 MB  4.9 MB/s     12s[K[?25h[?2026l[?2026h[?25l[A[1Gpulling manifest [K
pulling fad2a06e4cc7:  84% ▕███████████████   ▏ 332 MB/394 MB  4.9 MB/s     12s[K[?25h[?2026l[?2026h[?25l[A[1Gpulling manifest [K
pulling fad2a06e4cc7:  84% ▕███████████████   ▏ 332 MB/394 MB  4.9 MB/s     12s[K[?25h[?2026l[?2026h[?25l[A[1Gpulling manifest [K
pulling fad2a06e4cc7:  84% ▕███████████████   ▏ 333 MB/394 MB  4.9 MB/s     12s[K[?25h[?2026l[?2026h[?25l[A[1Gpulling manifest [K
pulling fad2a06e4cc7:  84% ▕███████████████   ▏ 333 MB/394 MB  4.9 MB/s     12s[K[?25h[?2026l[?2026h[?25l[A[1Gpulling manifest [K
pulling fad2a06e4cc7:  85% ▕███████████████   ▏ 333 MB/394 MB  4.9 MB/s     12s[K[?25h[?2026l[?2026h[?25l[A[1Gpulling manifest [K
pulling fad2a06e4cc7:  85% ▕███████████████   ▏ 334 MB/394 MB  4.9 MB/s     12s[K[?25h[?2026l[?2026h[?25l[A[1Gpulling manifest [K
pulling fad2a06e4cc7:  85% ▕███████████████   ▏ 334 MB/394 MB  4.9 MB/s     12s[K[?25h[?2026l[?2026h[?25l[A[1Gpulling manifest [K
pulling fad2a06e4cc7:  85% ▕███████████████   ▏ 335 MB/394 MB  4.9 MB/s     12s[K[?25h[?2026l[?2026h[?25l[A[1Gpulling manifest [K
pulling fad2a06e4cc7:  85% ▕███████████████   ▏ 335 MB/394 MB  4.9 MB/s     12s[K[?25h[?2026l[?2026h[?25l[A[1Gpulling manifest [K
pulling fad2a06e4cc7:  85% ▕███████████████   ▏ 336 MB/394 MB  4.9 MB/s     11s[K[?25h[?2026l[?2026h[?25l[A[1Gpulling manifest [K
pulling fad2a06e4cc7:  85% ▕███████████████   ▏ 336 MB/394 MB  4.9 MB/s     11s[K[?25h[?2026l[?2026h[?25l[A[1Gpulling manifest [K
pulling fad2a06e4cc7:  85% ▕███████████████   ▏ 337 MB/394 MB  4.9 MB/s     11s[K[?25h[?2026l[?2026h[?25l[A[1Gpulling manifest [K
pulling fad2a06e4cc7:  86% ▕███████████████   ▏ 337 MB/394 MB  4.9 MB/s     11s[K[?25h[?2026l[?2026h[?25l[A[1Gpulling manifest [K
pulling fad2a06e4cc7:  86% ▕███████████████   ▏ 338 MB/394 MB  4.9 MB/s     11s[K[?25h[?2026l[?2026h[?25l[A[1Gpulling manifest [K
pulling fad2a06e4cc7:  86% ▕███████████████   ▏ 338 MB/394 MB  4.9 MB/s     11s[K[?25h[?2026l[?2026h[?25l[A[1Gpulling manifest [K
pulling fad2a06e4cc7:  86% ▕███████████████   ▏ 339 MB/394 MB  4.9 MB/s     11s[K[?25h[?2026l[?2026h[?25l[A[1Gpulling manifest [K
pulling fad2a06e4cc7:  86% ▕███████████████   ▏ 339 MB/394 MB  4.9 MB/s     11s[K[?25h[?2026l[?2026h[?25l[A[1Gpulling manifest [K
pulling fad2a06e4cc7:  86% ▕███████████████   ▏ 339 MB/394 MB  4.9 MB/s     11s[K[?25h[?2026l[?2026h[?25l[A[1Gpulling manifest [K
pulling fad2a06e4cc7:  86% ▕███████████████   ▏ 340 MB/394 MB  4.9 MB/s     11s[K[?25h[?2026l[?2026h[?25l[A[1Gpulling manifest [K
pulling fad2a06e4cc7:  86% ▕███████████████   ▏ 340 MB/394 MB  4.9 MB/s     11s[K[?25h[?2026l[?2026h[?25l[A[1Gpulling manifest [K
pulling fad2a06e4cc7:  86% ▕███████████████   ▏ 341 MB/394 MB  4.9 MB/s     11s[K[?25h[?2026l[?2026h[?25l[A[1Gpulling manifest [K
pulling fad2a06e4cc7:  87% ▕███████████████   ▏ 341 MB/394 MB  4.9 MB/s     10s[K[?25h[?2026l[?2026h[?25l[A[1Gpulling manifest [K
pulling fad2a06e4cc7:  87% ▕███████████████   ▏ 342 MB/394 MB  4.9 MB/s     10s[K[?25h[?2026l[?2026h[?25l[A[1Gpulling manifest [K
pulling fad2a06e4cc7:  87% ▕███████████████   ▏ 342 MB/394 MB  4.9 MB/s     10s[K[?25h[?2026l[?2026h[?25l[A[1Gpulling manifest [K
pulling fad2a06e4cc7:  87% ▕███████████████   ▏ 343 MB/394 MB  4.9 MB/s     10s[K[?25h[?2026l[?2026h[?25l[A[1Gpulling manifest [K
pulling fad2a06e4cc7:  87% ▕███████████████   ▏ 343 MB/394 MB  4.9 MB/s     10s[K[?25h[?2026l[?2026h[?25l[A[1Gpulling manifest [K
pulling fad2a06e4cc7:  87% ▕███████████████   ▏ 344 MB/394 MB  4.9 MB/s     10s[K[?25h[?2026l[?2026h[?25l[A[1Gpulling manifest [K
pulling fad2a06e4cc7:  87% ▕███████████████   ▏ 344 MB/394 MB  4.9 MB/s     10s[K[?25h[?2026l[?2026h[?25l[A[1Gpulling manifest [K
pulling fad2a06e4cc7:  87% ▕███████████████   ▏ 345 MB/394 MB  4.9 MB/s     10s[K[?25h[?2026l[?2026h[?25l[A[1Gpulling manifest [K
pulling fad2a06e4cc7:  88% ▕███████████████   ▏ 346 MB/394 MB  4.9 MB/s     10s[K[?25h[?2026l[?2026h[?25l[A[1Gpulling manifest [K
pulling fad2a06e4cc7:  88% ▕███████████████   ▏ 346 MB/394 MB  4.9 MB/s      9s[K[?25h[?2026l[?2026h[?25l[A[1Gpulling manifest [K
pulling fad2a06e4cc7:  88% ▕███████████████   ▏ 346 MB/394 MB  4.9 MB/s      9s[K[?25h[?2026l[?2026h[?25l[A[1Gpulling manifest [K
pulling fad2a06e4cc7:  88% ▕███████████████   ▏ 347 MB/394 MB  4.9 MB/s      9s[K[?25h[?2026l[?2026h[?25l[A[1Gpulling manifest [K
pulling fad2a06e4cc7:  88% ▕███████████████   ▏ 348 MB/394 MB  4.9 MB/s      9s[K[?25h[?2026l[?2026h[?25l[A[1Gpulling manifest [K
pulling fad2a06e4cc7:  88% ▕███████████████   ▏ 348 MB/394 MB  4.9 MB/s      9s[K[?25h[?2026l[?2026h[?25l[A[1Gpulling manifest [K
pulling fad2a06e4cc7:  88% ▕███████████████   ▏ 348 MB/394 MB  4.9 MB/s      9s[K[?25h[?2026l[?2026h[?25l[A[1Gpulling manifest [K
pulling fad2a06e4cc7:  88% ▕███████████████   ▏ 349 MB/394 MB  4.9 MB/s      9s[K[?25h[?2026l[?2026h[?25l[A[1Gpulling manifest [K
pulling fad2a06e4cc7:  88% ▕███████████████   ▏ 349 MB/394 MB  4.9 MB/s      9s[K[?25h[?2026l[?2026h[?25l[A[1Gpulling manifest [K
pulling fad2a06e4cc7:  89% ▕███████████████   ▏ 349 MB/394 MB  4.9 MB/s      9s[K[?25h[?2026l[?2026h[?25l[A[1Gpulling manifest [K
pulling fad2a06e4cc7:  89% ▕███████████████   ▏ 350 MB/394 MB  4.9 MB/s      9s[K[?25h[?2026l[?2026h[?25l[A[1Gpulling manifest [K
pulling fad2a06e4cc7:  89% ▕███████████████   ▏ 350 MB/394 MB  4.9 MB/s      9s[K[?25h[?2026l[?2026h[?25l[A[1Gpulling manifest [K
pulling fad2a06e4cc7:  89% ▕████████████████  ▏ 351 MB/394 MB  4.9 MB/s      8s[K[?25h[?2026l[?2026h[?25l[A[1Gpulling manifest [K
pulling fad2a06e4cc7:  89% ▕████████████████  ▏ 352 MB/394 MB  4.9 MB/s      8s[K[?25h[?2026l[?2026h[?25l[A[1Gpulling manifest [K
pulling fad2a06e4cc7:  89% ▕████████████████  ▏ 352 MB/394 MB  4.9 MB/s      8s[K[?25h[?2026l[?2026h[?25l[A[1Gpulling manifest [K
pulling fad2a06e4cc7:  89% ▕████████████████  ▏ 352 MB/394 MB  4.9 MB/s      8s[K[?25h[?2026l[?2026h[?25l[A[1Gpulling manifest [K
pulling fad2a06e4cc7:  89% ▕████████████████  ▏ 353 MB/394 MB  4.9 MB/s      8s[K[?25h[?2026l[?2026h[?25l[A[1Gpulling manifest [K
pulling fad2a06e4cc7:  90% ▕████████████████  ▏ 353 MB/394 MB  4.9 MB/s      8s[K[?25h[?2026l[?2026h[?25l[A[1Gpulling manifest [K
pulling fad2a06e4cc7:  90% ▕████████████████  ▏ 354 MB/394 MB  4.9 MB/s      8s[K[?25h[?2026l[?2026h[?25l[A[1Gpulling manifest [K
pulling fad2a06e4cc7:  90% ▕████████████████  ▏ 355 MB/394 MB  4.9 MB/s      8s[K[?25h[?2026l[?2026h[?25l[A[1Gpulling manifest [K
pulling fad2a06e4cc7:  90% ▕████████████████  ▏ 355 MB/394 MB  4.9 MB/s      8s[K[?25h[?2026l[?2026h[?25l[A[1Gpulling manifest [K
pulling fad2a06e4cc7:  90% ▕████████████████  ▏ 356 MB/394 MB  4.9 MB/s      7s[K[?25h[?2026l[?2026h[?25l[A[1Gpulling manifest [K
pulling fad2a06e4cc7:  90% ▕████████████████  ▏ 356 MB/394 MB  4.9 MB/s      7s[K[?25h[?2026l[?2026h[?25l[A[1Gpulling manifest [K
pulling fad2a06e4cc7:  90% ▕████████████████  ▏ 356 MB/394 MB  4.9 MB/s      7s[K[?25h[?2026l[?2026h[?25l[A[1Gpulling manifest [K
pulling fad2a06e4cc7:  90% ▕████████████████  ▏ 356 MB/394 MB  4.9 MB/s      7s[K[?25h[?2026l[?2026h[?25l[A[1Gpulling manifest [K
pulling fad2a06e4cc7:  90% ▕████████████████  ▏ 357 MB/394 MB  4.9 MB/s      7s[K[?25h[?2026l[?2026h[?25l[A[1Gpulling manifest [K
pulling fad2a06e4cc7:  90% ▕████████████████  ▏ 357 MB/394 MB  4.9 MB/s      7s[K[?25h[?2026l[?2026h[?25l[A[1Gpulling manifest [K
pulling fad2a06e4cc7:  91% ▕████████████████  ▏ 357 MB/394 MB  4.9 MB/s      7s[K[?25h[?2026l[?2026h[?25l[A[1Gpulling manifest [K
pulling fad2a06e4cc7:  91% ▕████████████████  ▏ 357 MB/394 MB  4.9 MB/s      7s[K[?25h[?2026l[?2026h[?25l[A[1Gpulling manifest [K
pulling fad2a06e4cc7:  91% ▕████████████████  ▏ 357 MB/394 MB  4.9 MB/s      7s[K[?25h[?2026l[?2026h[?25l[A[1Gpulling manifest [K
pulling fad2a06e4cc7:  91% ▕████████████████  ▏ 358 MB/394 MB  4.7 MB/s      7s[K[?25h[?2026l[?2026h[?25l[A[1Gpulling manifest [K
pulling fad2a06e4cc7:  91% ▕████████████████  ▏ 358 MB/394 MB  4.7 MB/s      7s[K[?25h[?2026l[?2026h[?25l[A[1Gpulling manifest [K
pulling fad2a06e4cc7:  91% ▕████████████████  ▏ 358 MB/394 MB  4.7 MB/s      7s[K[?25h[?2026l[?2026h[?25l[A[1Gpulling manifest [K
pulling fad2a06e4cc7:  91% ▕████████████████  ▏ 359 MB/394 MB  4.7 MB/s      7s[K[?25h[?2026l[?2026h[?25l[A[1Gpulling manifest [K
pulling fad2a06e4cc7:  91% ▕████████████████  ▏ 359 MB/394 MB  4.7 MB/s      7s[K[?25h[?2026l[?2026h[?25l[A[1Gpulling manifest [K
pulling fad2a06e4cc7:  91% ▕████████████████  ▏ 359 MB/394 MB  4.7 MB/s      7s[K[?25h[?2026l[?2026h[?25l[A[1Gpulling manifest [K
pulling fad2a06e4cc7:  91% ▕████████████████  ▏ 360 MB/394 MB  4.7 MB/s      7s[K[?25h[?2026l[?2026h[?25l[A[1Gpulling manifest [K
pulling fad2a06e4cc7:  91% ▕████████████████  ▏ 360 MB/394 MB  4.7 MB/s      7s[K[?25h[?2026l[?2026h[?25l[A[1Gpulling manifest [K
pulling fad2a06e4cc7:  91% ▕████████████████  ▏ 360 MB/394 MB  4.7 MB/s      7s[K[?25h[?2026l[?2026h[?25l[A[1Gpulling manifest [K
pulling fad2a06e4cc7:  91% ▕████████████████  ▏ 361 MB/394 MB  4.7 MB/s      7s[K[?25h[?2026l[?2026h[?25l[A[1Gpulling manifest [K
pulling fad2a06e4cc7:  92% ▕████████████████  ▏ 361 MB/394 MB  4.5 MB/s      7s[K[?25h[?2026l[?2026h[?25l[A[1Gpulling manifest [K
pulling fad2a06e4cc7:  92% ▕████████████████  ▏ 361 MB/394 MB  4.5 MB/s      7s[K[?25h[?2026l[?2026h[?25l[A[1Gpulling manifest [K
pulling fad2a06e4cc7:  92% ▕████████████████  ▏ 362 MB/394 MB  4.5 MB/s      7s[K[?25h[?2026l[?2026h[?25l[A[1Gpulling manifest [K
pulling fad2a06e4cc7:  92% ▕████████████████  ▏ 362 MB/394 MB  4.5 MB/s      7s[K[?25h[?2026l[?2026h[?25l[A[1Gpulling manifest [K
pulling fad2a06e4cc7:  92% ▕████████████████  ▏ 363 MB/394 MB  4.5 MB/s      7s[K[?25h[?2026l[?2026h[?25l[A[1Gpulling manifest [K
pulling fad2a06e4cc7:  92% ▕████████████████  ▏ 363 MB/394 MB  4.5 MB/s      7s[K[?25h[?2026l[?2026h[?25l[A[1Gpulling manifest [K
pulling fad2a06e4cc7:  92% ▕████████████████  ▏ 364 MB/394 MB  4.5 MB/s      6s[K[?25h[?2026l[?2026h[?25l[A[1Gpulling manifest [K
pulling fad2a06e4cc7:  92% ▕████████████████  ▏ 364 MB/394 MB  4.5 MB/s      6s[K[?25h[?2026l[?2026h[?25l[A[1Gpulling manifest [K
pulling fad2a06e4cc7:  92% ▕████████████████  ▏ 365 MB/394 MB  4.5 MB/s      6s[K[?25h[?2026l[?2026h[?25l[A[1Gpulling manifest [K
pulling fad2a06e4cc7:  93% ▕████████████████  ▏ 365 MB/394 MB  4.5 MB/s      6s[K[?25h[?2026l[?2026h[?25l[A[1Gpulling manifest [K
pulling fad2a06e4cc7:  93% ▕████████████████  ▏ 366 MB/394 MB  4.5 MB/s      6s[K[?25h[?2026l[?2026h[?25l[A[1Gpulling manifest [K
pulling fad2a06e4cc7:  93% ▕████████████████  ▏ 366 MB/394 MB  4.5 MB/s      6s[K[?25h[?2026l[?2026h[?25l[A[1Gpulling manifest [K
pulling fad2a06e4cc7:  93% ▕████████████████  ▏ 367 MB/394 MB  4.5 MB/s      6s[K[?25h[?2026l[?2026h[?25l[A[1Gpulling manifest [K
pulling fad2a06e4cc7:  93% ▕████████████████  ▏ 367 MB/394 MB  4.5 MB/s      6s[K[?25h[?2026l[?2026h[?25l[A[1Gpulling manifest [K
pulling fad2a06e4cc7:  93% ▕████████████████  ▏ 368 MB/394 MB  4.5 MB/s      5s[K[?25h[?2026l[?2026h[?25l[A[1Gpulling manifest [K
pulling fad2a06e4cc7:  94% ▕████████████████  ▏ 369 MB/394 MB  4.5 MB/s      5s[K[?25h[?2026l[?2026h[?25l[A[1Gpulling manifest [K
pulling fad2a06e4cc7:  94% ▕████████████████  ▏ 369 MB/394 MB  4.5 MB/s      5s[K[?25h[?2026l[?2026h[?25l[A[1Gpulling manifest [K
pulling fad2a06e4cc7:  94% ▕████████████████  ▏ 370 MB/394 MB  4.5 MB/s      5s[K[?25h[?2026l[?2026h[?25l[A[1Gpulling manifest [K
pulling fad2a06e4cc7:  94% ▕████████████████  ▏ 371 MB/394 MB  4.5 MB/s      5s[K[?25h[?2026l[?2026h[?25l[A[1Gpulling manifest [K
pulling fad2a06e4cc7:  94% ▕████████████████  ▏ 372 MB/394 MB  4.5 MB/s      5s[K[?25h[?2026l[?2026h[?25l[A[1Gpulling manifest [K
pulling fad2a06e4cc7:  94% ▕████████████████  ▏ 373 MB/394 MB  4.7 MB/s      4s[K[?25h[?2026l[?2026h[?25l[A[1Gpulling manifest [K
pulling fad2a06e4cc7:  95% ▕█████████████████ ▏ 374 MB/394 MB  4.7 MB/s      4s[K[?25h[?2026l[?2026h[?25l[A[1Gpulling manifest [K
pulling fad2a06e4cc7:  95% ▕█████████████████ ▏ 374 MB/394 MB  4.7 MB/s      4s[K[?25h[?2026l[?2026h[?25l[A[1Gpulling manifest [K
pulling fad2a06e4cc7:  95% ▕█████████████████ ▏ 375 MB/394 MB  4.7 MB/s      4s[K[?25h[?2026l[?2026h[?25l[A[1Gpulling manifest [K
pulling fad2a06e4cc7:  95% ▕█████████████████ ▏ 376 MB/394 MB  4.7 MB/s      3s[K[?25h[?2026l[?2026h[?25l[A[1Gpulling manifest [K
pulling fad2a06e4cc7:  95% ▕█████████████████ ▏ 377 MB/394 MB  4.7 MB/s      3s[K[?25h[?2026l[?2026h[?25l[A[1Gpulling manifest [K
pulling fad2a06e4cc7:  96% ▕█████████████████ ▏ 377 MB/394 MB  4.7 MB/s      3s[K[?25h[?2026l[?2026h[?25l[A[1Gpulling manifest [K
pulling fad2a06e4cc7:  96% ▕█████████████████ ▏ 377 MB/394 MB  4.7 MB/s      3s[K[?25h[?2026l[?2026h[?25l[A[1Gpulling manifest [K
pulling fad2a06e4cc7:  96% ▕█████████████████ ▏ 377 MB/394 MB  4.7 MB/s      3s[K[?25h[?2026l[?2026h[?25l[A[1Gpulling manifest [K
pulling fad2a06e4cc7:  96% ▕█████████████████ ▏ 377 MB/394 MB  4.7 MB/s      3s[K[?25h[?2026l[?2026h[?25l[A[1Gpulling manifest [K
pulling fad2a06e4cc7:  96% ▕█████████████████ ▏ 378 MB/394 MB  4.8 MB/s      3s[K[?25h[?2026l[?2026h[?25l[A[1Gpulling manifest [K
pulling fad2a06e4cc7:  96% ▕█████████████████ ▏ 378 MB/394 MB  4.8 MB/s      3s[K[?25h[?2026l[?2026h[?25l[A[1Gpulling manifest [K
pulling fad2a06e4cc7:  96% ▕█████████████████ ▏ 378 MB/394 MB  4.8 MB/s      3s[K[?25h[?2026l[?2026h[?25l[A[1Gpulling manifest [K
pulling fad2a06e4cc7:  96% ▕█████████████████ ▏ 378 MB/394 MB  4.8 MB/s      3s[K[?25h[?2026l[?2026h[?25l[A[1Gpulling manifest [K
pulling fad2a06e4cc7:  96% ▕█████████████████ ▏ 380 MB/394 MB  4.8 MB/s      3s[K[?25h[?2026l[?2026h[?25l[A[1Gpulling manifest [K
pulling fad2a06e4cc7:  97% ▕█████████████████ ▏ 382 MB/394 MB  4.8 MB/s      2s[K[?25h[?2026l[?2026h[?25l[A[1Gpulling manifest [K
pulling fad2a06e4cc7:  97% ▕█████████████████ ▏ 382 MB/394 MB  4.8 MB/s      2s[K[?25h[?2026l[?2026h[?25l[A[1Gpulling manifest [K
pulling fad2a06e4cc7:  97% ▕█████████████████ ▏ 383 MB/394 MB  4.8 MB/s      2s[K[?25h[?2026l[?2026h[?25l[A[1Gpulling manifest [K
pulling fad2a06e4cc7:  97% ▕█████████████████ ▏ 383 MB/394 MB  4.8 MB/s      2s[K[?25h[?2026l[?2026h[?25l[A[1Gpulling manifest [K
pulling fad2a06e4cc7:  97% ▕█████████████████ ▏ 384 MB/394 MB  4.8 MB/s      2s[K[?25h[?2026l[?2026h[?25l[A[1Gpulling manifest [K
pulling fad2a06e4cc7:  97% ▕█████████████████ ▏ 384 MB/394 MB  4.8 MB/s      2s[K[?25h[?2026l[?2026h[?25l[A[1Gpulling manifest [K
pulling fad2a06e4cc7:  97% ▕█████████████████ ▏ 385 MB/394 MB  4.9 MB/s      2s[K[?25h[?2026l[?2026h[?25l[A[1Gpulling manifest [K
pulling fad2a06e4cc7:  98% ▕█████████████████ ▏ 385 MB/394 MB  4.9 MB/s      1s[K[?25h[?2026l[?2026h[?25l[A[1Gpulling manifest [K
pulling fad2a06e4cc7:  98% ▕█████████████████ ▏ 385 MB/394 MB  4.9 MB/s      1s[K[?25h[?2026l[?2026h[?25l[A[1Gpulling manifest [K
pulling fad2a06e4cc7:  98% ▕█████████████████ ▏ 386 MB/394 MB  4.9 MB/s      1s[K[?25h[?2026l[?2026h[?25l[A[1Gpulling manifest [K
pulling fad2a06e4cc7:  98% ▕█████████████████ ▏ 387 MB/394 MB  4.9 MB/s      1s[K[?25h[?2026l[?2026h[?25l[A[1Gpulling manifest [K
pulling fad2a06e4cc7:  98% ▕█████████████████ ▏ 387 MB/394 MB  4.9 MB/s      1s[K[?25h[?2026l[?2026h[?25l[1G⠙ [K[?25h[?2026l[?2026h[?25l[1G⠙ [K[?25h[?2026l[?2026h[?25l[1G⠹ [K[?25h[?2026l[?2026h[?25l[1G⠼ [K[?25h[?2026l[?2026h[?25l[1G⠴ [K[?25h[?2026l[?2026h[?25l[1G⠴ [K[?25h[?2026l[?2026h[?25l[1G⠧ [K[?25h[?2026l[?2026h[?25l[1G⠇ [K[?25h[?2026l[?25l[?2026h[?25l[1G[K[?25h[?2026l[2K[1G[?25hHello[?25l[?25h![?25l[?25h How[?25l[?25h can[?25l[?25h I[?25l[?25h help[?25l[?25h you[?25l[?25h today[?25l[?25h?[?25l[?25h

[?25l[?25h[?2026h[?25l[1G⠙ [K[?25h[?2026l[?2026h[?25l[1G⠹ [K[?25h[?2026l[?2026h[?25l[1G⠸ [K[?25h[?2026l[?2026h[?25l[1G⠼ [K[?25h[?2026l[?2026h[?25l[1G⠴ [K[?25h[?2026l[?2026h[?25l[1G⠦ [K[?25h[?2026l[?2026h[?25l[1G⠧ [K[?25h[?2026l[?2026h[?25l[1G⠇ [K[?25h[?2026l[?2026h[?25l[1G⠏ [K[?25h[?2026l[?25l[?2026h[?25l[1G[K[?25h[?2026l[2K[1G[?25hHello[?25l[?25h![?25l[?25h How[?25l[?25h can[?25l[?25h I[?25l[?25h assist[?25l[?25h you[?25l[?25h today[?25l[?25h?[?25l[?25h

[?25l[?25h[?2026h[?25l[1G⠙ [K[?25h[?2026l[?2026h[?25l[1G⠙ [K[?25h[?2026l[?2026h[?25l[1G⠹ [K[?25h[?2026l[?2026h[?25l[1G⠼ [K[?25h[?2026l[?2026h[?25l[1G⠴ [K[?25h[?2026l[?2026h[?25l[1G⠴ [K[?25h[?2026l[?2026h[?25l[1G⠦ [K[?25h[?2026l[?2026h[?25l[1G⠧ [K[?25h[?2026l[?2026h[?25l[1G⠏ [K[?25h[?2026l[?25l[?2026h[?25l[1G[K[?25h[?2026l[2K[1G[?25hHello[?25l[?25h![?25l[?25h How[?25l[?25h can[?25l[?25h I[?25l[?25h assist[?25l[?25h you[?25l[?25h today[?25l[?25h?[?25l[?25h

[?25l[?25h[?2026h[?25l[1G⠙ [K[?25h[?2026l[?2026h[?25l[1G⠹ [K[?25h[?2026l[?2026h[?25l[1G⠹ [K[?25h[?2026l[?2026h[?25l[1G⠸ [K[?25h[?2026l[?2026h[?25l[1G⠼ [K[?25h[?2026l[?2026h[?25l[1G⠴ [K[?25h[?2026l[?2026h[?25l[1G⠧ [K[?25h[?2026l[?2026h[?25l[1G⠧ [K[?25h[?2026l[?25l[?2026h[?25l[1G[K[?25h[?2026l[2K[1G[?25hHello[?25l[?25h![?25l[?25h How[?25l[?25h can[?25l[?25h I[?25l[?25h help[?25l[?25h you[?25l[?25h today[?25l[?25h?[?25l[?25h

[?25l[?25h[?2026h[?25l[1G⠋ [K[?25h[?2026l[?2026h[?25l[1G⠙ [K[?25h[?2026l[?2026h[?25l[1G⠸ [K[?25h[?2026l[?2026h[?25l[1G⠼ [K[?25h[?2026l[?2026h[?25l[1G⠼ [K[?25h[?2026l[?2026h[?25l[1G⠴ [K[?25h[?2026l[?2026h[?25l[1G⠦ [K[?25h[?2026l[?2026h[?25l[1G⠧ [K[?25h[?2026l[?2026h[?25l[1G⠇ [K[?25h[?2026l[?25l[?2026h[?25l[1G[K[?25h[?2026l[2K[1G[?25hHello[?25l[?25h![?25l[?25h How[?25l[?25h can[?25l[?25h I[?25l[?25h assist[?25l[?25h you[?25l[?25h today[?25l[?25h?[?25l[?25h

[?25l[?25h