[?2026h[?25l[1Gpulling manifest ⠋ [K[?25h[?2026l[?2026h[?25l[1Gpulling manifest ⠙ [K[?25h[?2026l[?2026h[?25l[1Gpulling manifest ⠹ [K[?25h[?2026l[?2026h[?25l[1Gpulling manifest ⠸ [K[?25h[?2026l[?2026h[?25l[1Gpulling manifest ⠼ [K[?25h[?2026l[?2026h[?25l[1Gpulling manifest ⠴ [K[?25h[?2026l[?2026h[?25l[1Gpulling manifest ⠦ [K[?25h[?2026l[?2026h[?25l[1Gpulling manifest ⠇ [K[?25h[?2026l[?2026h[?25l[1Gpulling manifest ⠇ [K[?25h[?2026l[?2026h[?25l[1Gpulling manifest ⠏ [K[?25h[?2026l[?2026h[?25l[1Gpulling manifest ⠋ [K[?25h[?2026l[?2026h[?25l[1Gpulling manifest ⠙ [K[?25h[?2026l[?2026h[?25l[1Gpulling manifest ⠹ [K[?25h[?2026l[?2026h[?25l[1Gpulling manifest [K
pulling fad2a06e4cc7:  33% ▕█████             ▏ 130 MB/394 MB                  [K[?25h[?2026l[?2026h[?25l[A[1Gpulling manifest [K
pulling fad2a06e4cc7:  33% ▕█████             ▏ 130 MB/394 MB                  [K[?25h[?2026l[?2026h[?25l[A[1Gpulling manifest [K
pulling fad2a06e4cc7:  33% ▕█████             ▏ 130 MB/394 MB                  [K[?25h[?2026l[?2026h[?25l[A[1Gpulling manifest [K
pulling fad2a06e4cc7:  33% ▕█████             ▏ 130 MB/394 MB                  [K[?25h[?2026l[?2026h[?25l[A[1Gpulling manifest [K
pulling fad2a06e4cc7:  33% ▕█████             ▏ 130 MB/394 MB                  [K[?25h[?2026l[?2026h[?25l[A[1Gpulling manifest [K
pulling fad2a06e4cc7:  33% ▕█████             ▏ 130 MB/394 MB                  [K[?25h[?2026l[?2026h[?25l[A[1Gpulling manifest [K
pulling fad2a06e4cc7:  33% ▕█████             ▏ 130 MB/394 MB                  [K[?25h[?2026l[?2026h[?25l[A[1Gpulling manifest [K
pulling fad2a06e4cc7:  33% ▕█████             ▏ 130 MB/394 MB                  [K[?25h[?2026l[?2026h[?25l[A[1Gpulling manifest [K
pulling fad2a06e4cc7:  33% ▕█████             ▏ 130 MB/394 MB                  [K[?25h[?2026l[?2026h[?25l[A[1Gpulling manifest [K
pulling fad2a06e4cc7:  33% ▕█████             ▏ 130 MB/394 MB                  [K[?25h[?2026l[?2026h[?25l[A[1Gpulling manifest [K
pulling fad2a06e4cc7:  33% ▕█████             ▏ 130 MB/394 MB  370 KB/s  11m53s[K[?25h[?2026l[?2026h[?25l[A[1Gpulling manifest [K
pulling fad2a06e4cc7:  33% ▕█████             ▏ 131 MB/394 MB  370 KB/s  11m52s[K[?25h[?2026l[?2026h[?25l[A[1Gpulling manifest [K
pulling fad2a06e4cc7:  33% ▕██████            ▏ 132 MB/394 MB  370 KB/s  11m50s[K[?25h[?2026l[?2026h[?25l[A[1Gpulling manifest [K
pulling fad2a06e4cc7:  33% ▕██████            ▏ 132 MB/394 MB  370 KB/s  11m50s[K[?25h[?2026l[?2026h[?25l[A[1Gpulling manifest [K
pulling fad2a06e4cc7:  34% ▕██████            ▏ 132 MB/394 MB  370 KB/s  11m49s[K[?25h[?2026l[?2026h[?25l[A[1Gpulling manifest [K
pulling fad2a06e4cc7:  34% ▕██████            ▏ 132 MB/394 MB  370 KB/s  11m48s[K[?25h[?2026l[?2026h[?25l[A[1Gpulling manifest [K
pulling fad2a06e4cc7:  34% ▕██████            ▏ 132 MB/394 MB  370 KB/s  11m48s[K[?25h[?2026l[?2026h[?25l[A[1Gpulling manifest [K
pulling fad2a06e4cc7:  34% ▕██████            ▏ 133 MB/394 MB  370 KB/s  11m47s[K[?25h[?2026l[?2026h[?25l[A[1Gpulling manifest [K
pulling fad2a06e4cc7:  34% ▕██████            ▏ 133 MB/394 MB  370 KB/s  11m47s[K[?25h[?2026l[?2026h[?25l[A[1Gpulling manifest [K
pulling fad2a06e4cc7:  34% ▕██████            ▏ 133 MB/394 MB  370 KB/s  11m47s[K[?25h[?2026l[?2026h[?25l[A[1Gpulling manifest [K
pulling fad2a06e4cc7:  34% ▕██████            ▏ 134 MB/394 MB  2.0 MB/s   2m10s[K[?25h[?2026l[?2026h[?25l[A[1Gpulling manifest [K
pulling fad2a06e4cc7:  34% ▕██████            ▏ 134 MB/394 MB  2.0 MB/s   2m10s[K[?25h[?2026l[?2026h[?25l[A[1Gpulling manifest [K
pulling fad2a06e4cc7:  34% ▕██████            ▏ 135 MB/394 MB  2.0 MB/s   2m10s[K[?25h[?2026l[?2026h[?25l[A[1Gpulling manifest [K
pulling fad2a06e4cc7:  35% ▕██████            ▏ 136 MB/394 MB  2.0 MB/s    2m9s[K[?25h[?2026l[?2026h[?25l[A[1Gpulling manifest [K
pulling fad2a06e4cc7:  35% ▕██████            ▏ 137 MB/394 MB  2.0 MB/s    2m9s[K[?25h[?2026l[?2026h[?25l[A[1Gpulling manifest [K
pulling fad2a06e4cc7:  35% ▕██████            ▏ 137 MB/394 MB  2.0 MB/s    2m9s[K[?25h[?2026l[?2026h[?25l[A[1Gpulling manifest [K
pulling fad2a06e4cc7:  35% ▕██████            ▏ 137 MB/394 MB  2.0 MB/s    2m8s[K[?25h[?2026l[?2026h[?25l[A[1Gpulling manifest [K
pulling fad2a06e4cc7:  35% ▕██████            ▏ 138 MB/394 MB  2.0 MB/s    2m8s[K[?25h[?2026l[?2026h[?25l[A[1Gpulling manifest [K
pulling fad2a06e4cc7:  35% ▕██████            ▏ 139 MB/394 MB  2.0 MB/s    2m8s[K[?25h[?2026l[?2026h[?25l[A[1Gpulling manifest [K
pulling fad2a06e4cc7:  35% ▕██████            ▏ 139 MB/394 MB  2.0 MB/s    2m8s[K[?25h[?2026l[?2026h[?25l[A[1Gpulling manifest [K
pulling fad2a06e4cc7:  36% ▕██████            ▏ 140 MB/394 MB  3.4 MB/s   1m15s[K[?25h[?2026l[?2026h[?25l[A[1Gpulling manifest [K
pulling fad2a06e4cc7:  36% ▕██████            ▏ 140 MB/394 MB  3.4 MB/s   1m15s[K[?25h[?2026l[?2026h[?25l[A[1Gpulling manifest [K
pulling fad2a06e4cc7:  36% ▕██████            ▏ 141 MB/394 MB  3.4 MB/s   1m14s[K[?25h[?2026l[?2026h[?25l[A[1Gpulling manifest [K
pulling fad2a06e4cc7:  36% ▕██████            ▏ 142 MB/394 MB  3.4 MB/s   1m14s[K[?25h[?2026l[?2026h[?25l[A[1Gpulling manifest [K
pulling fad2a06e4cc7:  36% ▕██████            ▏ 142 MB/394 MB  3.4 MB/s   1m14s[K[?25h[?2026l[?2026h[?25l[A[1Gpulling manifest [K
pulling fad2a06e4cc7:  36% ▕██████            ▏ 142 MB/394 MB  3.4 MB/s   1m14s[K[?25h[?2026l[?2026h[?25l[A[1Gpulling manifest [K
pulling fad2a06e4cc7:  36% ▕██████            ▏ 143 MB/394 MB  3.4 MB/s   1m14s[K[?25h[?2026l[?2026h[?25l[A[1Gpulling manifest [K
pulling fad2a06e4cc7:  36% ▕██████            ▏ 143 MB/394 MB  3.4 MB/s   1m14s[K[?25h[?2026l[?2026h[?25l[A[1Gpulling manifest [K
pulling fad2a06e4cc7:  37% ▕██████            ▏ 144 MB/394 MB  3.4 MB/s   1m14s[K[?25h[?2026l[?2026h[?25l[A[1Gpulling manifest [K
pulling fad2a06e4cc7:  37% ▕██████            ▏ 144 MB/394 MB  3.4 MB/s   1m13s[K[?25h[?2026l[?2026h[?25l[A[1Gpulling manifest [K
pulling fad2a06e4cc7:  37% ▕██████            ▏ 145 MB/394 MB  3.4 MB/s   1m13s[K[?25h[?2026l[?2026h[?25l[A[1Gpulling manifest [K
pulling fad2a06e4cc7:  37% ▕██████            ▏ 145 MB/394 MB  3.7 MB/s    1m6s[K[?25h[?2026l[?2026h[?25l[A[1Gpulling manifest [K
pulling fad2a06e4cc7:  37% ▕██████            ▏ 146 MB/394 MB  3.7 MB/s    1m6s[K[?25h[?2026l[?2026h[?25l[A[1Gpulling manifest [K
pulling fad2a06e4cc7:  37% ▕██████            ▏ 146 MB/394 MB  3.7 MB/s    1m6s[K[?25h[?2026l[?2026h[?25l[A[1Gpulling manifest [K
pulling fad2a06e4cc7:  37% ▕██████            ▏ 147 MB/394 MB  3.7 MB/s    1m6s[K[?25h[?2026l[?2026h[?25l[A[1Gpulling manifest [K
pulling fad2a06e4cc7:  37% ▕██████            ▏ 147 MB/394 MB  3.7 MB/s    1m6s[K[?25h[?2026l[?2026h[?25l[A[1Gpulling manifest [K
pulling fad2a06e4cc7:  37% ▕██████            ▏ 147 MB/394 MB  3.7 MB/s    1m6s[K[?25h[?2026l[?2026h[?25l[A[1Gpulling manifest [K
pulling fad2a06e4cc7:  38% ▕██████            ▏ 148 MB/394 MB  3.7 MB/s    1m5s[K[?25h[?2026l[?2026h[?25l[A[1Gpulling manifest [K
pulling fad2a06e4cc7:  38% ▕██████            ▏ 149 MB/394 MB  3.7 MB/s    1m5s[K[?25h[?2026l[?2026h[?25l[A[1Gpulling manifest [K
pulling fad2a06e4cc7:  38% ▕██████            ▏ 149 MB/394 MB  3.7 MB/s    1m5s[K[?25h[?2026l[?2026h[?25l[A[1Gpulling manifest [K
pulling fad2a06e4cc7:  38% ▕██████            ▏ 149 MB/394 MB  3.7 MB/s    1m5s[K[?25h[?2026l[?2026h[?25l[A[1Gpulling manifest [K
pulling fad2a06e4cc7:  38% ▕██████            ▏ 150 MB/394 MB  3.9 MB/s    1m2s[K[?25h[?2026l[?2026h[?25l[A[1Gpulling manifest [K
pulling fad2a06e4cc7:  38% ▕██████            ▏ 150 MB/394 MB  3.9 MB/s    1m2s[K[?25h[?2026l[?2026h[?25l[A[1Gpulling manifest [K
pulling fad2a06e4cc7:  38% ▕██████            ▏ 151 MB/394 MB  3.9 MB/s    1m2s[K[?25h[?2026l[?2026h[?25l[A[1Gpulling manifest [K
pulling fad2a06e4cc7:  38% ▕██████            ▏ 151 MB/394 MB  3.9 MB/s    1m2s[K[?25h[?2026l[?2026h[?25l[A[1Gpulling manifest [K
pulling fad2a06e4cc7:  39% ▕██████            ▏ 152 MB/394 MB  3.9 MB/s    1m2s[K[?25h[?2026l[?2026h[?25l[A[1Gpulling manifest [K
pulling fad2a06e4cc7:  39% ▕██████            ▏ 152 MB/394 MB  3.9 MB/s    1m2s[K[?25h[?2026l[?2026h[?25l[A[1Gpulling manifest [K
pulling fad2a06e4cc7:  39% ▕██████            ▏ 153 MB/394 MB  3.9 MB/s    1m1s[K[?25h[?2026l[?2026h[?25l[A[1Gpulling manifest [K
pulling fad2a06e4cc7:  39% ▕██████            ▏ 153 MB/394 MB  3.9 MB/s    1m1s[K[?25h[?2026l[?2026h[?25l[A[1Gpulling manifest [K
pulling fad2a06e4cc7:  39% ▕███████           ▏ 154 MB/394 MB  3.9 MB/s    1m1s[K[?25h[?2026l[?2026h[?25l[A[1Gpulling manifest [K
pulling fad2a06e4cc7:  39% ▕███████           ▏ 154 MB/394 MB  3.9 MB/s    1m1s[K[?25h[?2026l[?2026h[?25l[A[1Gpulling manifest [K
pulling fad2a06e4cc7:  39% ▕███████           ▏ 155 MB/394 MB  4.1 MB/s     58s[K[?25h[?2026l[?2026h[?25l[A[1Gpulling manifest [K
pulling fad2a06e4cc7:  39% ▕███████           ▏ 155 MB/394 MB  4.1 MB/s     58s[K[?25h[?2026l[?2026h[?25l[A[1Gpulling manifest [K
pulling fad2a06e4cc7:  40% ▕███████           ▏ 156 MB/394 MB  4.1 MB/s     58s[K[?25h[?2026l[?2026h[?25l[A[1Gpulling manifest [K
pulling fad2a06e4cc7:  40% ▕███████           ▏ 156 MB/394 MB  4.1 MB/s     58s[K[?25h[?2026l[?2026h[?25l[A[1Gpulling manifest [K
pulling fad2a06e4cc7:  40% ▕███████           ▏ 157 MB/394 MB  4.1 MB/s     58s[K[?25h[?2026l[?2026h[?25l[A[1Gpulling manifest [K
pulling fad2a06e4cc7:  40% ▕███████           ▏ 157 MB/394 MB  4.1 MB/s     57s[K[?25h[?2026l[?2026h[?25l[A[1Gpulling manifest [K
pulling fad2a06e4cc7:  40% ▕███████           ▏ 157 MB/394 MB  4.1 MB/s     57s[K[?25h[?2026l[?2026h[?25l[A[1Gpulling manifest [K
pulling fad2a06e4cc7:  40% ▕███████           ▏ 158 MB/394 MB  4.1 MB/s     57s[K[?25h[?2026l[?2026h[?25l[A[1Gpulling manifest [K
pulling fad2a06e4cc7:  40% ▕███████           ▏ 159 MB/394 MB  4.1 MB/s     57s[K[?25h[?2026l[?2026h[?25l[A[1Gpulling manifest [K
pulling fad2a06e4cc7:  40% ▕███████           ▏ 159 MB/394 MB  4.1 MB/s     57s[K[?25h[?2026l[?2026h[?25l[A[1Gpulling manifest [K
pulling fad2a06e4cc7:  40% ▕███████           ▏ 159 MB/394 MB  4.2 MB/s     55s[K[?25h[?2026l[?2026h[?25l[A[1Gpulling manifest [K
pulling fad2a06e4cc7:  41% ▕███████           ▏ 160 MB/394 MB  4.2 MB/s     55s[K[?25h[?2026l[?2026h[?25l[A[1Gpulling manifest [K
pulling fad2a06e4cc7:  41% ▕███████           ▏ 160 MB/394 MB  4.2 MB/s     55s[K[?25h[?2026l[?2026h[?25l[A[1Gpulling manifest [K
pulling fad2a06e4cc7:  41% ▕███████           ▏ 161 MB/394 MB  4.2 MB/s     55s[K[?25h[?2026l[?2026h[?25l[A[1Gpulling manifest [K
pulling fad2a06e4cc7:  41% ▕███████           ▏ 162 MB/394 MB  4.2 MB/s     55s[K[?25h[?2026l[?2026h[?25l[A[1Gpulling manifest [K
pulling fad2a06e4cc7:  41% ▕███████           ▏ 162 MB/394 MB  4.2 MB/s     55s[K[?25h[?2026l[?2026h[?25l[A[1Gpulling manifest [K
pulling fad2a06e4cc7:  41% ▕███████           ▏ 162 MB/394 MB  4.2 MB/s     55s[K[?25h[?2026l[?2026h[?25l[A[1Gpulling manifest [K
pulling fad2a06e4cc7:  41% ▕███████           ▏ 163 MB/394 MB  4.2 MB/s     54s[K[?25h[?2026l[?2026h[?25l[A[1Gpulling manifest [K
pulling fad2a06e4cc7:  41% ▕███████           ▏ 163 MB/394 MB  4.2 MB/s     54s[K[?25h[?2026l[?2026h[?25l[A[1Gpulling manifest [K
pulling fad2a06e4cc7:  42% ▕███████           ▏ 164 MB/394 MB  4.2 MB/s     54s[K[?25h[?2026l[?2026h[?25l[A[1Gpulling manifest [K
pulling fad2a06e4cc7:  42% ▕███████           ▏ 165 MB/394 MB  4.3 MB/s     53s[K[?25h[?2026l[?2026h[?25l[A[1Gpulling manifest [K
pulling fad2a06e4cc7:  42% ▕███████           ▏ 165 MB/394 MB  4.3 MB/s     53s[K[?25h[?2026l[?2026h[?25l[A[1Gpulling manifest [K
pulling fad2a06e4cc7:  42% ▕███████           ▏ 165 MB/394 MB  4.3 MB/s     53s[K[?25h[?2026l[?2026h[?25l[A[1Gpulling manifest [K
pulling fad2a06e4cc7:  42% ▕███████           ▏ 166 MB/394 MB  4.3 MB/s     52s[K[?25h[?2026l[?2026h[?25l[A[1Gpulling manifest [K
pulling fad2a06e4cc7:  42% ▕███████           ▏ 166 MB/394 MB  4.3 MB/s     52s[K[?25h[?2026l[?2026h[?25l[A[1Gpulling manifest [K
pulling fad2a06e4cc7:  42% ▕███████           ▏ 167 MB/394 MB  4.3 MB/s     52s[K[?25h[?2026l[?2026h[?25l[A[1Gpulling manifest [K
pulling fad2a06e4cc7:  42% ▕███████           ▏ 167 MB/394 MB  4.3 MB/s     52s[K[?25h[?2026l[?2026h[?25l[A[1Gpulling manifest [K
pulling fad2a06e4cc7:  43% ▕███████           ▏ 168 MB/394 MB  4.3 MB/s     52s[K[?25h[?2026l[?2026h[?25l[A[1Gpulling manifest [K
pulling fad2a06e4cc7:  43% ▕███████           ▏ 168 MB/394 MB  4.3 MB/s     52s[K[?25h[?2026l[?2026h[?25l[A[1Gpulling manifest [K
pulling fad2a06e4cc7:  43% ▕███████           ▏ 169 MB/394 MB  4.3 MB/s     52s[K[?25h[?2026l[?2026h[?25l[A[1Gpulling manifest [K
pulling fad2a06e4cc7:  43% ▕███████           ▏ 169 MB/394 MB  4.3 MB/s     52s[K[?25h[?2026l[?2026h[?25l[A[1Gpulling manifest [K
pulling fad2a06e4cc7:  43% ▕███████           ▏ 169 MB/394 MB  4.4 MB/s     51s[K[?25h[?2026l[?2026h[?25l[A[1Gpulling manifest [K
pulling fad2a06e4cc7:  43% ▕███████           ▏ 170 MB/394 MB  4.4 MB/s     51s[K[?25h[?2026l[?2026h[?25l[A[1Gpulling manifest [K
pulling fad2a06e4cc7:  43% ▕███████           ▏ 170 MB/394 MB  4.4 MB/s     51s[K[?25h[?2026l[?2026h[?25l[A[1Gpulling manifest [K
pulling fad2a06e4cc7:  44% ▕███████           ▏ 172 MB/394 MB  4.4 MB/s     51s[K[?25h[?2026l[?2026h[?25l[A[1Gpulling manifest [K
pulling fad2a06e4cc7:  44% ▕███████           ▏ 172 MB/394 MB  4.4 MB/s     50s[K[?25h[?2026l[?2026h[?25l[A[1Gpulling manifest [K
pulling fad2a06e4cc7:  44% ▕███████           ▏ 172 MB/394 MB  4.4 MB/s     50s[K[?25h[?2026l[?2026h[?25l[A[1Gpulling manifest [K
pulling fad2a06e4cc7:  44% ▕███████           ▏ 173 MB/394 MB  4.4 MB/s     50s[K[?25h[?2026l[?2026h[?25l[A[1Gpulling manifest [K
pulling fad2a06e4cc7:  44% ▕███████           ▏ 173 MB/394 MB  4.4 MB/s     50s[K[?25h[?2026l[?2026h[?25l[A[1Gpulling manifest [K
pulling fad2a06e4cc7:  44% ▕███████           ▏ 173 MB/394 MB  4.4 MB/s     50s[K[?25h[?2026l[?2026h[?25l[A[1Gpulling manifest [K
pulling fad2a06e4cc7:  44% ▕███████           ▏ 174 MB/394 MB  4.4 MB/s     50s[K[?25h[?2026l[?2026h[?25l[A[1Gpulling manifest [K
pulling fad2a06e4cc7:  44% ▕███████           ▏ 175 MB/394 MB  4.9 MB/s     45s[K[?25h[?2026l[?2026h[?25l[A[1Gpulling manifest [K
pulling fad2a06e4cc7:  44% ▕███████           ▏ 175 MB/394 MB  4.9 MB/s     44s[K[?25h[?2026l[?2026h[?25l[A[1Gpulling manifest [K
pulling fad2a06e4cc7:  45% ▕████████          ▏ 175 MB/394 MB  4.9 MB/s     44s[K[?25h[?2026l[?2026h[?25l[A[1Gpulling manifest [K
pulling fad2a06e4cc7:  45% ▕████████          ▏ 176 MB/394 MB  4.9 MB/s     44s[K[?25h[?2026l[?2026h[?25l[A[1Gpulling manifest [K
pulling fad2a06e4cc7:  45% ▕████████          ▏ 176 MB/394 MB  4.9 MB/s     44s[K[?25h[?2026l[?2026h[?25l[A[1Gpulling manifest [K
pulling fad2a06e4cc7:  45% ▕████████          ▏ 177 MB/394 MB  4.9 MB/s     44s[K[?25h[?2026l[?2026h[?25l[A[1Gpulling manifest [K
pulling fad2a06e4cc7:  45% ▕████████          ▏ 177 MB/394 MB  4.9 MB/s     44s[K[?25h[?2026l[?2026h[?25l[A[1Gpulling manifest [K
pulling fad2a06e4cc7:  45% ▕████████          ▏ 177 MB/394 MB  4.9 MB/s     44s[K[?25h[?2026l[?2026h[?25l[A[1Gpulling manifest [K
pulling fad2a06e4cc7:  45% ▕████████          ▏ 178 MB/394 MB  4.9 MB/s     44s[K[?25h[?2026l[?2026h[?25l[A[1Gpulling manifest [K
pulling fad2a06e4cc7:  46% ▕████████          ▏ 179 MB/394 MB  4.9 MB/s     44s[K[?25h[?2026l[?2026h[?25l[A[1Gpulling manifest [K
pulling fad2a06e4cc7:  46% ▕████████          ▏ 180 MB/394 MB  5.1 MB/s     42s[K[?25h[?2026l[?2026h[?25l[A[1Gpulling manifest [K
pulling fad2a06e4cc7:  46% ▕████████          ▏ 180 MB/394 MB  5.1 MB/s     42s[K[?25h[?2026l[?2026h[?25l[A[1Gpulling manifest [K
pulling fad2a06e4cc7:  46% ▕████████          ▏ 180 MB/394 MB  5.1 MB/s     42s[K[?25h[?2026l[?2026h[?25l[A[1Gpulling manifest [K
pulling fad2a06e4cc7:  46% ▕████████          ▏ 180 MB/394 MB  5.1 MB/s     42s[K[?25h[?2026l[?2026h[?25l[A[1Gpulling manifest [K
pulling fad2a06e4cc7:  46% ▕████████          ▏ 181 MB/394 MB  5.1 MB/s     42s[K[?25h[?2026l[?2026h[?25l[A[1Gpulling manifest [K
pulling fad2a06e4cc7:  46% ▕████████          ▏ 181 MB/394 MB  5.1 MB/s     42s[K[?25h[?2026l[?2026h[?25l[A[1Gpulling manifest [K
pulling fad2a06e4cc7:  46% ▕████████          ▏ 181 MB/394 MB  5.1 MB/s     42s[K[?25h[?2026l[?2026h[?25l[A[1Gpulling manifest [K
pulling fad2a06e4cc7:  46% ▕████████          ▏ 182 MB/394 MB  5.1 MB/s     41s[K[?25h[?2026l[?2026h[?25l[A[1Gpulling manifest [K
pulling fad2a06e4cc7:  46% ▕████████          ▏ 183 MB/394 MB  5.1 MB/s     41s[K[?25h[?2026l[?2026h[?25l[A[1Gpulling manifest [K
pulling fad2a06e4cc7:  47% ▕████████          ▏ 183 MB/394 MB  5.1 MB/s     41s[K[?25h[?2026l[?2026h[?25l[A[1Gpulling manifest [K
pulling fad2a06e4cc7:  47% ▕████████          ▏ 184 MB/394 MB  4.9 MB/s     42s[K[?25h[?2026l[?2026h[?25l[A[1Gpulling manifest [K
pulling fad2a06e4cc7:  47% ▕████████          ▏ 185 MB/394 MB  4.9 MB/s     42s[K[?25h[?2026l[?2026h[?25l[A[1Gpulling manifest [K
pulling fad2a06e4cc7:  47% ▕████████          ▏ 185 MB/394 MB  4.9 MB/s     42s[K[?25h[?2026l[?2026h[?25l[A[1Gpulling manifest [K
pulling fad2a06e4cc7:  47% ▕████████          ▏ 186 MB/394 MB  4.9 MB/s     42s[K[?25h[?2026l[?2026h[?25l[A[1Gpulling manifest [K
pulling fad2a06e4cc7:  47% ▕████████          ▏ 186 MB/394 MB  4.9 MB/s     42s[K[?25h[?2026l[?2026h[?25l[A[1Gpulling manifest [K
pulling fad2a06e4cc7:  47% ▕████████          ▏ 187 MB/394 MB  4.9 MB/s     42s[K[?25h[?2026l[?2026h[?25l[A[1Gpulling manifest [K
pulling fad2a06e4cc7:  48% ▕████████          ▏ 187 MB/394 MB  4.9 MB/s     42s[K[?25h[?2026l[?2026h[?25l[A[1Gpulling manifest [K
pulling fad2a06e4cc7:  48% ▕████████          ▏ 188 MB/394 MB  4.9 MB/s     42s[K[?25h[?2026l[?2026h[?25l[A[1Gpulling manifest [K
pulling fad2a06e4cc7:  48% ▕████████          ▏ 188 MB/394 MB  4.9 MB/s     42s[K[?25h[?2026l[?2026h[?25l[A[1Gpulling manifest [K
pulling fad2a06e4cc7:  48% ▕████████          ▏ 189 MB/394 MB  4.9 MB/s     41s[K[?25h[?2026l[?2026h[?25l[A[1Gpulling manifest [K
pulling fad2a06e4cc7:  48% ▕████████          ▏ 189 MB/394 MB  4.9 MB/s     41s[K[?25h[?2026l[?2026h[?25l[A[1Gpulling manifest [K
pulling fad2a06e4cc7:  48% ▕████████          ▏ 189 MB/394 MB  4.9 MB/s     41s[K[?25h[?2026l[?2026h[?25l[A[1Gpulling manifest [K
pulling fad2a06e4cc7:  48% ▕████████          ▏ 190 MB/394 MB  4.9 MB/s     41s[K[?25h[?2026l[?2026h[?25l[A[1Gpulling manifest [K
pulling fad2a06e4cc7:  48% ▕████████          ▏ 190 MB/394 MB  4.9 MB/s     41s[K[?25h[?2026l[?2026h[?25l[A[1Gpulling manifest [K
pulling fad2a06e4cc7:  48% ▕████████          ▏ 190 MB/394 MB  4.9 MB/s     41s[K[?25h[?2026l[?2026h[?25l[A[1Gpulling manifest [K
pulling fad2a06e4cc7:  48% ▕████████          ▏ 191 MB/394 MB  4.9 MB/s     41s[K[?25h[?2026l[?2026h[?25l[A[1Gpulling manifest [K
pulling fad2a06e4cc7:  49% ▕████████          ▏ 191 MB/394 MB  4.9 MB/s     41s[K[?25h[?2026l[?2026h[?25l[A[1Gpulling manifest [K
pulling fad2a06e4cc7:  49% ▕████████          ▏ 192 MB/394 MB  4.9 MB/s     41s[K[?25h[?2026l[?2026h[?25l[A[1Gpulling manifest [K
pulling fad2a06e4cc7:  49% ▕████████          ▏ 192 MB/394 MB  4.9 MB/s     41s[K[?25h[?2026l[?2026h[?25l[A[1Gpulling manifest [K
pulling fad2a06e4cc7:  49% ▕████████          ▏ 192 MB/394 MB  4.9 MB/s     41s[K[?25h[?2026l[?2026h[?25l[A[1Gpulling manifest [K
pulling fad2a06e4cc7:  49% ▕████████          ▏ 193 MB/394 MB  4.9 MB/s     40s[K[?25h[?2026l[?2026h[?25l[A[1Gpulling manifest [K
pulling fad2a06e4cc7:  49% ▕████████          ▏ 193 MB/394 MB  4.8 MB/s     41s[K[?25h[?2026l[?2026h[?25l[A[1Gpulling manifest [K
pulling fad2a06e4cc7:  49% ▕████████          ▏ 193 MB/394 MB  4.8 MB/s     41s[K[?25h[?2026l[?2026h[?25l[A[1Gpulling manifest [K
pulling fad2a06e4cc7:  49% ▕████████          ▏ 194 MB/394 MB  4.8 MB/s     41s[K[?25h[?2026l[?2026h[?25l[A[1Gpulling manifest [K
pulling fad2a06e4cc7:  49% ▕████████          ▏ 194 MB/394 MB  4.8 MB/s     41s[K[?25h[?2026l[?2026h[?25l[A[1Gpulling manifest [K
pulling fad2a06e4cc7:  49% ▕████████          ▏ 195 MB/394 MB  4.8 MB/s     41s[K[?25h[?2026l[?2026h[?25l[A[1Gpulling manifest [K
pulling fad2a06e4cc7:  49% ▕████████          ▏ 195 MB/394 MB  4.8 MB/s     41s[K[?25h[?2026l[?2026h[?25l[A[1Gpulling manifest [K
pulling fad2a06e4cc7:  50% ▕████████          ▏ 195 MB/394 MB  4.8 MB/s     41s[K[?25h[?2026l[?2026h[?25l[A[1Gpulling manifest [K
pulling fad2a06e4cc7:  50% ▕████████          ▏ 196 MB/394 MB  4.8 MB/s     41s[K[?25h[?2026l[?2026h[?25l[A[1Gpulling manifest [K
pulling fad2a06e4cc7:  50% ▕████████          ▏ 196 MB/394 MB  4.8 MB/s     41s[K[?25h[?2026l[?2026h[?25l[A[1Gpulling manifest [K
pulling fad2a06e4cc7:  50% ▕████████          ▏ 196 MB/394 MB  4.8 MB/s     41s[K[?25h[?2026l[?2026h[?25l[A[1Gpulling manifest [K
pulling fad2a06e4cc7:  50% ▕████████          ▏ 197 MB/394 MB  4.7 MB/s     42s[K[?25h[?2026l[?2026h[?25l[A[1Gpulling manifest [K
pulling fad2a06e4cc7:  50% ▕█████████         ▏ 197 MB/394 MB  4.7 MB/s     42s[K[?25h[?2026l[?2026h[?25l[A[1Gpulling manifest [K
pulling fad2a06e4cc7:  50% ▕█████████         ▏ 198 MB/394 MB  4.7 MB/s     42s[K[?25h[?2026l[?2026h[?25l[A[1Gpulling manifest [K
pulling fad2a06e4cc7:  50% ▕█████████         ▏ 198 MB/394 MB  4.7 MB/s     42s[K[?25h[?2026l[?2026h[?25l[A[1Gpulling manifest [K
pulling fad2a06e4cc7:  50% ▕█████████         ▏ 198 MB/394 MB  4.7 MB/s     41s[K[?25h[?2026l[?2026h[?25l[A[1Gpulling manifest [K
pulling fad2a06e4cc7:  50% ▕█████████         ▏ 199 MB/394 MB  4.7 MB/s     41s[K[?25h[?2026l[?2026h[?25l[A[1Gpulling manifest [K
pulling fad2a06e4cc7:  51% ▕█████████         ▏ 199 MB/394 MB  4.7 MB/s     41s[K[?25h[?2026l[?2026h[?25l[A[1Gpulling manifest [K
pulling fad2a06e4cc7:  51% ▕█████████         ▏ 199 MB/394 MB  4.7 MB/s     41s[K[?25h[?2026l[?2026h[?25l[A[1Gpulling manifest [K
pulling fad2a06e4cc7:  51% ▕█████████         ▏ 200 MB/394 MB  4.7 MB/s     41s[K[?25h[?2026l[?2026h[?25l[A[1Gpulling manifest [K
pulling fad2a06e4cc7:  51% ▕█████████         ▏ 200 MB/394 MB  4.7 MB/s     41s[K[?25h[?2026l[?2026h[?25l[A[1Gpulling manifest [K
pulling fad2a06e4cc7:  51% ▕█████████         ▏ 201 MB/394 MB  4.6 MB/s     42s[K[?25h[?2026l[?2026h[?25l[A[1Gpulling manifest [K
pulling fad2a06e4cc7:  51% ▕█████████         ▏ 201 MB/394 MB  4.6 MB/s     42s[K[?25h[?2026l[?2026h[?25l[A[1Gpulling manifest [K
pulling fad2a06e4cc7:  51% ▕█████████         ▏ 202 MB/394 MB  4.6 MB/s     42s[K[?25h[?2026l[?2026h[?25l[A[1Gpulling manifest [K
pulling fad2a06e4cc7:  51% ▕█████████         ▏ 202 MB/394 MB  4.6 MB/s     41s[K[?25h[?2026l[?2026h[?25l[A[1Gpulling manifest [K
pulling fad2a06e4cc7:  51% ▕█████████         ▏ 203 MB/394 MB  4.6 MB/s     41s[K[?25h[?2026l[?2026h[?25l[A[1Gpulling manifest [K
pulling fad2a06e4cc7:  52% ▕█████████         ▏ 203 MB/394 MB  4.6 MB/s     41s[K[?25h[?2026l[?2026h[?25l[A[1Gpulling manifest [K
pulling fad2a06e4cc7:  52% ▕█████████         ▏ 204 MB/394 MB  4.6 MB/s     41s[K[?25h[?2026l[?2026h[?25l[A[1Gpulling manifest [K
pulling fad2a06e4cc7:  52% ▕█████████         ▏ 204 MB/394 MB  4.6 MB/s     41s[K[?25h[?2026l[?2026h[?25l[A[1Gpulling manifest [K
pulling fad2a06e4cc7:  52% ▕█████████         ▏ 205 MB/394 MB  4.6 MB/s     41s[K[?25h[?2026l[?2026h[?25l[A[1Gpulling manifest [K
pulling fad2a06e4cc7:  52% ▕█████████         ▏ 205 MB/394 MB  4.6 MB/s     41s[K[?25h[?2026l[?2026h[?25l[A[1Gpulling manifest [K
pulling fad2a06e4cc7:  52% ▕█████████         ▏ 206 MB/394 MB  4.6 MB/s     40s[K[?25h[?2026l[?2026h[?25l[A[1Gpulling manifest [K
pulling fad2a06e4cc7:  53% ▕█████████         ▏ 207 MB/394 MB  4.6 MB/s     40s[K[?25h[?2026l[?2026h[?25l[A[1Gpulling manifest [K
pulling fad2a06e4cc7:  53% ▕█████████         ▏ 207 MB/394 MB  4.6 MB/s     40s[K[?25h[?2026l[?2026h[?25l[A[1Gpulling manifest [K
pulling fad2a06e4cc7:  53% ▕█████████         ▏ 208 MB/394 MB  4.6 MB/s     40s[K[?25h[?2026l[?2026h[?25l[A[1Gpulling manifest [K
pulling fad2a06e4cc7:  53% ▕█████████         ▏ 209 MB/394 MB  4.6 MB/s     40s[K[?25h[?2026l[?2026h[?25l[A[1Gpulling manifest [K
pulling fad2a06e4cc7:  53% ▕█████████         ▏ 209 MB/394 MB  4.6 MB/s     39s[K[?25h[?2026l[?2026h[?25l[A[1Gpulling manifest [K
pulling fad2a06e4cc7:  53% ▕█████████         ▏ 210 MB/394 MB  4.6 MB/s     39s[K[?25h[?2026l[?2026h[?25l[A[1Gpulling manifest [K
pulling fad2a06e4cc7:  54% ▕█████████         ▏ 211 MB/394 MB  4.6 MB/s     39s[K[?25h[?2026l[?2026h[?25l[A[1Gpulling manifest [K
pulling fad2a06e4cc7:  54% ▕█████████         ▏ 212 MB/394 MB  4.6 MB/s     39s[K[?25h[?2026l[?2026h[?25l[A[1Gpulling manifest [K
pulling fad2a06e4cc7:  54% ▕█████████         ▏ 213 MB/394 MB  4.6 MB/s     39s[K[?25h[?2026l[?2026h[?25l[A[1Gpulling manifest [K
pulling fad2a06e4cc7:  54% ▕█████████         ▏ 214 MB/394 MB  4.9 MB/s     36s[K[?25h[?2026l[?2026h[?25l[A[1Gpulling manifest [K
pulling fad2a06e4cc7:  54% ▕█████████         ▏ 214 MB/394 MB  4.9 MB/s     36s[K[?25h[?2026l[?2026h[?25l[A[1Gpulling manifest [K
pulling fad2a06e4cc7:  54% ▕█████████         ▏ 214 MB/394 MB  4.9 MB/s     36s[K[?25h[?2026l[?2026h[?25l[A[1Gpulling manifest [K
pulling fad2a06e4cc7:  54% ▕█████████         ▏ 215 MB/394 MB  4.9 MB/s     36s[K[?25h[?2026l[?2026h[?25l[A[1Gpulling manifest [K
pulling fad2a06e4cc7:  54% ▕█████████         ▏ 215 MB/394 MB  4.9 MB/s     36s[K[?25h[?2026l[?2026h[?25l[A[1Gpulling manifest [K
pulling fad2a06e4cc7:  55% ▕█████████         ▏ 215 MB/394 MB  4.9 MB/s     36s[K[?25h[?2026l[?2026h[?25l[A[1Gpulling manifest [K
pulling fad2a06e4cc7:  55% ▕█████████         ▏ 215 MB/394 MB  4.9 MB/s     36s[K[?25h[?2026l[?2026h[?25l[A[1Gpulling manifest [K
pulling fad2a06e4cc7:  55% ▕█████████         ▏ 215 MB/394 MB  4.9 MB/s     36s[K[?25h[?2026l[?2026h[?25l[A[1Gpulling manifest [K
pulling fad2a06e4cc7:  55% ▕█████████         ▏ 216 MB/394 MB  4.9 MB/s     36s[K[?25h[?2026l[?2026h[?25l[A[1Gpulling manifest [K
pulling fad2a06e4cc7:  55% ▕█████████         ▏ 217 MB/394 MB  4.9 MB/s     35s[K[?25h[?2026l[?2026h[?25l[A[1Gpulling manifest [K
pulling fad2a06e4cc7:  55% ▕█████████         ▏ 218 MB/394 MB  4.9 MB/s     35s[K[?25h[?2026l[?2026h[?25l[A[1Gpulling manifest [K
pulling fad2a06e4cc7:  55% ▕█████████         ▏ 219 MB/394 MB  4.9 MB/s     35s[K[?25h[?2026l[?2026h[?25l[A[1Gpulling manifest [K
pulling fad2a06e4cc7:  56% ▕██████████        ▏ 219 MB/394 MB  4.9 MB/s     35s[K[?25h[?2026l[?2026h[?25l[A[1Gpulling manifest [K
pulling fad2a06e4cc7:  56% ▕██████████        ▏ 219 MB/394 MB  4.9 MB/s     35s[K[?25h[?2026l[?2026h[?25l[A[1Gpulling manifest [K
pulling fad2a06e4cc7:  56% ▕██████████        ▏ 220 MB/394 MB  4.9 MB/s     35s[K[?25h[?2026l[?2026h[?25l[A[1Gpulling manifest [K
pulling fad2a06e4cc7:  56% ▕██████████        ▏ 221 MB/394 MB  4.9 MB/s     35s[K[?25h[?2026l[?2026h[?25l[A[1Gpulling manifest [K
pulling fad2a06e4cc7:  56% ▕██████████        ▏ 221 MB/394 MB  4.9 MB/s     35s[K[?25h[?2026l[?2026h[?25l[A[1Gpulling manifest [K
pulling fad2a06e4cc7:  56% ▕██████████        ▏ 221 MB/394 MB  4.9 MB/s     35s[K[?25h[?2026l[?2026h[?25l[A[1Gpulling manifest [K
pulling fad2a06e4cc7:  56% ▕██████████        ▏ 221 MB/394 MB  4.9 MB/s     35s[K[?25h[?2026l[?2026h[?25l[A[1Gpulling manifest [K
pulling fad2a06e4cc7:  56% ▕██████████        ▏ 221 MB/394 MB  4.9 MB/s     35s[K[?25h[?2026l[?2026h[?25l[A[1Gpulling manifest [K
pulling fad2a06e4cc7:  56% ▕██████████        ▏ 221 MB/394 MB  4.9 MB/s     35s[K[?25h[?2026l[?2026h[?25l[A[1Gpulling manifest [K
pulling fad2a06e4cc7:  56% ▕██████████        ▏ 221 MB/394 MB  4.6 MB/s     37s[K[?25h[?2026l[?2026h[?25l[A[1Gpulling manifest [K
pulling fad2a06e4cc7:  56% ▕██████████        ▏ 221 MB/394 MB  4.6 MB/s     37s[K[?25h[?2026l[?2026h[?25l[A[1Gpulling manifest [K
pulling fad2a06e4cc7:  56% ▕██████████        ▏ 221 MB/394 MB  4.6 MB/s     37s[K[?25h[?2026l[?2026h[?25l[A[1Gpulling manifest [K
pulling fad2a06e4cc7:  56% ▕██████████        ▏ 221 MB/394 MB  4.6 MB/s     37s[K[?25h[?2026l[?2026h[?25l[A[1Gpulling manifest [K
pulling fad2a06e4cc7:  56% ▕██████████        ▏ 221 MB/394 MB  4.6 MB/s     37s[K[?25h[?2026l[?2026h[?25l[A[1Gpulling manifest [K
pulling fad2a06e4cc7:  56% ▕██████████        ▏ 221 MB/394 MB  4.6 MB/s     37s[K[?25h[?2026l[?2026h[?25l[A[1Gpulling manifest [K
pulling fad2a06e4cc7:  56% ▕██████████        ▏ 221 MB/394 MB  4.6 MB/s     37s[K[?25h[?2026l[?2026h[?25l[A[1Gpulling manifest [K
pulling fad2a06e4cc7:  56% ▕██████████        ▏ 221 MB/394 MB  4.6 MB/s     37s[K[?25h[?2026l[?2026h[?25l[A[1Gpulling manifest [K
pulling fad2a06e4cc7:  56% ▕██████████        ▏ 221 MB/394 MB  4.6 MB/s     37s[K[?25h[?2026l[?2026h[?25l[A[1Gpulling manifest [K
pulling fad2a06e4cc7:  56% ▕██████████        ▏ 221 MB/394 MB  4.6 MB/s     37s[K[?25h[?2026l[?2026h[?25l[A[1Gpulling manifest [K
pulling fad2a06e4cc7:  56% ▕██████████        ▏ 221 MB/394 MB  4.1 MB/s     42s[K[?25h[?2026l[?2026h[?25l[A[1Gpulling manifest [K
pulling fad2a06e4cc7:  56% ▕██████████        ▏ 222 MB/394 MB  4.1 MB/s     42s[K[?25h[?2026l[?2026h[?25l[A[1Gpulling manifest [K
pulling fad2a06e4cc7:  57% ▕██████████        ▏ 223 MB/394 MB  4.1 MB/s     41s[K[?25h[?2026l[?2026h[?25l[A[1Gpulling manifest [K
pulling fad2a06e4cc7:  57% ▕██████████        ▏ 224 MB/394 MB  4.1 MB/s     41s[K[?25h[?2026l[?2026h[?25l[A[1Gpulling manifest [K
pulling fad2a06e4cc7:  57% ▕██████████        ▏ 224 MB/394 MB  4.1 MB/s     41s[K[?25h[?2026l[?2026h[?25l[A[1Gpulling manifest [K
pulling fad2a06e4cc7:  57% ▕██████████        ▏ 224 MB/394 MB  4.1 MB/s     41s[K[?25h[?2026l[?2026h[?25l[A[1Gpulling manifest [K
pulling fad2a06e4cc7:  57% ▕██████████        ▏ 225 MB/394 MB  4.1 MB/s     41s[K[?25h[?2026l[?2026h[?25l[A[1Gpulling manifest [K
pulling fad2a06e4cc7:  57% ▕██████████        ▏ 225 MB/394 MB  4.1 MB/s     41s[K[?25h[?2026l[?2026h[?25l[A[1Gpulling manifest [K
pulling fad2a06e4cc7:  57% ▕██████████        ▏ 225 MB/394 MB  4.1 MB/s     41s[K[?25h[?2026l[?2026h[?25l[A[1Gpulling manifest [K
pulling fad2a06e4cc7:  57% ▕██████████        ▏ 225 MB/394 MB  4.1 MB/s     41s[K[?25h[?2026l[?2026h[?25l[A[1Gpulling manifest [K
pulling fad2a06e4cc7:  57% ▕██████████        ▏ 226 MB/394 MB  4.1 MB/s     41s[K[?25h[?2026l[?2026h[?25l[A[1Gpulling manifest [K
pulling fad2a06e4cc7:  57% ▕██████████        ▏ 226 MB/394 MB  4.1 MB/s     41s[K[?25h[?2026l[?2026h[?25l[A[1Gpulling manifest [K
pulling fad2a06e4cc7:  58% ▕██████████        ▏ 227 MB/394 MB  4.1 MB/s     40s[K[?25h[?2026l[?2026h[?25l[A[1Gpulling manifest [K
pulling fad2a06e4cc7:  58% ▕██████████        ▏ 228 MB/394 MB  4.1 MB/s     40s[K[?25h[?2026l[?2026h[?25l[A[1Gpulling manifest [K
pulling fad2a06e4cc7:  58% ▕██████████        ▏ 228 MB/394 MB  4.1 MB/s     40s[K[?25h[?2026l[?2026h[?25l[A[1Gpulling manifest [K
pulling fad2a06e4cc7:  58% ▕██████████        ▏ 228 MB/394 MB  4.1 MB/s     40s[K[?25h[?2026l[?2026h[?25l[A[1Gpulling manifest [K
pulling fad2a06e4cc7:  58% ▕██████████        ▏ 229 MB/394 MB  4.1 MB/s     40s[K[?25h[?2026l[?2026h[?25l[A[1Gpulling manifest [K
pulling fad2a06e4cc7:  58% ▕██████████        ▏ 230 MB/394 MB  4.1 MB/s     40s[K[?25h[?2026l[?2026h[?25l[A[1Gpulling manifest [K
pulling fad2a06e4cc7:  59% ▕██████████        ▏ 231 MB/394 MB  4.1 MB/s     39s[K[?25h[?2026l[?2026h[?25l[A[1Gpulling manifest [K
pulling fad2a06e4cc7:  59% ▕██████████        ▏ 231 MB/394 MB  4.1 MB/s     39s[K[?25h[?2026l[?2026h[?25l[A[1Gpulling manifest [K
pulling fad2a06e4cc7:  59% ▕██████████        ▏ 232 MB/394 MB  4.3 MB/s     37s[K[?25h[?2026l[?2026h[?25l[A[1Gpulling manifest [K
pulling fad2a06e4cc7:  59% ▕██████████        ▏ 232 MB/394 MB  4.3 MB/s     37s[K[?25h[?2026l[?2026h[?25l[A[1Gpulling manifest [K
pulling fad2a06e4cc7:  59% ▕██████████        ▏ 233 MB/394 MB  4.3 MB/s     37s[K[?25h[?2026l[?2026h[?25l[A[1Gpulling manifest [K
pulling fad2a06e4cc7:  59% ▕██████████        ▏ 233 MB/394 MB  4.3 MB/s     37s[K[?25h[?2026l[?2026h[?25l[A[1Gpulling manifest [K
pulling fad2a06e4cc7:  59% ▕██████████        ▏ 234 MB/394 MB  4.3 MB/s     37s[K[?25h[?2026l[?2026h[?25l[A[1Gpulling manifest [K
pulling fad2a06e4cc7:  59% ▕██████████        ▏ 234 MB/394 MB  4.3 MB/s     36s[K[?25h[?2026l[?2026h[?25l[A[1Gpulling manifest [K
pulling fad2a06e4cc7:  60% ▕██████████        ▏ 235 MB/394 MB  4.3 MB/s     36s[K[?25h[?2026l[?2026h[?25l[A[1Gpulling manifest [K
pulling fad2a06e4cc7:  60% ▕██████████        ▏ 235 MB/394 MB  4.3 MB/s     36s[K[?25h[?2026l[?2026h[?25l[A[1Gpulling manifest [K
pulling fad2a06e4cc7:  60% ▕██████████        ▏ 236 MB/394 MB  4.3 MB/s     36s[K[?25h[?2026l[?2026h[?25l[A[1Gpulling manifest [K
pulling fad2a06e4cc7:  60% ▕██████████        ▏ 236 MB/394 MB  4.3 MB/s     36s[K[?25h[?2026l[?2026h[?25l[A[1Gpulling manifest [K
pulling fad2a06e4cc7:  60% ▕██████████        ▏ 237 MB/394 MB  4.3 MB/s     36s[K[?25h[?2026l[?2026h[?25l[A[1Gpulling manifest [K
pulling fad2a06e4cc7:  60% ▕██████████        ▏ 237 MB/394 MB  4.5 MB/s     35s[K[?25h[?2026l[?2026h[?25l[A[1Gpulling manifest [K
pulling fad2a06e4cc7:  60% ▕██████████        ▏ 238 MB/394 MB  4.5 MB/s     35s[K[?25h[?2026l[?2026h[?25l[A[1Gpulling manifest [K
pulling fad2a06e4cc7:  60% ▕██████████        ▏ 238 MB/394 MB  4.5 MB/s     34s[K[?25h[?2026l[?2026h[?25l[A[1Gpulling manifest [K
pulling fad2a06e4cc7:  60% ▕██████████        ▏ 238 MB/394 MB  4.5 MB/s     34s[K[?25h[?2026l[?2026h[?25l[A[1Gpulling manifest [K
pulling fad2a06e4cc7:  61% ▕██████████        ▏ 239 MB/394 MB  4.5 MB/s     34s[K[?25h[?2026l[?2026h[?25l[A[1Gpulling manifest [K
pulling fad2a06e4cc7:  61% ▕██████████        ▏ 239 MB/394 MB  4.5 MB/s     34s[K[?25h[?2026l[?2026h[?25l[A[1Gpulling manifest [K
pulling fad2a06e4cc7:  61% ▕██████████        ▏ 239 MB/394 MB  4.5 MB/s     34s[K[?25h[?2026l[?2026h[?25l[A[1Gpulling manifest [K
pulling fad2a06e4cc7:  61% ▕██████████        ▏ 240 MB/394 MB  4.5 MB/s     34s[K[?25h[?2026l[?2026h[?25l[A[1Gpulling manifest [K
pulling fad2a06e4cc7:  61% ▕██████████        ▏ 240 MB/394 MB  4.5 MB/s     34s[K[?25h[?2026l[?2026h[?25l[A[1Gpulling manifest [K
pulling fad2a06e4cc7:  61% ▕███████████       ▏ 241 MB/394 MB  4.5 MB/s     34s[K[?25h[?2026l[?2026h[?25l[A[1Gpulling manifest [K
pulling fad2a06e4cc7:  61% ▕███████████       ▏ 242 MB/394 MB  4.5 MB/s     33s[K[?25h[?2026l[?2026h[?25l[A[1Gpulling manifest [K
pulling fad2a06e4cc7:  61% ▕███████████       ▏ 242 MB/394 MB  4.5 MB/s     33s[K[?25h[?2026l[?2026h[?25l[A[1Gpulling manifest [K
pulling fad2a06e4cc7:  62% ▕███████████       ▏ 243 MB/394 MB  4.5 MB/s     33s[K[?25h[?2026l[?2026h[?25l[A[1Gpulling manifest [K
pulling fad2a06e4cc7:  62% ▕███████████       ▏ 244 MB/394 MB  4.5 MB/s     33s[K[?25h[?2026l[?2026h[?25l[A[1Gpulling manifest [K
pulling fad2a06e4cc7:  62% ▕███████████       ▏ 244 MB/394 MB  4.5 MB/s     33s[K[?25h[?2026l[?2026h[?25l[A[1Gpulling manifest [K
pulling fad2a06e4cc7:  62% ▕███████████       ▏ 245 MB/394 MB  4.5 MB/s     33s[K[?25h[?2026l[?2026h[?25l[A[1Gpulling manifest [K
pulling fad2a06e4cc7:  62% ▕███████████       ▏ 245 MB/394 MB  4.5 MB/s     32s[K[?25h[?2026l[?2026h[?25l[A[1Gpulling manifest [K
pulling fad2a06e4cc7:  62% ▕███████████       ▏ 245 MB/394 MB  4.5 MB/s     32s[K[?25h[?2026l[?2026h[?25l[A[1Gpulling manifest [K
pulling fad2a06e4cc7:  62% ▕███████████       ▏ 246 MB/394 MB  4.5 MB/s     32s[K[?25h[?2026l[?2026h[?25l[A[1Gpulling manifest [K
pulling fad2a06e4cc7:  62% ▕███████████       ▏ 246 MB/394 MB  4.5 MB/s     32s[K[?25h[?2026l[?2026h[?25l[A[1Gpulling manifest [K
pulling fad2a06e4cc7:  62% ▕███████████       ▏ 246 MB/394 MB  4.4 MB/s     33s[K[?25h[?2026l[?2026h[?25l[A[1Gpulling manifest [K
pulling fad2a06e4cc7:  62% ▕███████████       ▏ 246 MB/394 MB  4.4 MB/s     33s[K[?25h[?2026l[?2026h[?25l[A[1Gpulling manifest [K
pulling fad2a06e4cc7:  63% ▕███████████       ▏ 248 MB/394 MB  4.4 MB/s     33s[K[?25h[?2026l[?2026h[?25l[A[1Gpulling manifest [K
pulling fad2a06e4cc7:  63% ▕███████████       ▏ 248 MB/394 MB  4.4 MB/s     33s[K[?25h[?2026l[?2026h[?25l[A[1Gpulling manifest [K
pulling fad2a06e4cc7:  63% ▕███████████       ▏ 248 MB/394 MB  4.4 MB/s     33s[K[?25h[?2026l[?2026h[?25l[A[1Gpulling manifest [K
pulling fad2a06e4cc7:  63% ▕███████████       ▏ 249 MB/394 MB  4.4 MB/s     32s[K[?25h[?2026l[?2026h[?25l[A[1Gpulling manifest [K
pulling fad2a06e4cc7:  63% ▕███████████       ▏ 249 MB/394 MB  4.4 MB/s     32s[K[?25h[?2026l[?2026h[?25l[A[1Gpulling manifest [K
pulling fad2a06e4cc7:  63% ▕███████████       ▏ 250 MB/394 MB  4.4 MB/s     32s[K[?25h[?2026l[?2026h[?25l[A[1Gpulling manifest [K
pulling fad2a06e4cc7:  63% ▕███████████       ▏ 250 MB/394 MB  4.4 MB/s     32s[K[?25h[?2026l[?2026h[?25l[A[1Gpulling manifest [K
pulling fad2a06e4cc7:  64% ▕███████████       ▏ 250 MB/394 MB  4.4 MB/s     32s[K[?25h[?2026l[?2026h[?25l[A[1Gpulling manifest [K
pulling fad2a06e4cc7:  64% ▕███████████       ▏ 251 MB/394 MB  4.2 MB/s     34s[K[?25h[?2026l[?2026h[?25l[A[1Gpulling manifest [K
pulling fad2a06e4cc7:  64% ▕███████████       ▏ 252 MB/394 MB  4.2 MB/s     34s[K[?25h[?2026l[?2026h[?25l[A[1Gpulling manifest [K
pulling fad2a06e4cc7:  64% ▕███████████       ▏ 252 MB/394 MB  4.2 MB/s     34s[K[?25h[?2026l[?2026h[?25l[A[1Gpulling manifest [K
pulling fad2a06e4cc7:  64% ▕███████████       ▏ 252 MB/394 MB  4.2 MB/s     34s[K[?25h[?2026l[?2026h[?25l[A[1Gpulling manifest [K
pulling fad2a06e4cc7:  64% ▕███████████       ▏ 253 MB/394 MB  4.2 MB/s     33s[K[?25h[?2026l[?2026h[?25l[A[1Gpulling manifest [K
pulling fad2a06e4cc7:  64% ▕███████████       ▏ 254 MB/394 MB  4.2 MB/s     33s[K[?25h[?2026l[?2026h[?25l[A[1Gpulling manifest [K
pulling fad2a06e4cc7:  65% ▕███████████       ▏ 254 MB/394 MB  4.2 MB/s     33s[K[?25h[?2026l[?2026h[?25l[A[1Gpulling manifest [K
pulling fad2a06e4cc7:  65% ▕███████████       ▏ 255 MB/394 MB  4.2 MB/s     33s[K[?25h[?2026l[?2026h[?25l[A[1Gpulling manifest [K
pulling fad2a06e4cc7:  65% ▕███████████       ▏ 255 MB/394 MB  4.2 MB/s     33s[K[?25h[?2026l[?2026h[?25l[A[1Gpulling manifest [K
pulling fad2a06e4cc7:  65% ▕███████████       ▏ 256 MB/394 MB  4.2 MB/s     33s[K[?25h[?2026l[?2026h[?25l[A[1Gpulling manifest [K
pulling fad2a06e4cc7:  65% ▕███████████       ▏ 256 MB/394 MB  4.2 MB/s     32s[K[?25h[?2026l[?2026h[?25l[1Gpulling manifest ⠋ [K[?25h[?2026l[?2026h[?25l[1Gpulling manifest ⠙ [K[?25h[?2026l[?2026h[?25l[1Gpulling manifest ⠹ [K[?25h[?2026l[?2026h[?25l[1Gpulling manifest ⠸ [K[?25h[?2026l[?2026h[?25l[1Gpulling manifest ⠼ [K[?25h[?2026l[?2026h[?25l[1Gpulling manifest ⠴ [K[?25h[?2026l[?2026h[?25l[1Gpulling manifest ⠦ [K[?25h[?2026l[?2026h[?25l[1Gpulling manifest ⠧ [K[?25h[?2026l[?2026h[?25l[1Gpulling manifest ⠇ [K[?25h[?2026l[?2026h[?25l[1Gpulling manifest ⠏ [K[?25h[?2026l[?2026h[?25l[1Gpulling manifest ⠋ [K[?25h[?2026l[?2026h[?25l[1Gpulling manifest ⠙ [K[?25h[?2026l[?2026h[?25l[1Gpulling manifest ⠹ [K[?25h[?2026l[?2026h[?25l[1Gpulling manifest [K
pulling fad2a06e4cc7:  98% ▕█████████████████ ▏ 387 MB/394 MB                  [K[?25h[?2026l[?2026h[?25l[A[1Gpulling manifest [K
pulling fad2a06e4cc7:  98% ▕█████████████████ ▏ 387 MB/394 MB                  [K[?25h[?2026l[?2026h[?25l[A[1Gpulling manifest [K
pulling fad2a06e4cc7:  98% ▕█████████████████ ▏ 387 MB/394 MB                  [K[?25h[?2026l[?2026h[?25l[A[1Gpulling manifest [K
pulling fad2a06e4cc7:  98% ▕█████████████████ ▏ 387 MB/394 MB                  [K[?25h[?2026l[?2026h[?25l[A[1Gpulling manifest [K
pulling fad2a06e4cc7:  98% ▕█████████████████ ▏ 387 MB/394 MB                  [K[?25h[?2026l[?2026h[?25l[A[1Gpulling manifest [K
pulling fad2a06e4cc7:  98% ▕█████████████████ ▏ 387 MB/394 MB                  [K[?25h[?2026l[?2026h[?25l[A[1Gpulling manifest [K
pulling fad2a06e4cc7:  98% ▕█████████████████ ▏ 387 MB/394 MB                  [K[?25h[?2026l[?2026h[?25l[A[1Gpulling manifest [K
pulling fad2a06e4cc7:  98% ▕█████████████████ ▏ 387 MB/394 MB                  [K[?25h[?2026l[?2026h[?25l[A[1Gpulling manifest [K
pulling fad2a06e4cc7:  98% ▕█████████████████ ▏ 388 MB/394 MB                  [K[?25h[?2026l[?2026h[?25l[A[1Gpulling manifest [K
pulling fad2a06e4cc7:  98% ▕█████████████████ ▏ 388 MB/394 MB                  [K[?25h[?2026l[?2026h[?25l[A[1Gpulling manifest [K
pulling fad2a06e4cc7:  98% ▕█████████████████ ▏ 388 MB/394 MB  454 KB/s     14s[K[?25h[?2026l[?2026h[?25l[A[1Gpulling manifest [K
pulling fad2a06e4cc7:  98% ▕█████████████████ ▏ 388 MB/394 MB  454 KB/s     14s[K[?25h[?2026l[?2026h[?25l[A[1Gpulling manifest [K
pulling fad2a06e4cc7:  98% ▕█████████████████ ▏ 388 MB/394 MB  454 KB/s     13s[K[?25h[?2026l[?2026h[?25l[A[1Gpulling manifest [K
pulling fad2a06e4cc7:  98% ▕█████████████████ ▏ 388 MB/394 MB  454 KB/s     13s[K[?25h[?2026l[?2026h[?25l[A[1Gpulling manifest [K
pulling fad2a06e4cc7:  98% ▕█████████████████ ▏ 389 MB/394 MB  454 KB/s     13s[K[?25h[?2026l[?2026h[?25l[A[1Gpulling manifest [K
pulling fad2a06e4cc7:  99% ▕█████████████████ ▏ 389 MB/394 MB  454 KB/s     12s[K[?25h[?2026l[?2026h[?25l[A[1Gpulling manifest [K
pulling fad2a06e4cc7:  99% ▕█████████████████ ▏ 389 MB/394 MB  454 KB/s     12s[K[?25h[?2026l[?2026h[?25l[A[1Gpulling manifest [K
pulling fad2a06e4cc7:  99% ▕█████████████████ ▏ 389 MB/394 MB  454 KB/s     11s[K[?25h[?2026l[?2026h[?25l[A[1Gpulling manifest [K
pulling fad2a06e4cc7:  99% ▕█████████████████ ▏ 390 MB/394 MB  454 KB/s     10s[K[?25h[?2026l[?2026h[?25l[A[1Gpulling manifest [K
pulling fad2a06e4cc7:  99% ▕█████████████████ ▏ 390 MB/394 MB  454 KB/s      9s[K[?25h[?2026l[?2026h[?25l[A[1Gpulling manifest [K
pulling fad2a06e4cc7:  99% ▕█████████████████ ▏ 390 MB/394 MB  1.5 MB/s      2s[K[?25h[?2026l[?2026h[?25l[A[1Gpulling manifest [K
pulling fad2a06e4cc7:  99% ▕█████████████████ ▏ 391 MB/394 MB  1.5 MB/s      2s[K[?25h[?2026l[?2026h[?25l[A[1Gpulling manifest [K
pulling fad2a06e4cc7:  99% ▕█████████████████ ▏ 392 MB/394 MB  1.5 MB/s      1s[K[?25h[?2026l[?2026h[?25l[A[1Gpulling manifest [K
pulling fad2a06e4cc7:  99% ▕█████████████████ ▏ 392 MB/394 MB  1.5 MB/s      1s[K[?25h[?2026l[?2026h[?25l[A[1Gpulling manifest [K
pulling fad2a06e4cc7: 100% ▕█████████████████ ▏ 393 MB/394 MB  1.5 MB/s      1s[K[?25h[?2026l[?2026h[?25l[A[1Gpulling manifest [K
pulling fad2a06e4cc7: 100% ▕█████████████████ ▏ 394 MB/394 MB  1.5 MB/s      0s[K[?25h[?2026l[?2026h[?25l[A[1Gpulling manifest [K
pulling fad2a06e4cc7: 100% ▕█████████████████ ▏ 394 MB/394 MB  1.5 MB/s      0s[K[?25h[?2026l[?2026h[?25l[A[1Gpulling manifest [K
pulling fad2a06e4cc7: 100% ▕██████████████████▏ 394 MB                         [K[?25h[?2026l[?2026h[?25l[A[1Gpulling manifest [K
pulling fad2a06e4cc7: 100% ▕██████████████████▏ 394 MB                         [K[?25h[?2026l[?2026h[?25l[A[1Gpulling manifest [K
pulling fad2a06e4cc7: 100% ▕██████████████████▏ 394 MB                         [K[?25h[?2026l[?2026h[?25l[A[1Gpulling manifest [K
pulling fad2a06e4cc7: 100% ▕██████████████████▏ 394 MB                         [K[?25h[?2026l[?2026h[?25l[A[1Gpulling manifest [K
pulling fad2a06e4cc7: 100% ▕██████████████████▏ 394 MB                         [K[?25h[?2026l[?2026h[?25l[A[1Gpulling manifest [K
pulling fad2a06e4cc7: 100% ▕██████████████████▏ 394 MB                         [K[?25h[?2026l[?2026h[?25l[A[1Gpulling manifest [K
pulling fad2a06e4cc7: 100% ▕██████████████████▏ 394 MB                         [K[?25h[?2026l[?2026h[?25l[A[1Gpulling manifest [K
pulling fad2a06e4cc7: 100% ▕██████████████████▏ 394 MB                         [K[?25h[?2026l[?2026h[?25l[A[1Gpulling manifest [K
pulling fad2a06e4cc7: 100% ▕██████████████████▏ 394 MB                         [K[?25h[?2026l[?2026h[?25l[A[1Gpulling manifest [K
pulling fad2a06e4cc7: 100% ▕██████████████████▏ 394 MB                         [K[?25h[?2026l[?2026h[?25l[A[1Gpulling manifest [K
pulling fad2a06e4cc7: 100% ▕██████████████████▏ 394 MB                         [K[?25h[?2026l[?2026h[?25l[A[1Gpulling manifest [K
pulling fad2a06e4cc7: 100% ▕██████████████████▏ 394 MB                         [K[?25h[?2026l[?2026h[?25l[A[1Gpulling manifest [K
pulling fad2a06e4cc7: 100% ▕██████████████████▏ 394 MB                         [K[?25h[?2026l[?2026h[?25l[A[1Gpulling manifest [K
pulling fad2a06e4cc7: 100% ▕██████████████████▏ 394 MB                         [K[?25h[?2026l[?2026h[?25l[A[1Gpulling manifest [K
pulling fad2a06e4cc7: 100% ▕██████████████████▏ 394 MB                         [K[?25h[?2026l[?2026h[?25l[A[1Gpulling manifest [K
pulling fad2a06e4cc7: 100% ▕██████████████████▏ 394 MB                         [K[?25h[?2026l[?2026h[?25l[A[1Gpulling manifest [K
pulling fad2a06e4cc7: 100% ▕██████████████████▏ 394 MB                         [K[?25h[?2026l[?2026h[?25l[A[1Gpulling manifest [K
pulling fad2a06e4cc7: 100% ▕██████████████████▏ 394 MB                         [K[?25h[?2026l[?2026h[?25l[A[1Gpulling manifest [K
pulling fad2a06e4cc7: 100% ▕██████████████████▏ 394 MB                         [K
pulling 41c2cf8c272f: 100% ▕██████████████████▏ 7.3 KB                         [K[?25h[?2026l[?2026h[?25l[A[A[1Gpulling manifest [K
pulling fad2a06e4cc7: 100% ▕██████████████████▏ 394 MB                         [K
pulling 41c2cf8c272f: 100% ▕██████████████████▏ 7.3 KB                         [K[?25h[?2026l[?2026h[?25l[A[A[1Gpulling manifest [K
pulling fad2a06e4cc7: 100% ▕██████████████████▏ 394 MB                         [K
pulling 41c2cf8c272f: 100% ▕██████████████████▏ 7.3 KB                         [K[?25h[?2026l[?2026h[?25l[A[A[1Gpulling manifest [K
pulling fad2a06e4cc7: 100% ▕██████████████████▏ 394 MB                         [K
pulling 41c2cf8c272f: 100% ▕██████████████████▏ 7.3 KB                         [K[?25h[?2026l[?2026h[?25l[A[A[1Gpulling manifest [K
pulling fad2a06e4cc7: 100% ▕██████████████████▏ 394 MB                         [K
pulling 41c2cf8c272f: 100% ▕██████████████████▏ 7.3 KB                         [K[?25h[?2026l[?2026h[?25l[A[A[1Gpulling manifest [K
pulling fad2a06e4cc7: 100% ▕██████████████████▏ 394 MB                         [K
pulling 41c2cf8c272f: 100% ▕██████████████████▏ 7.3 KB                         [K[?25h[?2026l[?2026h[?25l[A[A[1Gpulling manifest [K
pulling fad2a06e4cc7: 100% ▕██████████████████▏ 394 MB                         [K
pulling 41c2cf8c272f: 100% ▕██████████████████▏ 7.3 KB                         [K[?25h[?2026l[?2026h[?25l[A[A[1Gpulling manifest [K
pulling fad2a06e4cc7: 100% ▕██████████████████▏ 394 MB                         [K
pulling 41c2cf8c272f: 100% ▕██████████████████▏ 7.3 KB                         [K[?25h[?2026l[?2026h[?25l[A[A[1Gpulling manifest [K
pulling fad2a06e4cc7: 100% ▕██████████████████▏ 394 MB                         [K
pulling 41c2cf8c272f: 100% ▕██████████████████▏ 7.3 KB                         [K[?25h[?2026l[?2026h[?25l[A[A[1Gpulling manifest [K
pulling fad2a06e4cc7: 100% ▕██████████████████▏ 394 MB                         [K
pulling 41c2cf8c272f: 100% ▕██████████████████▏ 7.3 KB                         [K[?25h[?2026l[?2026h[?25l[A[A[1Gpulling manifest [K
pulling fad2a06e4cc7: 100% ▕██████████████████▏ 394 MB                         [K
pulling 41c2cf8c272f: 100% ▕██████████████████▏ 7.3 KB                         [K[?25h[?2026l[?2026h[?25l[A[A[1Gpulling manifest [K
pulling fad2a06e4cc7: 100% ▕██████████████████▏ 394 MB                         [K
pulling 41c2cf8c272f: 100% ▕██████████████████▏ 7.3 KB                         [K[?25h[?2026l[?2026h[?25l[A[A[1Gpulling manifest [K
pulling fad2a06e4cc7: 100% ▕██████████████████▏ 394 MB                         [K
pulling 41c2cf8c272f: 100% ▕██████████████████▏ 7.3 KB                         [K[?25h[?2026l[?2026h[?25l[A[A[1Gpulling manifest [K
pulling fad2a06e4cc7: 100% ▕██████████████████▏ 394 MB                         [K
pulling 41c2cf8c272f: 100% ▕██████████████████▏ 7.3 KB                         [K[?25h[?2026l[?2026h[?25l[A[A[1Gpulling manifest [K
pulling fad2a06e4cc7: 100% ▕██████████████████▏ 394 MB                         [K
pulling 41c2cf8c272f: 100% ▕██████████████████▏ 7.3 KB                         [K[?25h[?2026l[?2026h[?25l[A[A[1Gpulling manifest [K
pulling fad2a06e4cc7: 100% ▕██████████████████▏ 394 MB                         [K
pulling 41c2cf8c272f: 100% ▕██████████████████▏ 7.3 KB                         [K[?25h[?2026l[?2026h[?25l[A[A[1Gpulling manifest [K
pulling fad2a06e4cc7: 100% ▕██████████████████▏ 394 MB                         [K
pulling 41c2cf8c272f: 100% ▕██████████████████▏ 7.3 KB                         [K[?25h[?2026l[?2026h[?25l[A[A[1Gpulling manifest [K
pulling fad2a06e4cc7: 100% ▕██████████████████▏ 394 MB                         [K
pulling 41c2cf8c272f: 100% ▕██████████████████▏ 7.3 KB                         [K[?25h[?2026l[?2026h[?25l[A[A[1Gpulling manifest [K
pulling fad2a06e4cc7: 100% ▕██████████████████▏ 394 MB                         [K
pulling 41c2cf8c272f: 100% ▕██████████████████▏ 7.3 KB                         [K[?25h[?2026l[?2026h[?25l[A[A[1Gpulling manifest [K
pulling fad2a06e4cc7: 100% ▕██████████████████▏ 394 MB                         [K
pulling 41c2cf8c272f: 100% ▕██████████████████▏ 7.3 KB                         [K
pulling 1da0581fd4ce: 100% ▕██████████████████▏  130 B                         [K[?25h[?2026l[?2026h[?25l[A[A[A[1Gpulling manifest [K
pulling fad2a06e4cc7: 100% ▕██████████████████▏ 394 MB                         [K
pulling 41c2cf8c272f: 100% ▕██████████████████▏ 7.3 KB                         [K
pulling 1da0581fd4ce: 100% ▕██████████████████▏  130 B                         [K[?25h[?2026l[?2026h[?25l[A[A[A[1Gpulling manifest [K
pulling fad2a06e4cc7: 100% ▕██████████████████▏ 394 MB                         [K
pulling 41c2cf8c272f: 100% ▕██████████████████▏ 7.3 KB                         [K
pulling 1da0581fd4ce: 100% ▕██████████████████▏  130 B                         [K[?25h[?2026l[?2026h[?25l[A[A[A[1Gpulling manifest [K
pulling fad2a06e4cc7: 100% ▕██████████████████▏ 394 MB                         [K
pulling 41c2cf8c272f: 100% ▕██████████████████▏ 7.3 KB                         [K
pulling 1da0581fd4ce: 100% ▕██████████████████▏  130 B                         [K[?25h[?2026l[?2026h[?25l[A[A[A[1Gpulling manifest [K
pulling fad2a06e4cc7: 100% ▕██████████████████▏ 394 MB                         [K
pulling 41c2cf8c272f: 100% ▕██████████████████▏ 7.3 KB                         [K
pulling 1da0581fd4ce: 100% ▕██████████████████▏  130 B                         [K[?25h[?2026l[?2026h[?25l[A[A[A[1Gpulling manifest [K
pulling fad2a06e4cc7: 100% ▕██████████████████▏ 394 MB                         [K
pulling 41c2cf8c272f: 100% ▕██████████████████▏ 7.3 KB                         [K
pulling 1da0581fd4ce: 100% ▕██████████████████▏  130 B                         [K[?25h[?2026l[?2026h[?25l[A[A[A[1Gpulling manifest [K
pulling fad2a06e4cc7: 100% ▕██████████████████▏ 394 MB                         [K
pulling 41c2cf8c272f: 100% ▕██████████████████▏ 7.3 KB                         [K
pulling 1da0581fd4ce: 100% ▕██████████████████▏  130 B                         [K[?25h[?2026l[?2026h[?25l[A[A[A[1Gpulling manifest [K
pulling fad2a06e4cc7: 100% ▕██████████████████▏ 394 MB                         [K
pulling 41c2cf8c272f: 100% ▕██████████████████▏ 7.3 KB                         [K
pulling 1da0581fd4ce: 100% ▕██████████████████▏  130 B                         [K[?25h[?2026l[?2026h[?25l[A[A[A[1Gpulling manifest [K
pulling fad2a06e4cc7: 100% ▕██████████████████▏ 394 MB                         [K
pulling 41c2cf8c272f: 100% ▕██████████████████▏ 7.3 KB                         [K
pulling 1da0581fd4ce: 100% ▕██████████████████▏  130 B                         [K[?25h[?2026l[?2026h[?25l[A[A[A[1Gpulling manifest [K
pulling fad2a06e4cc7: 100% ▕██████████████████▏ 394 MB                         [K
pulling 41c2cf8c272f: 100% ▕██████████████████▏ 7.3 KB                         [K
pulling 1da0581fd4ce: 100% ▕██████████████████▏  130 B                         [K[?25h[?2026l[?2026h[?25l[A[A[A[1Gpulling manifest [K
pulling fad2a06e4cc7: 100% ▕██████████████████▏ 394 MB                         [K
pulling 41c2cf8c272f: 100% ▕██████████████████▏ 7.3 KB                         [K
pulling 1da0581fd4ce: 100% ▕██████████████████▏  130 B                         [K[?25h[?2026l[?2026h[?25l[A[A[A[1Gpulling manifest [K
pulling fad2a06e4cc7: 100% ▕██████████████████▏ 394 MB                         [K
pulling 41c2cf8c272f: 100% ▕██████████████████▏ 7.3 KB                         [K
pulling 1da0581fd4ce: 100% ▕██████████████████▏  130 B                         [K[?25h[?2026l[?2026h[?25l[A[A[A[1Gpulling manifest [K
pulling fad2a06e4cc7: 100% ▕██████████████████▏ 394 MB                         [K
pulling 41c2cf8c272f: 100% ▕██████████████████▏ 7.3 KB                         [K
pulling 1da0581fd4ce: 100% ▕██████████████████▏  130 B                         [K[?25h[?2026l[?2026h[?25l[A[A[A[1Gpulling manifest [K
pulling fad2a06e4cc7: 100% ▕██████████████████▏ 394 MB                         [K
pulling 41c2cf8c272f: 100% ▕██████████████████▏ 7.3 KB                         [K
pulling 1da0581fd4ce: 100% ▕██████████████████▏  130 B                         [K[?25h[?2026l[?2026h[?25l[A[A[A[1Gpulling manifest [K
pulling fad2a06e4cc7: 100% ▕██████████████████▏ 394 MB                         [K
pulling 41c2cf8c272f: 100% ▕██████████████████▏ 7.3 KB                         [K
pulling 1da0581fd4ce: 100% ▕██████████████████▏  130 B                         [K[?25h[?2026l[?2026h[?25l[A[A[A[1Gpulling manifest [K
pulling fad2a06e4cc7: 100% ▕██████████████████▏ 394 MB                         [K
pulling 41c2cf8c272f: 100% ▕██████████████████▏ 7.3 KB                         [K
pulling 1da0581fd4ce: 100% ▕██████████████████▏  130 B                         [K[?25h[?2026l[?2026h[?25l[A[A[A[1Gpulling manifest [K
pulling fad2a06e4cc7: 100% ▕██████████████████▏ 394 MB                         [K
pulling 41c2cf8c272f: 100% ▕██████████████████▏ 7.3 KB                         [K
pulling 1da0581fd4ce: 100% ▕██████████████████▏  130 B                         [K[?25h[?2026l[?2026h[?25l[A[A[A[1Gpulling manifest [K
pulling fad2a06e4cc7: 100% ▕██████████████████▏ 394 MB                         [K
pulling 41c2cf8c272f: 100% ▕██████████████████▏ 7.3 KB                         [K
pulling 1da0581fd4ce: 100% ▕██████████████████▏  130 B                         [K[?25h[?2026l[?2026h[?25l[A[A[A[1Gpulling manifest [K
pulling fad2a06e4cc7: 100% ▕██████████████████▏ 394 MB                         [K
pulling 41c2cf8c272f: 100% ▕██████████████████▏ 7.3 KB                         [K
pulling 1da0581fd4ce: 100% ▕██████████████████▏  130 B                         [K[?25h[?2026l[?2026h[?25l[A[A[A[1Gpulling manifest [K
pulling fad2a06e4cc7: 100% ▕██████████████████▏ 394 MB                         [K
pulling 41c2cf8c272f: 100% ▕██████████████████▏ 7.3 KB                         [K
pulling 1da0581fd4ce: 100% ▕██████████████████▏  130 B                         [K[?25h[?2026l[?2026h[?25l[A[A[A[1Gpulling manifest [K
pulling fad2a06e4cc7: 100% ▕██████████████████▏ 394 MB                         [K
pulling 41c2cf8c272f: 100% ▕██████████████████▏ 7.3 KB                         [K
pulling 1da0581fd4ce: 100% ▕██████████████████▏  130 B                         [K[?25h[?2026l[?2026h[?25l[A[A[A[1Gpulling manifest [K
pulling fad2a06e4cc7: 100% ▕██████████████████▏ 394 MB                         [K
pulling 41c2cf8c272f: 100% ▕██████████████████▏ 7.3 KB                         [K
pulling 1da0581fd4ce: 100% ▕██████████████████▏  130 B                         [K
pulling f02dd72bb242: 100% ▕██████████████████▏   59 B                         [K[?25h[?2026l[?2026h[?25l[A[A[A[A[1Gpulling manifest [K
pulling fad2a06e4cc7: 100% ▕██████████████████▏ 394 MB                         [K
pulling 41c2cf8c272f: 100% ▕██████████████████▏ 7.3 KB                         [K
pulling 1da0581fd4ce: 100% ▕██████████████████▏  130 B                         [K
pulling f02dd72bb242: 100% ▕██████████████████▏   59 B                         [K[?25h[?2026l[?2026h[?25l[A[A[A[A[1Gpulling manifest [K
pulling fad2a06e4cc7: 100% ▕██████████████████▏ 394 MB                         [K
pulling 41c2cf8c272f: 100% ▕██████████████████▏ 7.3 KB                         [K
pulling 1da0581fd4ce: 100% ▕██████████████████▏  130 B                         [K
pulling f02dd72bb242: 100% ▕██████████████████▏   59 B                         [K[?25h[?2026l[?2026h[?25l[A[A[A[A[1Gpulling manifest [K
pulling fad2a06e4cc7: 100% ▕██████████████████▏ 394 MB                         [K
pulling 41c2cf8c272f: 100% ▕██████████████████▏ 7.3 KB                         [K
pulling 1da0581fd4ce: 100% ▕██████████████████▏  130 B                         [K
pulling f02dd72bb242: 100% ▕██████████████████▏   59 B                         [K[?25h[?2026l[?2026h[?25l[A[A[A[A[1Gpulling manifest [K
pulling fad2a06e4cc7: 100% ▕██████████████████▏ 394 MB                         [K
pulling 41c2cf8c272f: 100% ▕██████████████████▏ 7.3 KB                         [K
pulling 1da0581fd4ce: 100% ▕██████████████████▏  130 B                         [K
pulling f02dd72bb242: 100% ▕██████████████████▏   59 B                         [K[?25h[?2026l[?2026h[?25l[A[A[A[A[1Gpulling manifest [K
pulling fad2a06e4cc7: 100% ▕██████████████████▏ 394 MB                         [K
pulling 41c2cf8c272f: 100% ▕██████████████████▏ 7.3 KB                         [K
pulling 1da0581fd4ce: 100% ▕██████████████████▏  130 B                         [K
pulling f02dd72bb242: 100% ▕██████████████████▏   59 B                         [K[?25h[?2026l[?2026h[?25l[A[A[A[A[1Gpulling manifest [K
pulling fad2a06e4cc7: 100% ▕██████████████████▏ 394 MB                         [K
pulling 41c2cf8c272f: 100% ▕██████████████████▏ 7.3 KB                         [K
pulling 1da0581fd4ce: 100% ▕██████████████████▏  130 B                         [K
pulling f02dd72bb242: 100% ▕██████████████████▏   59 B                         [K[?25h[?2026l[?2026h[?25l[A[A[A[A[1Gpulling manifest [K
pulling fad2a06e4cc7: 100% ▕██████████████████▏ 394 MB                         [K
pulling 41c2cf8c272f: 100% ▕██████████████████▏ 7.3 KB                         [K
pulling 1da0581fd4ce: 100% ▕██████████████████▏  130 B                         [K
pulling f02dd72bb242: 100% ▕██████████████████▏   59 B                         [K[?25h[?2026l[?2026h[?25l[A[A[A[A[1Gpulling manifest [K
pulling fad2a06e4cc7: 100% ▕██████████████████▏ 394 MB                         [K
pulling 41c2cf8c272f: 100% ▕██████████████████▏ 7.3 KB                         [K
pulling 1da0581fd4ce: 100% ▕██████████████████▏  130 B                         [K
pulling f02dd72bb242: 100% ▕██████████████████▏   59 B                         [K[?25h[?2026l[?2026h[?25l[A[A[A[A[1Gpulling manifest [K
pulling fad2a06e4cc7: 100% ▕██████████████████▏ 394 MB                         [K
pulling 41c2cf8c272f: 100% ▕██████████████████▏ 7.3 KB                         [K
pulling 1da0581fd4ce: 100% ▕██████████████████▏  130 B                         [K
pulling f02dd72bb242: 100% ▕██████████████████▏   59 B                         [K[?25h[?2026l[?2026h[?25l[A[A[A[A[1Gpulling manifest [K
pulling fad2a06e4cc7: 100% ▕██████████████████▏ 394 MB                         [K
pulling 41c2cf8c272f: 100% ▕██████████████████▏ 7.3 KB                         [K
pulling 1da0581fd4ce: 100% ▕██████████████████▏  130 B                         [K
pulling f02dd72bb242: 100% ▕██████████████████▏   59 B                         [K[?25h[?2026l[?2026h[?25l[A[A[A[A[1Gpulling manifest [K
pulling fad2a06e4cc7: 100% ▕██████████████████▏ 394 MB                         [K
pulling 41c2cf8c272f: 100% ▕██████████████████▏ 7.3 KB                         [K
pulling 1da0581fd4ce: 100% ▕██████████████████▏  130 B                         [K
pulling f02dd72bb242: 100% ▕██████████████████▏   59 B                         [K[?25h[?2026l[?2026h[?25l[A[A[A[A[1Gpulling manifest [K
pulling fad2a06e4cc7: 100% ▕██████████████████▏ 394 MB                         [K
pulling 41c2cf8c272f: 100% ▕██████████████████▏ 7.3 KB                         [K
pulling 1da0581fd4ce: 100% ▕██████████████████▏  130 B                         [K
pulling f02dd72bb242: 100% ▕██████████████████▏   59 B                         [K[?25h[?2026l[?2026h[?25l[A[A[A[A[1Gpulling manifest [K
pulling fad2a06e4cc7: 100% ▕██████████████████▏ 394 MB                         [K
pulling 41c2cf8c272f: 100% ▕██████████████████▏ 7.3 KB                         [K
pulling 1da0581fd4ce: 100% ▕██████████████████▏  130 B                         [K
pulling f02dd72bb242: 100% ▕██████████████████▏   59 B                         [K[?25h[?2026l[?2026h[?25l[A[A[A[A[1Gpulling manifest [K
pulling fad2a06e4cc7: 100% ▕██████████████████▏ 394 MB                         [K
pulling 41c2cf8c272f: 100% ▕██████████████████▏ 7.3 KB                         [K
pulling 1da0581fd4ce: 100% ▕██████████████████▏  130 B                         [K
pulling f02dd72bb242: 100% ▕██████████████████▏   59 B                         [K[?25h[?2026l[?2026h[?25l[A[A[A[A[1Gpulling manifest [K
pulling fad2a06e4cc7: 100% ▕██████████████████▏ 394 MB                         [K
pulling 41c2cf8c272f: 100% ▕██████████████████▏ 7.3 KB                         [K
pulling 1da0581fd4ce: 100% ▕██████████████████▏  130 B                         [K
pulling f02dd72bb242: 100% ▕██████████████████▏   59 B                         [K[?25h[?2026l[?2026h[?25l[A[A[A[A[1Gpulling manifest [K
pulling fad2a06e4cc7: 100% ▕██████████████████▏ 394 MB                         [K
pulling 41c2cf8c272f: 100% ▕██████████████████▏ 7.3 KB                         [K
pulling 1da0581fd4ce: 100% ▕██████████████████▏  130 B                         [K
pulling f02dd72bb242: 100% ▕██████████████████▏   59 B                         [K[?25h[?2026l[?2026h[?25l[A[A[A[A[1Gpulling manifest [K
pulling fad2a06e4cc7: 100% ▕██████████████████▏ 394 MB                         [K
pulling 41c2cf8c272f: 100% ▕██████████████████▏ 7.3 KB                         [K
pulling 1da0581fd4ce: 100% ▕██████████████████▏  130 B                         [K
pulling f02dd72bb242: 100% ▕██████████████████▏   59 B                         [K
pulling ea0a531a015b: 100% ▕██████████████████▏  485 B                         [K[?25h[?2026l[?2026h[?25l[A[A[A[A[A[1Gpulling manifest [K
pulling fad2a06e4cc7: 100% ▕██████████████████▏ 394 MB                         [K
pulling 41c2cf8c272f: 100% ▕██████████████████▏ 7.3 KB                         [K
pulling 1da0581fd4ce: 100% ▕██████████████████▏  130 B                         [K
pulling f02dd72bb242: 100% ▕██████████████████▏   59 B                         [K
pulling ea0a531a015b: 100% ▕██████████████████▏  485 B                         [K[?25h[?2026l[?2026h[?25l[A[A[A[A[A[1Gpulling manifest [K
pulling fad2a06e4cc7: 100% ▕██████████████████▏ 394 MB                         [K
pulling 41c2cf8c272f: 100% ▕██████████████████▏ 7.3 KB                         [K
pulling 1da0581fd4ce: 100% ▕██████████████████▏  130 B                         [K
pulling f02dd72bb242: 100% ▕██████████████████▏   59 B                         [K
pulling ea0a531a015b: 100% ▕██████████████████▏  485 B                         [K[?25h[?2026l[?2026h[?25l[A[A[A[A[A[1Gpulling manifest [K
pulling fad2a06e4cc7: 100% ▕██████████████████▏ 394 MB                         [K
pulling 41c2cf8c272f: 100% ▕██████████████████▏ 7.3 KB                         [K
pulling 1da0581fd4ce: 100% ▕██████████████████▏  130 B                         [K
pulling f02dd72bb242: 100% ▕██████████████████▏   59 B                         [K
pulling ea0a531a015b: 100% ▕██████████████████▏  485 B                         [K[?25h[?2026l[?2026h[?25l[A[A[A[A[A[1Gpulling manifest [K
pulling fad2a06e4cc7: 100% ▕██████████████████▏ 394 MB                         [K
pulling 41c2cf8c272f: 100% ▕██████████████████▏ 7.3 KB                         [K
pulling 1da0581fd4ce: 100% ▕██████████████████▏  130 B                         [K
pulling f02dd72bb242: 100% ▕██████████████████▏   59 B                         [K
pulling ea0a531a015b: 100% ▕██████████████████▏  485 B                         [K[?25h[?2026l[?2026h[?25l[A[A[A[A[A[1Gpulling manifest [K
pulling fad2a06e4cc7: 100% ▕██████████████████▏ 394 MB                         [K
pulling 41c2cf8c272f: 100% ▕██████████████████▏ 7.3 KB                         [K
pulling 1da0581fd4ce: 100% ▕██████████████████▏  130 B                         [K
pulling f02dd72bb242: 100% ▕██████████████████▏   59 B                         [K
pulling ea0a531a015b: 100% ▕██████████████████▏  485 B                         [K[?25h[?2026l[?2026h[?25l[A[A[A[A[A[1Gpulling manifest [K
pulling fad2a06e4cc7: 100% ▕██████████████████▏ 394 MB                         [K
pulling 41c2cf8c272f: 100% ▕██████████████████▏ 7.3 KB                         [K
pulling 1da0581fd4ce: 100% ▕██████████████████▏  130 B                         [K
pulling f02dd72bb242: 100% ▕██████████████████▏   59 B                         [K
pulling ea0a531a015b: 100% ▕██████████████████▏  485 B                         [K
verifying sha256 digest ⠋ [K[?25h[?2026l[?2026h[?25l[A[A[A[A[A[A[1Gpulling manifest [K
pulling fad2a06e4cc7: 100% ▕██████████████████▏ 394 MB                         [K
pulling 41c2cf8c272f: 100% ▕██████████████████▏ 7.3 KB                         [K
pulling 1da0581fd4ce: 100% ▕██████████████████▏  130 B                         [K
pulling f02dd72bb242: 100% ▕██████████████████▏   59 B                         [K
pulling ea0a531a015b: 100% ▕██████████████████▏  485 B                         [K
verifying sha256 digest ⠙ [K[?25h[?2026l[?2026h[?25l[A[A[A[A[A[A[1Gpulling manifest [K
pulling fad2a06e4cc7: 100% ▕██████████████████▏ 394 MB                         [K
pulling 41c2cf8c272f: 100% ▕██████████████████▏ 7.3 KB                         [K
pulling 1da0581fd4ce: 100% ▕██████████████████▏  130 B                         [K
pulling f02dd72bb242: 100% ▕██████████████████▏   59 B                         [K
pulling ea0a531a015b: 100% ▕██████████████████▏  485 B                         [K
verifying sha256 digest ⠹ [K[?25h[?2026l[?2026h[?25l[A[A[A[A[A[A[1Gpulling manifest [K
pulling fad2a06e4cc7: 100% ▕██████████████████▏ 394 MB                         [K
pulling 41c2cf8c272f: 100% ▕██████████████████▏ 7.3 KB                         [K
pulling 1da0581fd4ce: 100% ▕██████████████████▏  130 B                         [K
pulling f02dd72bb242: 100% ▕██████████████████▏   59 B                         [K
pulling ea0a531a015b: 100% ▕██████████████████▏  485 B                         [K
verifying sha256 digest ⠸ [K[?25h[?2026l[?2026h[?25l[A[A[A[A[A[A[1Gpulling manifest [K
pulling fad2a06e4cc7: 100% ▕██████████████████▏ 394 MB                         [K
pulling 41c2cf8c272f: 100% ▕██████████████████▏ 7.3 KB                         [K
pulling 1da0581fd4ce: 100% ▕██████████████████▏  130 B                         [K
pulling f02dd72bb242: 100% ▕██████████████████▏   59 B                         [K
pulling ea0a531a015b: 100% ▕██████████████████▏  485 B                         [K
verifying sha256 digest ⠼ [K[?25h[?2026l[?2026h[?25l[A[A[A[A[A[A[1Gpulling manifest [K
pulling fad2a06e4cc7: 100% ▕██████████████████▏ 394 MB                         [K
pulling 41c2cf8c272f: 100% ▕██████████████████▏ 7.3 KB                         [K
pulling 1da0581fd4ce: 100% ▕██████████████████▏  130 B                         [K
pulling f02dd72bb242: 100% ▕██████████████████▏   59 B                         [K
pulling ea0a531a015b: 100% ▕██████████████████▏  485 B                         [K
verifying sha256 digest ⠴ [K[?25h[?2026l[?2026h[?25l[A[A[A[A[A[A[1Gpulling manifest [K
pulling fad2a06e4cc7: 100% ▕██████████████████▏ 394 MB                         [K
pulling 41c2cf8c272f: 100% ▕██████████████████▏ 7.3 KB                         [K
pulling 1da0581fd4ce: 100% ▕██████████████████▏  130 B                         [K
pulling f02dd72bb242: 100% ▕██████████████████▏   59 B                         [K
pulling ea0a531a015b: 100% ▕██████████████████▏  485 B                         [K
verifying sha256 digest ⠦ [K[?25h[?2026l[?2026h[?25l[A[A[A[A[A[A[1Gpulling manifest [K
pulling fad2a06e4cc7: 100% ▕██████████████████▏ 394 MB                         [K
pulling 41c2cf8c272f: 100% ▕██████████████████▏ 7.3 KB                         [K
pulling 1da0581fd4ce: 100% ▕██████████████████▏  130 B                         [K
pulling f02dd72bb242: 100% ▕██████████████████▏   59 B                         [K
pulling ea0a531a015b: 100% ▕██████████████████▏  485 B                         [K
verifying sha256 digest [K
writing manifest [K
success [K[?25h[?2026l
[?2026h[?25l[1G⠙ [K[?25h[?2026l[?2026h[?25l[1G⠹ [K[?25h[?2026l[?2026h[?25l[1G⠸ [K[?25h[?2026l[?2026h[?25l[1G⠼ [K[?25h[?2026l[?2026h[?25l[1G⠼ [K[?25h[?2026l[?2026h[?25l[1G⠦ [K[?25h[?2026l[?2026h[?25l[1G⠧ [K[?25h[?2026l[?2026h[?25l[1G⠇ [K[?25h[?2026l[?2026h[?25l[1G⠏ [K[?25h[?2026l[?2026h[?25l[1G⠏ [K[?25h[?2026l[?2026h[?25l[1G⠙ [K[?25h[?2026l[?2026h[?25l[1G⠹ [K[?25h[?2026l[?2026h[?25l[1G⠸ [K[?25h[?2026l[?25l[?2026h[?25l[1G[K[?25h[?2026l[2K[1G[?25hHello[?25l[?25h![?25l[?25h How[?25l[?25h can[?25l[?25h I[?25l[?25h assist[?25l[?25h you[?25l[?25h today[?25l[?25h?[?25l[?25h

[?25l[?25h[?2026h[?25l[1G⠙ [K[?25h[?2026l[?25l[?2026h[?25l[1G[K[?25h[?2026l[2K[1G[?25hHello[?25l[?25h![?25l[?25h How[?25l[?25h can[?25l[?25h I[?25l[?25h assist[?25l[?25h you[?25l[?25h today[?25l[?25h?[?25l[?25h

[?25l[?25h[?2026h[?25l[1G⠋ [K[?25h[?2026l[?25l[?2026h[?25l[1G[K[?25h[?2026l[2K[1G[?25hHello[?25l[?25h![?25l[?25h How[?25l[?25h can[?25l[?25h I[?25l[?25h assist[?25l[?25h you[?25l[?25h today[?25l[?25h?[?25l[?25h

[?25l[?25h[?2026h[?25l[1G⠙ [K[?25h[?2026l[?25l[?2026h[?25l[1G[K[?25h[?2026l[2K[1G[?25hHello[?25l[?25h![?25l[?25h How[?25l[?25h can[?25l[?25h I[?25l[?25h help[?25l[?25h you[?25l[?25h today[?25l[?25h?[?25l[?25h

[?25l[?25h[?25l[?2026h[?25l[1G[K[?25h[?2026l[2K[1G[?25hHello[?25l[?25h![?25l[?25h How[?25l[?25h can[?25l[?25h I[?25l[?25h help[?25l[?25h you[?25l[?25h today[?25l[?25h?[?25l[?25h

[?25l[?25h[?25l[?2026h[?25l[1G[K[?25h[?2026l[2K[1G[?25hHello[?25l[?25h![?25l[?25h How[?25l[?25h may[?25l[?25h I[?25l[?25h assist[?25l[?25h you[?25l[?25h today[?25l[?25h?[?25l[?25h

[?25l[?25h